ARM Linker, 5.03 [Build 76] [MDK-ARM Professional]

==============================================================================

Section Cross References

    startup_stm32f40_41xxx.o(STACK) refers (Special) to heapauxi.o(.text) for __use_two_region_memory
    startup_stm32f40_41xxx.o(HEAP) refers (Special) to heapauxi.o(.text) for __use_two_region_memory
    startup_stm32f40_41xxx.o(RESET) refers (Special) to heapauxi.o(.text) for __use_two_region_memory
    startup_stm32f40_41xxx.o(RESET) refers to startup_stm32f40_41xxx.o(STACK) for __initial_sp
    startup_stm32f40_41xxx.o(RESET) refers to startup_stm32f40_41xxx.o(.text) for Reset_Handler
    startup_stm32f40_41xxx.o(RESET) refers to stm32f4xx_it.o(.text) for NMI_Handler
    startup_stm32f40_41xxx.o(.text) refers (Special) to heapauxi.o(.text) for __use_two_region_memory
    startup_stm32f40_41xxx.o(.text) refers to system_stm32f4xx.o(.text) for SystemInit
    startup_stm32f40_41xxx.o(.text) refers to __main.o(!!!main) for __main
    startup_stm32f40_41xxx.o(.text) refers to startup_stm32f40_41xxx.o(HEAP) for Heap_Mem
    startup_stm32f40_41xxx.o(.text) refers to startup_stm32f40_41xxx.o(STACK) for Stack_Mem
    stm32f4xx_it.o(.text) refers to imu_gps.o(.text) for IMU_GPS_Pre_Process
    stm32f4xx_it.o(.text) refers to stm32f4xx_usart.o(.text) for USART_GetITStatus
    stm32f4xx_it.o(.text) refers to pid.o(.text) for PID_Set_Param
    stm32f4xx_it.o(.text) refers to stm32f4xx_it.o(.data) for tick_count
    stm32f4xx_it.o(.text) refers to control.o(.bss) for PID_Roll
    system_stm32f4xx.o(.text) refers to system_stm32f4xx.o(.data) for SystemCoreClock
    main.o(.text) refers to pwm.o(.text) for TIM_PWM_Config
    main.o(.text) refers to imu_gps.o(.text) for IMU_GPS_Init
    main.o(.text) refers to control.o(.text) for Control_Params_Init
    main.o(.text) refers to gpio.o(.text) for GPIO_Config
    main.o(.text) refers to fsmc.o(.text) for FSMC_Init
    main.o(.text) refers to rf.o(.text) for RF_config
    stm32f4xx_rcc.o(.text) refers to stm32f4xx_rcc.o(.data) for APBAHBPrescTable
    stm32f4xx_gpio.o(.text) refers to stm32f4xx_rcc.o(.text) for RCC_AHB1PeriphResetCmd
    stm32f4xx_usart.o(.text) refers to stm32f4xx_rcc.o(.text) for RCC_APB2PeriphResetCmd
    stm32f4xx_tim.o(.text) refers to stm32f4xx_rcc.o(.text) for RCC_APB2PeriphResetCmd
    imu_gps.o(.text) refers to stm32f4xx_rcc.o(.text) for RCC_AHB1PeriphClockCmd
    imu_gps.o(.text) refers to stm32f4xx_gpio.o(.text) for GPIO_PinAFConfig
    imu_gps.o(.text) refers to stm32f4xx_usart.o(.text) for USART_Init
    imu_gps.o(.text) refers to stm32f4xx_dma.o(.text) for DMA_Init
    imu_gps.o(.text) refers to strncpy.o(.text) for strncpy
    imu_gps.o(.text) refers to atof.o(i.__hardfp_atof) for __hardfp_atof
    imu_gps.o(.text) refers to ddiv.o(x$fpl$ddiv) for __aeabi_ddiv
    imu_gps.o(.text) refers to daddsub_clz.o(x$fpl$dadd) for __aeabi_dadd
    imu_gps.o(.text) refers to dfixu.o(x$fpl$dfixu) for __aeabi_d2uiz
    imu_gps.o(.text) refers to imu_gps.o(.bss) for cRx_Buff
    imu_gps.o(.text) refers to dmul.o(x$fpl$dmul) for __aeabi_dmul
    imu_gps.o(.text) refers to dflt_clz.o(x$fpl$dfltu) for __aeabi_ui2d
    imu_gps.o(.text) refers to pow.o(i.__hardfp_pow) for __hardfp_pow
    imu_gps.o(.text) refers to dflt_clz.o(x$fpl$dflt) for __aeabi_i2d
    imu_gps.o(.text) refers to f2d.o(x$fpl$f2d) for __aeabi_f2d
    imu_gps.o(.text) refers to d2f.o(x$fpl$d2f) for __aeabi_d2f
    imu_gps.o(.text) refers to system_stm32f4xx.o(.data) for SystemCoreClock
    imu_gps.o(.text) refers to daddsub_clz.o(x$fpl$dsub) for __aeabi_dsub
    imu_gps.o(.text) refers to imu_gps.o(.data) for Reading_State
    pwm.o(.text) refers to stm32f4xx_rcc.o(.text) for RCC_APB1PeriphClockCmd
    pwm.o(.text) refers to misc.o(.text) for NVIC_Init
    pwm.o(.text) refers to stm32f4xx_gpio.o(.text) for GPIO_Init
    pwm.o(.text) refers to stm32f4xx_tim.o(.text) for TIM_TimeBaseInit
    pwm.o(.text) refers to system_stm32f4xx.o(.data) for SystemCoreClock
    pid.o(.text) refers to daddsub_clz.o(x$fpl$dsub) for __aeabi_dsub
    pid.o(.text) refers to dmul.o(x$fpl$dmul) for __aeabi_dmul
    pid.o(.text) refers to daddsub_clz.o(x$fpl$drsb) for __aeabi_drsub
    pid.o(.text) refers to dleqf.o(x$fpl$dleqf) for __aeabi_cdcmple
    pid.o(.text) refers to drleqf.o(x$fpl$drleqf) for __aeabi_cdrcmple
    pid.o(.text) refers to ddiv.o(x$fpl$ddiv) for __aeabi_ddiv
    pid.o(.text) refers to daddsub_clz.o(x$fpl$dadd) for __aeabi_dadd
    pid.o(.text) refers to basic.o(x$fpl$basic) for __aeabi_dneg
    pid.o(.text) refers to dfixu.o(x$fpl$dfixu) for __aeabi_d2uiz
    pid.o(.text) refers to deqf.o(x$fpl$deqf) for __aeabi_cdcmpeq
    pid.o(.text) refers to f2d.o(x$fpl$f2d) for __aeabi_f2d
    control.o(.text) refers to imu_gps.o(.text) for IMU_GPS_IsCoordinateAvailable
    control.o(.text) refers to f2d.o(x$fpl$f2d) for __aeabi_f2d
[...]
    __rt_entry_presh_1                       0x08000265   Thumb Code     0  rtentry2.o(.ARM.Collect$$rtentry$$00000002)
    __rt_entry_sh                            0x08000265   Thumb Code     0  rtentry4.o(.ARM.Collect$$rtentry$$00000004)
    __rt_entry_li                            0x0800026b   Thumb Code     0  rtentry2.o(.ARM.Collect$$rtentry$$0000000A)
    __rt_entry_postsh_1                      0x0800026b   Thumb Code     0  rtentry2.o(.ARM.Collect$$rtentry$$00000009)
    __rt_entry_main                          0x0800026f   Thumb Code     0  rtentry2.o(.ARM.Collect$$rtentry$$0000000D)
    __rt_entry_postli_1                      0x0800026f   Thumb Code     0  rtentry2.o(.ARM.Collect$$rtentry$$0000000C)
    __rt_exit                                0x08000277   Thumb Code     0  rtexit.o(.ARM.Collect$$rtexit$$00000000)
    __rt_exit_ls                             0x08000279   Thumb Code     0  rtexit2.o(.ARM.Collect$$rtexit$$00000003)
    __rt_exit_prels_1                        0x08000279   Thumb Code     0  rtexit2.o(.ARM.Collect$$rtexit$$00000002)
    __rt_exit_exit                           0x0800027d   Thumb Code     0  rtexit2.o(.ARM.Collect$$rtexit$$00000004)
    Reset_Handler                            0x08000285   Thumb Code     8  startup_stm32f40_41xxx.o(.text)
    ADC_IRQHandler                           0x0800029f   Thumb Code     0  startup_stm32f40_41xxx.o(.text)
    CAN1_RX0_IRQHandler                      0x0800029f   Thumb Code     0  startup_stm32f40_41xxx.o(.text)
    CAN1_RX1_IRQHandler                      0x0800029f   Thumb Code     0  startup_stm32f40_41xxx.o(.text)
    CAN1_SCE_IRQHandler                      0x0800029f   Thumb Code     0  startup_stm32f40_41xxx.o(.text)
    CAN1_TX_IRQHandler                       0x0800029f   Thumb Code     0  startup_stm32f40_41xxx.o(.text)
    CAN2_RX0_IRQHandler                      0x0800029f   Thumb Code     0  startup_stm32f40_41xxx.o(.text)
    CAN2_RX1_IRQHandler                      0x0800029f   Thumb Code     0  startup_stm32f40_41xxx.o(.text)
    CAN2_SCE_IRQHandler                      0x0800029f   Thumb Code     0  startup_stm32f40_41xxx.o(.text)
    CAN2_TX_IRQHandler                       0x0800029f   Thumb Code     0  startup_stm32f40_41xxx.o(.text)
    CRYP_IRQHandler                          0x0800029f   Thumb Code     0  startup_stm32f40_41xxx.o(.text)
    DCMI_IRQHandler                          0x0800029f   Thumb Code     0  startup_stm32f40_41xxx.o(.text)
    DMA1_Stream0_IRQHandler                  0x0800029f   Thumb Code     0  startup_stm32f40_41xxx.o(.text)
    DMA1_Stream1_IRQHandler                  0x0800029f   Thumb Code     0  startup_stm32f40_41xxx.o(.text)
    DMA1_Stream2_IRQHandler                  0x0800029f   Thumb Code     0  startup_stm32f40_41xxx.o(.text)
    DMA1_Stream3_IRQHandler                  0x0800029f   Thumb Code     0  startup_stm32f40_41xxx.o(.text)
    DMA1_Stream4_IRQHandler                  0x0800029f   Thumb Code     0  startup_stm32f40_41xxx.o(.text)
    DMA1_Stream5_IRQHandler                  0x0800029f   Thumb Code     0  startup_stm32f40_41xxx.o(.text)
    DMA1_Stream6_IRQHandler                  0x0800029f   Thumb Code     0  startup_stm32f40_41xxx.o(.text)
    DMA1_Stream7_IRQHandler                  0x0800029f   Thumb Code     0  startup_stm32f40_41xxx.o(.text)
    DMA2_Stream0_IRQHandler                  0x0800029f   Thumb Code     0  startup_stm32f40_41xxx.o(.text)
    DMA2_Stream1_IRQHandler                  0x0800029f   Thumb Code     0  startup_stm32f40_41xxx.o(.text)
    DMA2_Stream2_IRQHandler                  0x0800029f   Thumb Code     0  startup_stm32f40_41xxx.o(.text)
    DMA2_Stream3_IRQHandler                  0x0800029f   Thumb Code     0  startup_stm32f40_41xxx.o(.text)
    DMA2_Stream4_IRQHandler                  0x0800029f   Thumb Code     0  startup_stm32f40_41xxx.o(.text)
    DMA2_Stream5_IRQHandler                  0x0800029f   Thumb Code     0  startup_stm32f40_41xxx.o(.text)
    DMA2_Stream6_IRQHandler                  0x0800029f   Thumb Code     0  startup_stm32f40_41xxx.o(.text)
    DMA2_Stream7_IRQHandler                  0x0800029f   Thumb Code     0  startup_stm32f40_41xxx.o(.text)
    ETH_IRQHandler                           0x0800029f   Thumb Code     0  startup_stm32f40_41xxx.o(.text)
    ETH_WKUP_IRQHandler                      0x0800029f   Thumb Code     0  startup_stm32f40_41xxx.o(.text)
    EXTI0_IRQHandler                         0x0800029f   Thumb Code     0  startup_stm32f40_41xxx.o(.text)
    EXTI15_10_IRQHandler                     0x0800029f   Thumb Code     0  startup_stm32f40_41xxx.o(.text)
    EXTI1_IRQHandler                         0x0800029f   Thumb Code     0  startup_stm32f40_41xxx.o(.text)
    EXTI2_IRQHandler                         0x0800029f   Thumb Code     0  startup_stm32f40_41xxx.o(.text)
    EXTI3_IRQHandler                         0x0800029f   Thumb Code     0  startup_stm32f40_41xxx.o(.text)
    EXTI4_IRQHandler                         0x0800029f   Thumb Code     0  startup_stm32f40_41xxx.o(.text)
    EXTI9_5_IRQHandler                       0x0800029f   Thumb Code     0  startup_stm32f40_41xxx.o(.text)
    FLASH_IRQHandler                         0x0800029f   Thumb Code     0  startup_stm32f40_41xxx.o(.text)
    FPU_IRQHandler                           0x0800029f   Thumb Code     0  startup_stm32f40_41xxx.o(.text)
    FSMC_IRQHandler                          0x0800029f   Thumb Code     0  startup_stm32f40_41xxx.o(.text)
    HASH_RNG_IRQHandler                      0x0800029f   Thumb Code     0  startup_stm32f40_41xxx.o(.text)
    I2C1_ER_IRQHandler                       0x0800029f   Thumb Code     0  startup_stm32f40_41xxx.o(.text)
    I2C1_EV_IRQHandler                       0x0800029f   Thumb Code     0  startup_stm32f40_41xxx.o(.text)
    I2C2_ER_IRQHandler                       0x0800029f   Thumb Code     0  startup_stm32f40_41xxx.o(.text)
    I2C2_EV_IRQHandler                       0x0800029f   Thumb Code     0  startup_stm32f40_41xxx.o(.text)
    I2C3_ER_IRQHandler                       0x0800029f   Thumb Code     0  startup_stm32f40_41xxx.o(.text)
    I2C3_EV_IRQHandler                       0x0800029f   Thumb Code     0  startup_stm32f40_41xxx.o(.text)
    OTG_FS_IRQHandler                        0x0800029f   Thumb Code     0  startup_stm32f40_41xxx.o(.text)
    OTG_FS_WKUP_IRQHandler                   0x0800029f   Thumb Code     0  startup_stm32f40_41xxx.o(.text)
    OTG_HS_EP1_IN_IRQHandler                 0x0800029f   Thumb Code     0  startup_stm32f40_41xxx.o(.text)
    OTG_HS_EP1_OUT_IRQHandler                0x0800029f   Thumb Code     0  startup_stm32f40_41xxx.o(.text)
    OTG_HS_IRQHandler                        0x0800029f   Thumb Code     0  startup_stm32f40_41xxx.o(.text)
    OTG_HS_WKUP_IRQHandler                   0x0800029f   Thumb Code     0  startup_stm32f40_41xxx.o(.text)
    PVD_IRQHandler                           0x0800029f   Thumb Code     0  startup_stm32f40_41xxx.o(.text)
    RCC_IRQHandler                           0x0800029f   Thumb Code     0  startup_stm32f40_41xxx.o(.text)
    RTC_Alarm_IRQHandler                     0x0800029f   Thumb Code     0  startup_stm32f40_41xxx.o(.text)
    RTC_WKUP_IRQHandler                      0x0800029f   Thumb Code     0  startup_stm32f40_41xxx.o(.text)
    SDIO_IRQHandler                          0x0800029f   Thumb Code     0  startup_stm32f40_41xxx.o(.text)
    SPI1_IRQHandler                          0x0800029f   Thumb Code     0  startup_stm32f40_41xxx.o(.text)
    SPI2_IRQHandler                          0x0800029f   Thumb Code     0  startup_stm32f40_41xxx.o(.text)
    SPI3_IRQHandler                          0x0800029f   Thumb Code     0  startup_stm32f40_41xxx.o(.text)
    TAMP_STAMP_IRQHandler                    0x0800029f   Thumb Code     0  startup_stm32f40_41xxx.o(.text)
    TIM1_BRK_TIM9_IRQHandler                 0x0800029f   Thumb Code     0  startup_stm32f40_41xxx.o(.text)
    TIM1_CC_IRQHandler                       0x0800029f   Thumb Code     0  startup_stm32f40_41xxx.o(.text)
    TIM1_TRG_COM_TIM11_IRQHandler            0x0800029f   Thumb Code     0  startup_stm32f40_41xxx.o(.text)
    TIM1_UP_TIM10_IRQHandler                 0x0800029f   Thumb Code     0  startup_stm32f40_41xxx.o(.text)
    TIM2_IRQHandler                          0x0800029f   Thumb Code     0  startup_stm32f40_41xxx.o(.text)
    TIM3_IRQHandler                          0x0800029f   Thumb Code     0  startup_stm32f40_41xxx.o(.text)
    TIM4_IRQHandler                          0x0800029f   Thumb Code     0  startup_stm32f40_41xxx.o(.text)
    TIM5_IRQHandler                          0x0800029f   Thumb Code     0  startup_stm32f40_41xxx.o(.text)
    TIM6_DAC_IRQHandler                      0x0800029f   Thumb Code     0  startup_stm32f40_41xxx.o(.text)
    TIM7_IRQHandler                          0x0800029f   Thumb Code     0  startup_stm32f40_41xxx.o(.text)
    TIM8_BRK_TIM12_IRQHandler                0x0800029f   Thumb Code     0  startup_stm32f40_41xxx.o(.text)
    TIM8_CC_IRQHandler                       0x0800029f   Thumb Code     0  startup_stm32f40_41xxx.o(.text)
    TIM8_TRG_COM_TIM14_IRQHandler            0x0800029f   Thumb Code     0  startup_stm32f40_41xxx.o(.text)
    TIM8_UP_TIM13_IRQHandler                 0x0800029f   Thumb Code     0  startup_stm32f40_41xxx.o(.text)
    UART5_IRQHandler                         0x0800029f   Thumb Code     0  startup_stm32f40_41xxx.o(.text)
    USART1_IRQHandler                        0x0800029f   Thumb Code     0  startup_stm32f40_41xxx.o(.text)
    USART2_IRQHandler                        0x0800029f   Thumb Code     0  startup_stm32f40_41xxx.o(.text)
    USART3_IRQHandler                        0x0800029f   Thumb Code     0  startup_stm32f40_41xxx.o(.text)
    USART6_IRQHandler                        0x0800029f   Thumb Code     0  startup_stm32f40_41xxx.o(.text)
    WWDG_IRQHandler                          0x0800029f   Thumb Code     0  startup_stm32f40_41xxx.o(.text)
    __user_initial_stackheap                 0x080002a1   Thumb Code     0  startup_stm32f40_41xxx.o(.text)
    NMI_Handler                              0x080002c5   Thumb Code     2  stm32f4xx_it.o(.text)
    HardFault_Handler                        0x080002c7   Thumb Code     4  stm32f4xx_it.o(.text)
    MemManage_Handler                        0x080002cb   Thumb Code     4  stm32f4xx_it.o(.text)
    BusFault_Handler                         0x080002cf   Thumb Code     4  stm32f4xx_it.o(.text)
    UsageFault_Handler                       0x080002d3   Thumb Code     4  stm32f4xx_it.o(.text)
    DebugMon_Handler                         0x080002d7   Thumb Code     2  stm32f4xx_it.o(.text)
    SVC_Handler                              0x080002d9   Thumb Code     2  stm32f4xx_it.o(.text)
    PendSV_Handler                           0x080002db   Thumb Code     2  stm32f4xx_it.o(.text)
    SysTick_Handler                          0x080002dd   Thumb Code    18  stm32f4xx_it.o(.text)
    SysTick_GetTick                          0x080002ef   Thumb Code     6  stm32f4xx_it.o(.text)
    SysTick_IsTimeout                        0x080002f5   Thumb Code    20  stm32f4xx_it.o(.text)
    UART4_IRQHandler                         0x08000309   Thumb Code   212  stm32f4xx_it.o(.text)
    SystemInit                               0x080004e7   Thumb Code    88  system_stm32f4xx.o(.text)
    SystemCoreClockUpdate                    0x0800053f   Thumb Code   174  system_stm32f4xx.o(.text)
    main                                     0x08000619   Thumb Code    38  main.o(.text)
    NVIC_PriorityGroupConfig                 0x08000641   Thumb Code    10  misc.o(.text)
    NVIC_Init                                0x0800064b   Thumb Code   108  misc.o(.text)
    NVIC_SetVectorTable                      0x080006b7   Thumb Code    14  misc.o(.text)
    NVIC_SystemLPConfig                      0x080006c5   Thumb Code    34  misc.o(.text)
    SysTick_CLKSourceConfig                  0x080006e7   Thumb Code    40  misc.o(.text)
    RCC_DeInit                               0x08000725   Thumb Code    82  stm32f4xx_rcc.o(.text)
    RCC_HSEConfig                            0x08000777   Thumb Code    14  stm32f4xx_rcc.o(.text)
    RCC_GetFlagStatus                        0x08000785   Thumb Code    60  stm32f4xx_rcc.o(.text)
    RCC_WaitForHSEStartUp                    0x080007c1   Thumb Code    56  stm32f4xx_rcc.o(.text)
    RCC_AdjustHSICalibrationValue            0x080007f9   Thumb Code    20  stm32f4xx_rcc.o(.text)
    RCC_HSICmd                               0x0800080d   Thumb Code     6  stm32f4xx_rcc.o(.text)
    RCC_LSEConfig                            0x08000813   Thumb Code    46  stm32f4xx_rcc.o(.text)
    RCC_LSICmd                               0x08000841   Thumb Code     6  stm32f4xx_rcc.o(.text)
    RCC_PLLConfig                            0x08000847   Thumb Code    32  stm32f4xx_rcc.o(.text)
    RCC_PLLCmd                               0x08000867   Thumb Code     6  stm32f4xx_rcc.o(.text)
    RCC_PLLI2SConfig                         0x0800086d   Thumb Code    14  stm32f4xx_rcc.o(.text)
    RCC_PLLI2SCmd                            0x0800087b   Thumb Code     6  stm32f4xx_rcc.o(.text)
    RCC_PLLSAIConfig                         0x08000881   Thumb Code    20  stm32f4xx_rcc.o(.text)
    RCC_PLLSAICmd                            0x08000895   Thumb Code     6  stm32f4xx_rcc.o(.text)
    RCC_ClockSecuritySystemCmd               0x0800089b   Thumb Code     6  stm32f4xx_rcc.o(.text)
    RCC_MCO1Config                           0x080008a1   Thumb Code    28  stm32f4xx_rcc.o(.text)
    RCC_MCO2Config                           0x080008bd   Thumb Code    28  stm32f4xx_rcc.o(.text)
    RCC_SYSCLKConfig                         0x080008d9   Thumb Code    20  stm32f4xx_rcc.o(.text)
    RCC_GetSYSCLKSource                      0x080008ed   Thumb Code    12  stm32f4xx_rcc.o(.text)
    RCC_HCLKConfig                           0x080008f9   Thumb Code    20  stm32f4xx_rcc.o(.text)
    RCC_PCLK1Config                          0x0800090d   Thumb Code    20  stm32f4xx_rcc.o(.text)
    RCC_PCLK2Config                          0x08000921   Thumb Code    22  stm32f4xx_rcc.o(.text)
    RCC_GetClocksFreq                        0x08000937   Thumb Code   222  stm32f4xx_rcc.o(.text)
    RCC_RTCCLKConfig                         0x08000a15   Thumb Code    54  stm32f4xx_rcc.o(.text)
    RCC_RTCCLKCmd                            0x08000a4b   Thumb Code     8  stm32f4xx_rcc.o(.text)
    RCC_BackupResetCmd                       0x08000a53   Thumb Code     8  stm32f4xx_rcc.o(.text)
    RCC_I2SCLKConfig                         0x08000a5b   Thumb Code     6  stm32f4xx_rcc.o(.text)
    RCC_SAIPLLI2SClkDivConfig                0x08000a61   Thumb Code    26  stm32f4xx_rcc.o(.text)
    RCC_SAIPLLSAIClkDivConfig                0x08000a7b   Thumb Code    28  stm32f4xx_rcc.o(.text)
    RCC_SAIBlockACLKConfig                   0x08000a97   Thumb Code    20  stm32f4xx_rcc.o(.text)
    RCC_SAIBlockBCLKConfig                   0x08000aab   Thumb Code    20  stm32f4xx_rcc.o(.text)
    RCC_LTDCCLKDivConfig                     0x08000abf   Thumb Code    20  stm32f4xx_rcc.o(.text)
    RCC_TIMCLKPresConfig                     0x08000ad3   Thumb Code     6  stm32f4xx_rcc.o(.text)
    RCC_AHB1PeriphClockCmd                   0x08000ad9   Thumb Code    34  stm32f4xx_rcc.o(.text)
    RCC_AHB2PeriphClockCmd                   0x08000afb   Thumb Code    78  stm32f4xx_rcc.o(.text)
    RCC_AHB3PeriphClockCmd                   0x08000b49   Thumb Code    34  stm32f4xx_rcc.o(.text)
    RCC_APB1PeriphClockCmd                   0x08000b6b   Thumb Code    34  stm32f4xx_rcc.o(.text)
    RCC_APB2PeriphClockCmd                   0x08000b8d   Thumb Code    34  stm32f4xx_rcc.o(.text)
    RCC_AHB1PeriphResetCmd                   0x08000baf   Thumb Code    34  stm32f4xx_rcc.o(.text)
    RCC_AHB2PeriphResetCmd                   0x08000bd1   Thumb Code    34  stm32f4xx_rcc.o(.text)
    RCC_AHB3PeriphResetCmd                   0x08000bf3   Thumb Code    34  stm32f4xx_rcc.o(.text)
    RCC_APB1PeriphResetCmd                   0x08000c15   Thumb Code    34  stm32f4xx_rcc.o(.text)
    RCC_APB2PeriphResetCmd                   0x08000c37   Thumb Code    34  stm32f4xx_rcc.o(.text)
    RCC_AHB1PeriphClockLPModeCmd             0x08000c59   Thumb Code    34  stm32f4xx_rcc.o(.text)
    RCC_AHB2PeriphClockLPModeCmd             0x08000c7b   Thumb Code    34  stm32f4xx_rcc.o(.text)
    RCC_AHB3PeriphClockLPModeCmd             0x08000c9d   Thumb Code    34  stm32f4xx_rcc.o(.text)
    RCC_APB1PeriphClockLPModeCmd             0x08000cbf   Thumb Code    34  stm32f4xx_rcc.o(.text)
    RCC_APB2PeriphClockLPModeCmd             0x08000ce1   Thumb Code    34  stm32f4xx_rcc.o(.text)
    RCC_ITConfig                             0x08000d03   Thumb Code    34  stm32f4xx_rcc.o(.text)
    RCC_ClearFlag                            0x08000d25   Thumb Code    18  stm32f4xx_rcc.o(.text)
    RCC_GetITStatus                          0x08000d37   Thumb Code    22  stm32f4xx_rcc.o(.text)
    RCC_ClearITPendingBit                    0x08000d4d   Thumb Code     8  stm32f4xx_rcc.o(.text)
    GPIO_DeInit                              0x08000d59   Thumb Code   268  stm32f4xx_gpio.o(.text)
    GPIO_Init                                0x08000e65   Thumb Code   144  stm32f4xx_gpio.o(.text)
    GPIO_StructInit                          0x08000ef5   Thumb Code    18  stm32f4xx_gpio.o(.text)
    GPIO_PinLockConfig                       0x08000f07   Thumb Code    34  stm32f4xx_gpio.o(.text)
    GPIO_ReadInputDataBit                    0x08000f29   Thumb Code    18  stm32f4xx_gpio.o(.text)
    GPIO_ReadInputData                       0x08000f3b   Thumb Code     8  stm32f4xx_gpio.o(.text)
    GPIO_ReadOutputDataBit                   0x08000f43   Thumb Code    18  stm32f4xx_gpio.o(.text)
    GPIO_ReadOutputData                      0x08000f55   Thumb Code     8  stm32f4xx_gpio.o(.text)
    GPIO_SetBits                             0x08000f5d   Thumb Code     4  stm32f4xx_gpio.o(.text)
    GPIO_ResetBits                           0x08000f61   Thumb Code     4  stm32f4xx_gpio.o(.text)
    GPIO_WriteBit                            0x08000f65   Thumb Code    10  stm32f4xx_gpio.o(.text)
    GPIO_Write                               0x08000f6f   Thumb Code     4  stm32f4xx_gpio.o(.text)
    GPIO_ToggleBits                          0x08000f73   Thumb Code     8  stm32f4xx_gpio.o(.text)
    GPIO_PinAFConfig                         0x08000f7b   Thumb Code    70  stm32f4xx_gpio.o(.text)
    USART_DeInit                             0x08000fed   Thumb Code   206  stm32f4xx_usart.o(.text)
    USART_Init                               0x080010bb   Thumb Code   204  stm32f4xx_usart.o(.text)
    USART_StructInit                         0x08001187   Thumb Code    24  stm32f4xx_usart.o(.text)
    USART_ClockInit                          0x0800119f   Thumb Code    32  stm32f4xx_usart.o(.text)
    USART_ClockStructInit                    0x080011bf   Thumb Code    12  stm32f4xx_usart.o(.text)
    USART_Cmd                                0x080011cb   Thumb Code    24  stm32f4xx_usart.o(.text)
    USART_SetPrescaler                       0x080011e3   Thumb Code    16  stm32f4xx_usart.o(.text)
    USART_OverSampling8Cmd                   0x080011f3   Thumb Code    22  stm32f4xx_usart.o(.text)
    USART_OneBitMethodCmd                    0x08001209   Thumb Code    24  stm32f4xx_usart.o(.text)
    USART_SendData                           0x08001221   Thumb Code     8  stm32f4xx_usart.o(.text)
    USART_ReceiveData                        0x08001229   Thumb Code    10  stm32f4xx_usart.o(.text)
    USART_SetAddress                         0x08001233   Thumb Code    18  stm32f4xx_usart.o(.text)
    USART_ReceiverWakeUpCmd                  0x08001245   Thumb Code    24  stm32f4xx_usart.o(.text)
    USART_WakeUpConfig                       0x0800125d   Thumb Code    18  stm32f4xx_usart.o(.text)
    USART_LINBreakDetectLengthConfig         0x0800126f   Thumb Code    18  stm32f4xx_usart.o(.text)
    USART_LINCmd                             0x08001281   Thumb Code    24  stm32f4xx_usart.o(.text)
    USART_SendBreak                          0x08001299   Thumb Code    10  stm32f4xx_usart.o(.text)
    USART_HalfDuplexCmd                      0x080012a3   Thumb Code    24  stm32f4xx_usart.o(.text)
    USART_SetGuardTime                       0x080012bb   Thumb Code    16  stm32f4xx_usart.o(.text)
    USART_SmartCardCmd                       0x080012cb   Thumb Code    24  stm32f4xx_usart.o(.text)
    USART_SmartCardNACKCmd                   0x080012e3   Thumb Code    24  stm32f4xx_usart.o(.text)
    USART_IrDAConfig                         0x080012fb   Thumb Code    18  stm32f4xx_usart.o(.text)
    USART_IrDACmd                            0x0800130d   Thumb Code    24  stm32f4xx_usart.o(.text)
    USART_DMACmd                             0x08001325   Thumb Code    18  stm32f4xx_usart.o(.text)
    USART_ITConfig                           0x08001337   Thumb Code    74  stm32f4xx_usart.o(.text)
    USART_GetFlagStatus                      0x08001381   Thumb Code    26  stm32f4xx_usart.o(.text)
    USART_ClearFlag                          0x0800139b   Thumb Code    18  stm32f4xx_usart.o(.text)
    USART_GetITStatus                        0x080013ad   Thumb Code   118  stm32f4xx_usart.o(.text)
    USART_ClearITPendingBit                  0x08001423   Thumb Code    30  stm32f4xx_usart.o(.text)
    DMA_DeInit                               0x08001441   Thumb Code   324  stm32f4xx_dma.o(.text)
    DMA_Init                                 0x08001585   Thumb Code    82  stm32f4xx_dma.o(.text)
    DMA_StructInit                           0x080015d7   Thumb Code    34  stm32f4xx_dma.o(.text)
    DMA_Cmd                                  0x080015f9   Thumb Code    22  stm32f4xx_dma.o(.text)
    DMA_PeriphIncOffsetSizeConfig            0x0800160f   Thumb Code    22  stm32f4xx_dma.o(.text)
    DMA_FlowControllerConfig                 0x08001625   Thumb Code    22  stm32f4xx_dma.o(.text)
    DMA_SetCurrDataCounter                   0x0800163b   Thumb Code     4  stm32f4xx_dma.o(.text)
    DMA_GetCurrDataCounter                   0x0800163f   Thumb Code     8  stm32f4xx_dma.o(.text)
    DMA_DoubleBufferModeConfig               0x08001647   Thumb Code    24  stm32f4xx_dma.o(.text)
    DMA_DoubleBufferModeCmd                  0x0800165f   Thumb Code    22  stm32f4xx_dma.o(.text)
    DMA_MemoryTargetConfig                   0x08001675   Thumb Code    10  stm32f4xx_dma.o(.text)
    DMA_GetCurrentMemoryTarget               0x0800167f   Thumb Code    20  stm32f4xx_dma.o(.text)
    DMA_GetCmdStatus                         0x08001693   Thumb Code    20  stm32f4xx_dma.o(.text)
    DMA_GetFIFOStatus                        0x080016a7   Thumb Code    12  stm32f4xx_dma.o(.text)
    DMA_GetFlagStatus                        0x080016b3   Thumb Code    54  stm32f4xx_dma.o(.text)
    DMA_ClearFlag                            0x080016e9   Thumb Code    40  stm32f4xx_dma.o(.text)
    DMA_ITConfig                             0x08001711   Thumb Code    58  stm32f4xx_dma.o(.text)
    DMA_GetITStatus                          0x0800174b   Thumb Code    82  stm32f4xx_dma.o(.text)
    DMA_ClearITPendingBit                    0x0800179d   Thumb Code    40  stm32f4xx_dma.o(.text)
    TIM_DeInit                               0x080017e5   Thumb Code   346  stm32f4xx_tim.o(.text)
    TIM_TimeBaseInit                         0x0800193f   Thumb Code   104  stm32f4xx_tim.o(.text)
    TIM_TimeBaseStructInit                   0x080019a7   Thumb Code    18  stm32f4xx_tim.o(.text)
    TIM_PrescalerConfig                      0x080019b9   Thumb Code     6  stm32f4xx_tim.o(.text)
    TIM_CounterModeConfig                    0x080019bf   Thumb Code    18  stm32f4xx_tim.o(.text)
    TIM_SetCounter                           0x080019d1   Thumb Code     4  stm32f4xx_tim.o(.text)
    TIM_SetAutoreload                        0x080019d5   Thumb Code     4  stm32f4xx_tim.o(.text)
    TIM_GetCounter                           0x080019d9   Thumb Code     6  stm32f4xx_tim.o(.text)
    TIM_GetPrescaler                         0x080019df   Thumb Code     6  stm32f4xx_tim.o(.text)
    TIM_UpdateDisableConfig                  0x080019e5   Thumb Code    24  stm32f4xx_tim.o(.text)
    TIM_UpdateRequestConfig                  0x080019fd   Thumb Code    24  stm32f4xx_tim.o(.text)
    TIM_ARRPreloadConfig                     0x08001a15   Thumb Code    24  stm32f4xx_tim.o(.text)
    TIM_SelectOnePulseMode                   0x08001a2d   Thumb Code    18  stm32f4xx_tim.o(.text)
    TIM_SetClockDivision                     0x08001a3f   Thumb Code    18  stm32f4xx_tim.o(.text)
    TIM_Cmd                                  0x08001a51   Thumb Code    24  stm32f4xx_tim.o(.text)
    TIM_OC1Init                              0x08001a69   Thumb Code   114  stm32f4xx_tim.o(.text)
    TIM_OC2Init                              0x08001adb   Thumb Code   154  stm32f4xx_tim.o(.text)
    TIM_OC3Init                              0x08001b75   Thumb Code   204  stm32f4xx_tim.o(.text)
    TIM_OC4Init                              0x08001c41   Thumb Code   112  stm32f4xx_tim.o(.text)
    TIM_OCStructInit                         0x08001cb1   Thumb Code    20  stm32f4xx_tim.o(.text)
    TIM_SelectOCxM                           0x08001cc5   Thumb Code    86  stm32f4xx_tim.o(.text)
    TIM_SetCompare1                          0x08001d1b   Thumb Code     4  stm32f4xx_tim.o(.text)
    TIM_SetCompare2                          0x08001d1f   Thumb Code     4  stm32f4xx_tim.o(.text)
    TIM_SetCompare3                          0x08001d23   Thumb Code     4  stm32f4xx_tim.o(.text)
    TIM_SetCompare4                          0x08001d27   Thumb Code     4  stm32f4xx_tim.o(.text)
    TIM_ForcedOC1Config                      0x08001d2b   Thumb Code    18  stm32f4xx_tim.o(.text)
    TIM_ForcedOC2Config                      0x08001d3d   Thumb Code    26  stm32f4xx_tim.o(.text)
    TIM_ForcedOC3Config                      0x08001d57   Thumb Code    18  stm32f4xx_tim.o(.text)
    TIM_ForcedOC4Config                      0x08001d69   Thumb Code    26  stm32f4xx_tim.o(.text)
    TIM_OC1PreloadConfig                     0x08001d83   Thumb Code    18  stm32f4xx_tim.o(.text)
    TIM_OC2PreloadConfig                     0x08001d95   Thumb Code    26  stm32f4xx_tim.o(.text)
    TIM_OC3PreloadConfig                     0x08001daf   Thumb Code    18  stm32f4xx_tim.o(.text)
    TIM_OC4PreloadConfig                     0x08001dc1   Thumb Code    26  stm32f4xx_tim.o(.text)
    TIM_OC1FastConfig                        0x08001ddb   Thumb Code    18  stm32f4xx_tim.o(.text)
    TIM_OC2FastConfig                        0x08001ded   Thumb Code    26  stm32f4xx_tim.o(.text)
    TIM_OC3FastConfig                        0x08001e07   Thumb Code    18  stm32f4xx_tim.o(.text)
    TIM_OC4FastConfig                        0x08001e19   Thumb Code    26  stm32f4xx_tim.o(.text)
    TIM_ClearOC1Ref                          0x08001e33   Thumb Code    18  stm32f4xx_tim.o(.text)
    TIM_ClearOC2Ref                          0x08001e45   Thumb Code    24  stm32f4xx_tim.o(.text)
    TIM_ClearOC3Ref                          0x08001e5d   Thumb Code    18  stm32f4xx_tim.o(.text)
    TIM_ClearOC4Ref                          0x08001e6f   Thumb Code    24  stm32f4xx_tim.o(.text)
    TIM_OC1PolarityConfig                    0x08001e87   Thumb Code    18  stm32f4xx_tim.o(.text)
    TIM_OC1NPolarityConfig                   0x08001e99   Thumb Code    18  stm32f4xx_tim.o(.text)
    TIM_OC2PolarityConfig                    0x08001eab   Thumb Code    26  stm32f4xx_tim.o(.text)
    TIM_OC2NPolarityConfig                   0x08001ec5   Thumb Code    26  stm32f4xx_tim.o(.text)
    TIM_OC3PolarityConfig                    0x08001edf   Thumb Code    26  stm32f4xx_tim.o(.text)
    TIM_OC3NPolarityConfig                   0x08001ef9   Thumb Code    26  stm32f4xx_tim.o(.text)
    TIM_OC4PolarityConfig                    0x08001f13   Thumb Code    26  stm32f4xx_tim.o(.text)
    TIM_CCxCmd                               0x08001f2d   Thumb Code    30  stm32f4xx_tim.o(.text)
    TIM_CCxNCmd                              0x08001f4b   Thumb Code    30  stm32f4xx_tim.o(.text)
    TIM_SetIC4Prescaler                      0x08001f69   Thumb Code    26  stm32f4xx_tim.o(.text)
    TIM_SetIC3Prescaler                      0x08001fd3   Thumb Code    18  stm32f4xx_tim.o(.text)
    TIM_SetIC2Prescaler                      0x0800202d   Thumb Code    26  stm32f4xx_tim.o(.text)
    TIM_SetIC1Prescaler                      0x080020a1   Thumb Code    18  stm32f4xx_tim.o(.text)
    TIM_ICInit                               0x080020ed   Thumb Code   110  stm32f4xx_tim.o(.text)
    TIM_ICStructInit                         0x0800215b   Thumb Code    18  stm32f4xx_tim.o(.text)
    TIM_PWMIConfig                           0x0800216d   Thumb Code   124  stm32f4xx_tim.o(.text)
    TIM_GetCapture1                          0x080021e9   Thumb Code     6  stm32f4xx_tim.o(.text)
    TIM_GetCapture2                          0x080021ef   Thumb Code     6  stm32f4xx_tim.o(.text)
    TIM_GetCapture3                          0x080021f5   Thumb Code     6  stm32f4xx_tim.o(.text)
    TIM_GetCapture4                          0x080021fb   Thumb Code     6  stm32f4xx_tim.o(.text)
    TIM_BDTRConfig                           0x08002201   Thumb Code    32  stm32f4xx_tim.o(.text)
    TIM_BDTRStructInit                       0x08002221   Thumb Code    18  stm32f4xx_tim.o(.text)
    TIM_CtrlPWMOutputs                       0x08002233   Thumb Code    30  stm32f4xx_tim.o(.text)
    TIM_SelectCOM                            0x08002251   Thumb Code    24  stm32f4xx_tim.o(.text)
    TIM_CCPreloadControl                     0x08002269   Thumb Code    24  stm32f4xx_tim.o(.text)
    TIM_ITConfig                             0x08002281   Thumb Code    18  stm32f4xx_tim.o(.text)
    TIM_GenerateEvent                        0x08002293   Thumb Code     4  stm32f4xx_tim.o(.text)
    TIM_GetFlagStatus                        0x08002297   Thumb Code    18  stm32f4xx_tim.o(.text)
    TIM_ClearFlag                            0x080022a9   Thumb Code     6  stm32f4xx_tim.o(.text)
    TIM_GetITStatus                          0x080022af   Thumb Code    34  stm32f4xx_tim.o(.text)
    TIM_ClearITPendingBit                    0x080022d1   Thumb Code     6  stm32f4xx_tim.o(.text)
    TIM_DMAConfig                            0x080022d7   Thumb Code    10  stm32f4xx_tim.o(.text)
    TIM_DMACmd                               0x080022e1   Thumb Code    18  stm32f4xx_tim.o(.text)
    TIM_SelectCCDMA                          0x080022f3   Thumb Code    24  stm32f4xx_tim.o(.text)
    TIM_InternalClockConfig                  0x0800230b   Thumb Code    12  stm32f4xx_tim.o(.text)
    TIM_SelectInputTrigger                   0x08002317   Thumb Code    18  stm32f4xx_tim.o(.text)
    TIM_ITRxExternalClockConfig              0x08002329   Thumb Code    24  stm32f4xx_tim.o(.text)
    TIM_TIxExternalClockConfig               0x08002341   Thumb Code    62  stm32f4xx_tim.o(.text)
    TIM_ETRConfig                            0x0800237f   Thumb Code    28  stm32f4xx_tim.o(.text)
    TIM_ETRClockMode1Config                  0x0800239b   Thumb Code    54  stm32f4xx_tim.o(.text)
    TIM_ETRClockMode2Config                  0x080023d1   Thumb Code    32  stm32f4xx_tim.o(.text)
    TIM_SelectOutputTrigger                  0x080023f1   Thumb Code    18  stm32f4xx_tim.o(.text)
    TIM_SelectSlaveMode                      0x08002403   Thumb Code    18  stm32f4xx_tim.o(.text)
    TIM_SelectMasterSlaveMode                0x08002415   Thumb Code    18  stm32f4xx_tim.o(.text)
    TIM_EncoderInterfaceConfig               0x08002427   Thumb Code    66  stm32f4xx_tim.o(.text)
    TIM_SelectHallSensor                     0x08002469   Thumb Code    24  stm32f4xx_tim.o(.text)
    TIM_RemapConfig                          0x08002481   Thumb Code     6  stm32f4xx_tim.o(.text)
    FSMC_NORSRAMDeInit                       0x08002489   Thumb Code    56  stm32f4xx_fsmc.o(.text)
    FSMC_NORSRAMInit                         0x080024c1   Thumb Code   224  stm32f4xx_fsmc.o(.text)
    FSMC_NORSRAMStructInit                   0x080025a1   Thumb Code   114  stm32f4xx_fsmc.o(.text)
    FSMC_NORSRAMCmd                          0x08002613   Thumb Code    46  stm32f4xx_fsmc.o(.text)
    FSMC_NANDDeInit                          0x08002641   Thumb Code    62  stm32f4xx_fsmc.o(.text)
    FSMC_NANDInit                            0x0800267f   Thumb Code   130  stm32f4xx_fsmc.o(.text)
    FSMC_NANDStructInit                      0x08002701   Thumb Code    54  stm32f4xx_fsmc.o(.text)
    FSMC_NANDCmd                             0x08002737   Thumb Code    86  stm32f4xx_fsmc.o(.text)
    FSMC_NANDECCCmd                          0x0800278d   Thumb Code    86  stm32f4xx_fsmc.o(.text)
    FSMC_GetECC                              0x080027e3   Thumb Code    22  stm32f4xx_fsmc.o(.text)
    FSMC_PCCARDDeInit                        0x080027f9   Thumb Code    40  stm32f4xx_fsmc.o(.text)
    FSMC_PCCARDInit                          0x08002821   Thumb Code   124  stm32f4xx_fsmc.o(.text)
    FSMC_PCCARDStructInit                    0x0800289d   Thumb Code    60  stm32f4xx_fsmc.o(.text)
    FSMC_PCCARDCmd                           0x080028d9   Thumb Code    40  stm32f4xx_fsmc.o(.text)
    FSMC_ITConfig                            0x08002901   Thumb Code   128  stm32f4xx_fsmc.o(.text)
    FSMC_GetFlagStatus                       0x08002981   Thumb Code    48  stm32f4xx_fsmc.o(.text)
    FSMC_ClearFlag                           0x080029b1   Thumb Code    62  stm32f4xx_fsmc.o(.text)
    FSMC_GetITStatus                         0x080029ef   Thumb Code   110  stm32f4xx_fsmc.o(.text)
    FSMC_ClearITPendingBit                   0x08002a5d   Thumb Code    64  stm32f4xx_fsmc.o(.text)
    IMU_GPS_Uart_Init                        0x08002aa5   Thumb Code   162  imu_gps.o(.text)
    IMU_GPS_DMA_Init                         0x08002b47   Thumb Code    90  imu_gps.o(.text)
    GPS_GGA_Data_Process                     0x08002ba1   Thumb Code   666  imu_gps.o(.text)
    GPS_VTG_Data_Process                     0x08002e3b   Thumb Code   410  imu_gps.o(.text)
    IMU_GPS_Timeout_Init                     0x08002fd5   Thumb Code    82  imu_gps.o(.text)
    IMU_GPS_Init                             0x08003027   Thumb Code    16  imu_gps.o(.text)
    IMU_Data_Update                          0x08003037   Thumb Code   118  imu_gps.o(.text)
    IMU_Data_Sign                            0x080030ad   Thumb Code    16  imu_gps.o(.text)
    IMU_Data_Process                         0x080030bd   Thumb Code   252  imu_gps.o(.text)
    IMU_GPS_DMA_Restart                      0x080031b9   Thumb Code    40  imu_gps.o(.text)
    IMU_GPS_Data_Process                     0x080031e1   Thumb Code    16  imu_gps.o(.text)
    IMU_GPS_GetRoll                          0x080031f1   Thumb Code     8  imu_gps.o(.text)
    IMU_GPS_GetPitch                         0x080031f9   Thumb Code    12  imu_gps.o(.text)
    IMU_GPS_GetYaw                           0x08003205   Thumb Code     8  imu_gps.o(.text)
    IMU_GPS_GetLatitude                      0x0800320d   Thumb Code    30  imu_gps.o(.text)
    IMU_GPS_GetLongtitude                    0x0800322b   Thumb Code    30  imu_gps.o(.text)
    IMU_GPS_GetAltitude                      0x08003249   Thumb Code    30  imu_gps.o(.text)
    IMU_GPS_GetPressure                      0x08003267   Thumb Code     8  imu_gps.o(.text)
    IMU_GPS_GetVx                            0x0800326f   Thumb Code     8  imu_gps.o(.text)
    IMU_GPS_GetVy                            0x08003277   Thumb Code     8  imu_gps.o(.text)
    IMU_GPS_GetVz                            0x0800327f   Thumb Code     8  imu_gps.o(.text)
    IMU_GPS_GetSpeed                         0x08003287   Thumb Code    32  imu_gps.o(.text)
    IMU_GPS_IsCoordinateAvailable            0x080032a7   Thumb Code    70  imu_gps.o(.text)
    IMU_GPS_Data_Reading                     0x080032ed   Thumb Code   382  imu_gps.o(.text)
    IMU_GPS_Pre_Process                      0x0800346b   Thumb Code   178  imu_gps.o(.text)
    IMU_GPS_Yaw2East                         0x0800351d   Thumb Code   238  imu_gps.o(.text)
    IMU_GPS_Yaw_Heading                      0x0800360b   Thumb Code     8  imu_gps.o(.text)
    IMU_GPS_Get_Lat_String                   0x08003613   Thumb Code    24  imu_gps.o(.text)
    IMU_GPS_Get_Lon_String                   0x0800362b   Thumb Code    24  imu_gps.o(.text)
    IMU_GPS_Get_Alt_String                   0x08003643   Thumb Code    24  imu_gps.o(.text)
    TIM_PWM_Config                           0x08003699   Thumb Code   228  pwm.o(.text)
    TIM_PWM_SetPulseWidth                    0x0800377d   Thumb Code   196  pwm.o(.text)
    PID_Calculate_Roll                       0x08003855   Thumb Code  1064  pid.o(.text)
    PID_Set_Param                            0x08003c7d   Thumb Code   308  pid.o(.text)
    PID_Calculate_Pitch                      0x08003db1   Thumb Code  1388  pid.o(.text)
    PID_Reset_Param                          0x0800431d   Thumb Code    42  pid.o(.text)
    PID_Calib_Stable_Angle                   0x08004347   Thumb Code     6  pid.o(.text)
    Control_Stanley_Calculation              0x0800435d   Thumb Code   182  control.o(.text)
    Control_Yaw                              0x08004413   Thumb Code     8  control.o(.text)
    Control_Pitch                            0x0800441b   Thumb Code   484  control.o(.text)
    Control_Roll                             0x080045ff   Thumb Code     2  control.o(.text)
    AC_AutoMode                              0x08004601   Thumb Code    16  control.o(.text)
    Control_Mode_Set                         0x08004611   Thumb Code     6  control.o(.text)
    Control_Main_Data_Transfer               0x08004617   Thumb Code  2928  control.o(.text)
    Control_Get_Important_Parameters         0x08005187   Thumb Code    54  control.o(.text)
    Control_PID                              0x080051bd   Thumb Code   220  control.o(.text)
    Control_Save_Important_Parameters        0x08005299   Thumb Code    54  control.o(.text)
    Control_State_Update                     0x080052cf   Thumb Code     6  control.o(.text)
    Control_Turn_Definite_Angle_Heading      0x080052d5   Thumb Code   640  control.o(.text)
    Control_LowpassFilter                    0x08005555   Thumb Code   150  control.o(.text)
    Control_State_Distribute                 0x080055eb   Thumb Code   482  control.o(.text)
    Control_State_Machine                    0x080057cd   Thumb Code  2578  control.o(.text)
    Control_Init_Standley_Algorithm          0x080061df   Thumb Code   210  control.o(.text)
    Control_Prepare_Ctvalue_Maunual2Auto     0x080062b1   Thumb Code   452  control.o(.text)
    Control_Calib_Stable_Angle               0x08006475   Thumb Code    80  control.o(.text)
    Airplane_Control                         0x080064c5   Thumb Code  1618  control.o(.text)
    PWM_Init                                 0x08006b17   Thumb Code     2  control.o(.text)
    PWM_DutySet                              0x08006b19   Thumb Code     2  control.o(.text)
    Mode_Select                              0x08006b1b   Thumb Code    90  control.o(.text)
    Control_Params_Init                      0x08006b75   Thumb Code   166  control.o(.text)
    Control_Successful_Stable_Test           0x08006c1b   Thumb Code  1190  control.o(.text)
    Control_Segment_Setpoint                 0x080070c1   Thumb Code   132  control.o(.text)
    Control_Setpoint_Segment_Prepare_Data    0x08007145   Thumb Code    60  control.o(.text)
    Control_Setpoint_Segment_Prepare_Data_Test 0x08007181   Thumb Code    36  control.o(.text)
    Control_Setpoint_Setment_Prepare_State   0x080071a5   Thumb Code   268  control.o(.text)
    Control_Turn_Definite_Angle              0x080072b1   Thumb Code   644  control.o(.text)
    Stanley_Set_Trajectory_Size              0x08007539   Thumb Code    64  stanley.o(.text)
    Stanley_Add_Coordinate                   0x08007579   Thumb Code    24  stanley.o(.text)
    Stanley_Add_Steer_Ang                    0x08007591   Thumb Code     8  stanley.o(.text)
    Stanley_Add_K                            0x08007599   Thumb Code     8  stanley.o(.text)
    Stanley_Add_Velocity                     0x080075a1   Thumb Code     8  stanley.o(.text)
    Min_Index                                0x080075a9   Thumb Code    94  stanley.o(.text)
    Stanley_Slope                            0x08007607   Thumb Code  1288  stanley.o(.text)
    Stanley_Scan_Distance                    0x08007b0f   Thumb Code   354  stanley.o(.text)
    Stanley_Algorithm                        0x08007c71   Thumb Code  3414  stanley.o(.text)
    Stanley_Init                             0x080089c7   Thumb Code   124  stanley.o(.text)
    Stanley_Get_Steer_Ang                    0x08008a43   Thumb Code   128  stanley.o(.text)
    Stanley_Set_Size                         0x08008ac3   Thumb Code     8  stanley.o(.text)
    Stanley_Test_Sample_Trajectory           0x08008acb   Thumb Code    92  stanley.o(.text)
    Stanley_GetIndex                         0x08008b27   Thumb Code     8  stanley.o(.text)
    Trigger_Config                           0x08008b49   Thumb Code    46  gpio.o(.text)
    Button_Config                            0x08008b77   Thumb Code    90  gpio.o(.text)
    LED_Config                               0x08008bd1   Thumb Code    48  gpio.o(.text)
    Switch_Config                            0x08008c01   Thumb Code    88  gpio.o(.text)
    GPIO_Config                              0x08008c59   Thumb Code    20  gpio.o(.text)
    GPIO_LED_On                              0x08008c6d   Thumb Code    14  gpio.o(.text)
    GPIO_LED_Off                             0x08008c7b   Thumb Code    14  gpio.o(.text)
    GPIO_LED_Blink                           0x08008c89   Thumb Code    62  gpio.o(.text)
    GPIO_Switch_Read                         0x08008cc7   Thumb Code    64  gpio.o(.text)
    GPIO_Button_Read                         0x08008d07   Thumb Code    40  gpio.o(.text)
    GPIO_Trigger_Read                        0x08008d2f   Thumb Code    20  gpio.o(.text)
    FSMC_Init                                0x08008d5d   Thumb Code   434  fsmc.o(.text)
    FSMC_GetPulseWidth                       0x08008f0f   Thumb Code    16  fsmc.o(.text)
    RF_config                                0x08008f2d   Thumb Code   278  rf.o(.text)
    RF_GainData                              0x08009043   Thumb Code    48  rf.o(.text)
    UTM_Deg2utm                              0x08009089   Thumb Code  3136  utm.o(.text)
    __aeabi_memcpy4                          0x08009d3d   Thumb Code     0  rt_memcpy_w.o(.text)
    __aeabi_memcpy8                          0x08009d3d   Thumb Code     0  rt_memcpy_w.o(.text)
    __rt_memcpy_w                            0x08009d3d   Thumb Code   100  rt_memcpy_w.o(.text)
    _memcpy_lastbytes_aligned                0x08009d85   Thumb Code     0  rt_memcpy_w.o(.text)
    strncpy                                  0x08009da1   Thumb Code    86  strncpy.o(.text)
    __use_two_region_memory                  0x08009df7   Thumb Code     2  heapauxi.o(.text)
    __rt_heap_escrow$2region                 0x08009df9   Thumb Code     2  heapauxi.o(.text)
    __rt_heap_expand$2region                 0x08009dfb   Thumb Code     2  heapauxi.o(.text)
    __read_errno                             0x08009dfd   Thumb Code    10  _rserrno.o(.text)
    __set_errno                              0x08009e07   Thumb Code    12  _rserrno.o(.text)
    __strtod_int                             0x08009e51   Thumb Code    88  strtod.o(.text)
    __aeabi_memclr                           0x08009eb5   Thumb Code     0  rt_memclr.o(.text)
    __rt_memclr                              0x08009eb5   Thumb Code    68  rt_memclr.o(.text)
    _memset                                  0x08009eb9   Thumb Code     0  rt_memclr.o(.text)
    __aeabi_errno_addr                       0x08009ef9   Thumb Code     8  rt_errno_addr_intlibspace.o(.text)
    __errno$intlibspace                      0x08009ef9   Thumb Code     0  rt_errno_addr_intlibspace.o(.text)
    __rt_errno_addr$intlibspace              0x08009ef9   Thumb Code     0  rt_errno_addr_intlibspace.o(.text)
    isspace                                  0x08009f01   Thumb Code    18  isspace.o(.text)
    _sgetc                                   0x08009f13   Thumb Code    30  _sgetc.o(.text)
    _sbackspace                              0x08009f31   Thumb Code    34  _sgetc.o(.text)
    __aeabi_memclr4                          0x08009f53   Thumb Code     0  rt_memclr_w.o(.text)
    __aeabi_memclr8                          0x08009f53   Thumb Code     0  rt_memclr_w.o(.text)
    __rt_memclr_w                            0x08009f53   Thumb Code    78  rt_memclr_w.o(.text)
    _memset_w                                0x08009f57   Thumb Code     0  rt_memclr_w.o(.text)
    __user_libspace                          0x08009fa1   Thumb Code     8  libspace.o(.text)
    __user_perproc_libspace                  0x08009fa1   Thumb Code     0  libspace.o(.text)
    __user_perthread_libspace                0x08009fa1   Thumb Code     0  libspace.o(.text)
    __user_setup_stackheap                   0x08009fa9   Thumb Code    74  sys_stackheap_outer.o(.text)
    __rt_ctype_table                         0x08009ff5   Thumb Code    16  rt_ctype_table.o(.text)
    _scanf_really_real                       0x0800a1fd   Thumb Code   672  scanf_fp.o(.text)
    exit                                     0x0800a4a9   Thumb Code    12  exit.o(.text)
    strcmp                                   0x0800a4b5   Thumb Code   128  strcmpv7m.o(.text)
    __rt_locale                              0x0800a535   Thumb Code     8  rt_locale_intlibspace.o(.text)
    _btod_etento                             0x0800a53d   Thumb Code   222  bigflt0.o(.text)
    _scanf_really_hex_real                   0x0800a621   Thumb Code   776  scanf_hexfp.o(.text)
    _scanf_really_infnan                     0x0800a935   Thumb Code   298  scanf_infnan.o(.text)
    _sys_exit                                0x0800aa71   Thumb Code     8  sys_exit.o(.text)
    __aeabi_llsl                             0x0800aa7d   Thumb Code     0  llshl.o(.text)
    _ll_shift_l                              0x0800aa7d   Thumb Code    38  llshl.o(.text)
    _chval                                   0x0800aaa3   Thumb Code    28  _chval.o(.text)
    __I$use$semihosting                      0x0800aabf   Thumb Code     0  use_no_semi.o(.text)
    __use_no_semihosting_swi                 0x0800aabf   Thumb Code     2  use_no_semi.o(.text)
    __btod_div_common                        0x0800aac1   Thumb Code   696  btod.o(CL$$btod_div_common)
    __semihosting_library_function           0x0800aac1   Thumb Code     0  indicate_semi.o(.text)
    _e2d                                     0x0800adf9   Thumb Code    80  btod.o(CL$$btod_e2d)
    _e2e                                     0x0800ae4d   Thumb Code   198  btod.o(CL$$btod_e2e)
    _btod_ediv                               0x0800af13   Thumb Code    40  btod.o(CL$$btod_ediv)
    _btod_edivd                              0x0800af3b   Thumb Code    40  btod.o(CL$$btod_edivd)
    _btod_emul                               0x0800af63   Thumb Code    40  btod.o(CL$$btod_emul)
    _btod_emuld                              0x0800af8b   Thumb Code    40  btod.o(CL$$btod_emuld)
    __btod_mult_common                       0x0800afb3   Thumb Code   580  btod.o(CL$$btod_mult_common)
    __ARM_fpclassify                         0x0800b1f7   Thumb Code    48  fpclassify.o(i.__ARM_fpclassify)
    __hardfp_atan                            0x0800b229   Thumb Code   636  atan.o(i.__hardfp_atan)
    __hardfp_atof                            0x0800b511   Thumb Code    44  atof.o(i.__hardfp_atof)
    __hardfp_cos                             0x0800b549   Thumb Code   200  cos.o(i.__hardfp_cos)
    __hardfp_fabs                            0x0800b621   Thumb Code    20  fabs.o(i.__hardfp_fabs)
    __hardfp_floor                           0x0800b639   Thumb Code   252  floor.o(i.__hardfp_floor)
    __hardfp_ldexp                           0x0800b751   Thumb Code   216  ldexp.o(i.__hardfp_ldexp)
    __hardfp_log                             0x0800b839   Thumb Code   888  log.o(i.__hardfp_log)
    __hardfp_pow                             0x0800bc21   Thumb Code  3132  pow.o(i.__hardfp_pow)
    __hardfp_sin                             0x0800c8b1   Thumb Code   200  sin.o(i.__hardfp_sin)
    __hardfp_sqrt                            0x0800c989   Thumb Code   122  sqrt.o(i.__hardfp_sqrt)
    __hardfp_tan                             0x0800ca09   Thumb Code   142  tan.o(i.__hardfp_tan)
    __ieee754_rem_pio2                       0x0800caa9   Thumb Code   972  rred.o(i.__ieee754_rem_pio2)
    __kernel_cos                             0x0800cf01   Thumb Code   322  cos_i.o(i.__kernel_cos)
    __kernel_poly                            0x0800d071   Thumb Code   248  poly.o(i.__kernel_poly)
    __kernel_sin                             0x0800d169   Thumb Code   280  sin_i.o(i.__kernel_sin)
    __kernel_tan                             0x0800d299   Thumb Code   772  tan_i.o(i.__kernel_tan)
    __mathlib_dbl_underflow                  0x0800d5f1   Thumb Code    24  dunder.o(i.__mathlib_dbl_underflow)
    __mathlib_narrow                         0x0800d611   Thumb Code   166  narrow.o(i.__mathlib_narrow)
    __support_ldexp                          0x0800d6c9   Thumb Code    20  ldexp.o(i.__support_ldexp)
    _is_digit                                0x0800d6dd   Thumb Code    14  scanf_fp.o(i._is_digit)
    fabs                                     0x0800d6eb   Thumb Code    32  fabs.o(i.fabs)
    frexp                                    0x0800d711   Thumb Code   134  frexp.o(i.frexp)
    sqrt                                     0x0800d7ad   Thumb Code   110  sqrt.o(i.sqrt)
    _get_lc_numeric                          0x0800d81d   Thumb Code    44  lc_numeric_c.o(locale$$code)
    _get_lc_ctype                            0x0800d849   Thumb Code    44  lc_ctype_c.o(locale$$code)
    __aeabi_dneg                             0x0800d875   Thumb Code     0  basic.o(x$fpl$basic)
    _dneg                                    0x0800d875   Thumb Code     6  basic.o(x$fpl$basic)
    __aeabi_fneg                             0x0800d87b   Thumb Code     0  basic.o(x$fpl$basic)
    _fneg                                    0x0800d87b   Thumb Code     6  basic.o(x$fpl$basic)
    _dabs                                    0x0800d881   Thumb Code     6  basic.o(x$fpl$basic)
    _fabs                                    0x0800d887   Thumb Code     6  basic.o(x$fpl$basic)
    __aeabi_d2f                              0x0800d88d   Thumb Code     0  d2f.o(x$fpl$d2f)
    _d2f                                     0x0800d88d   Thumb Code    98  d2f.o(x$fpl$d2f)
    __aeabi_dadd                             0x0800d8f1   Thumb Code     0  daddsub_clz.o(x$fpl$dadd)
    _dadd                                    0x0800d8f1   Thumb Code   332  daddsub_clz.o(x$fpl$dadd)
    __fpl_dcheck_NaN1                        0x0800da41   Thumb Code    10  dcheck1.o(x$fpl$dcheck1)
    __fpl_dcmp_Inf                           0x0800da51   Thumb Code    24  dcmpi.o(x$fpl$dcmpinf)
    __aeabi_ddiv                             0x0800da69   Thumb Code     0  ddiv.o(x$fpl$ddiv)
    _ddiv                                    0x0800da69   Thumb Code   552  ddiv.o(x$fpl$ddiv)
    __aeabi_cdcmpeq                          0x0800dd19   Thumb Code     0  deqf.o(x$fpl$deqf)
    _dcmpeq                                  0x0800dd19   Thumb Code   120  deqf.o(x$fpl$deqf)
    __aeabi_d2iz                             0x0800dd91   Thumb Code     0  dfix.o(x$fpl$dfix)
    _dfix                                    0x0800dd91   Thumb Code    94  dfix.o(x$fpl$dfix)
    __aeabi_d2uiz                            0x0800ddf1   Thumb Code     0  dfixu.o(x$fpl$dfixu)
    _dfixu                                   0x0800ddf1   Thumb Code    90  dfixu.o(x$fpl$dfixu)
    __aeabi_i2d                              0x0800de4b   Thumb Code     0  dflt_clz.o(x$fpl$dflt)
    _dflt                                    0x0800de4b   Thumb Code    46  dflt_clz.o(x$fpl$dflt)
    __aeabi_ui2d                             0x0800de79   Thumb Code     0  dflt_clz.o(x$fpl$dfltu)
    _dfltu                                   0x0800de79   Thumb Code    38  dflt_clz.o(x$fpl$dfltu)
    __aeabi_cdcmple                          0x0800dea1   Thumb Code     0  dleqf.o(x$fpl$dleqf)
    _dcmple                                  0x0800dea1   Thumb Code   120  dleqf.o(x$fpl$dleqf)
    __fpl_dcmple_InfNaN                      0x0800df03   Thumb Code     0  dleqf.o(x$fpl$dleqf)
    __aeabi_dmul                             0x0800df19   Thumb Code     0  dmul.o(x$fpl$dmul)
    _dmul                                    0x0800df19   Thumb Code   332  dmul.o(x$fpl$dmul)
    __fpl_dnaninf                            0x0800e06d   Thumb Code   156  dnaninf.o(x$fpl$dnaninf)
    __fpl_dretinf                            0x0800e109   Thumb Code    12  dretinf.o(x$fpl$dretinf)
    __aeabi_cdrcmple                         0x0800e115   Thumb Code     0  drleqf.o(x$fpl$drleqf)
    _drcmple                                 0x0800e115   Thumb Code   108  drleqf.o(x$fpl$drleqf)
    __aeabi_drsub                            0x0800e181   Thumb Code     0  daddsub_clz.o(x$fpl$drsb)
    _drsb                                    0x0800e181   Thumb Code    22  daddsub_clz.o(x$fpl$drsb)
    _dsqrt                                   0x0800e199   Thumb Code   404  dsqrt_umaal.o(x$fpl$dsqrt)
    __aeabi_dsub                             0x0800e331   Thumb Code     0  daddsub_clz.o(x$fpl$dsub)
    _dsub                                    0x0800e331   Thumb Code   464  daddsub_clz.o(x$fpl$dsub)
    __aeabi_f2d                              0x0800e505   Thumb Code     0  f2d.o(x$fpl$f2d)
    _f2d                                     0x0800e505   Thumb Code    86  f2d.o(x$fpl$f2d)
    __fpl_fnaninf                            0x0800e55b   Thumb Code   140  fnaninf.o(x$fpl$fnaninf)
    _fp_init                                 0x0800e5e7   Thumb Code    10  fpinit.o(x$fpl$fpinit)
    __fplib_config_fpu_vfp                   0x0800e5ef   Thumb Code     0  fpinit.o(x$fpl$fpinit)
    __fplib_config_pureend_doubles           0x0800e5ef   Thumb Code     0  fpinit.o(x$fpl$fpinit)
    __fpl_fretinf                            0x0800e5f1   Thumb Code    10  fretinf.o(x$fpl$fretinf)
    __fpl_return_NaN                         0x0800e5fb   Thumb Code   100  retnan.o(x$fpl$retnan)
    __ARM_scalbn                             0x0800e65f   Thumb Code    92  scalbn.o(x$fpl$scalbn)
    _scanf_real                              0x0800e6bb   Thumb Code     4  scanf1.o(x$fpl$scanf1)
    _scanf_hex_real                          0x0800e6bf   Thumb Code     4  scanf2.o(x$fpl$scanf2)
    _scanf_infnan                            0x0800e6c3   Thumb Code     4  scanf2.o(x$fpl$scanf2)
    __fpl_cmpreturn                          0x0800e6c7   Thumb Code    48  trapv.o(x$fpl$trapveneer)
    __I$use$fp                               0x0800e6f6   Number         0  usenofp.o(x$fpl$usenofp)
    __mathlib_zero                           0x0800e8f0   Data           8  qnan.o(.constdata)
    Region$$Table$$Base                      0x0800eadc   Number         0  anon$$obj.o(Region$$Table)
    Region$$Table$$Limit                     0x0800eafc   Number         0  anon$$obj.o(Region$$Table)
    __aeabi_HUGE_VAL                         0x0800eafc   Data           0  fpconst.o(c$$dinf)
    __aeabi_HUGE_VALL                        0x0800eafc   Data           0  fpconst.o(c$$dinf)
    __aeabi_INFINITY                         0x0800eafc   Data           0  fpconst.o(c$$dinf)
    __dInf                                   0x0800eafc   Data           0  fpconst.o(c$$dinf)
    __huge_val                               0x0800eafc   Data           0  fpconst.o(c$$dinf)
    __ctype                                  0x0800eb2d   Data           0  lc_ctype_c.o(locale$$data)
    tick_count                               0x20000000   Data           4  stm32f4xx_it.o(.data)
    tick_flag                                0x20000004   Data           1  stm32f4xx_it.o(.data)
    SystemCoreClock                          0x20000008   Data           4  system_stm32f4xx.o(.data)
    AHBPrescTable                            0x2000000c   Data          16  system_stm32f4xx.o(.data)
    ui16_DMA_Byte_Empty                      0x2000002c   Data           2  imu_gps.o(.data)
    tick_start0                              0x20000030   Data           4  imu_gps.o(.data)
    AP_Mode                                  0x20000040   Data           1  control.o(.data)
    State                                    0x20000041   Data           1  control.o(.data)
    Previous_State                           0x20000042   Data           1  control.o(.data)
    Command_State                            0x20000043   Data           1  control.o(.data)
    Trajectory                               0x20000048   Data         192  control.o(.data)
    ui8_Size                                 0x20000108   Data           1  control.o(.data)
    Setpoint                                 0x2000010c   Data           4  control.o(.data)
    tick_start                               0x20000110   Data           4  control.o(.data)
    tick_start_1                             0x20000114   Data           4  control.o(.data)
    Pulse                                    0x20000118   Data           2  control.o(.data)
    count                                    0x2000011a   Data           1  control.o(.data)
    countrf                                  0x2000011b   Data           1  control.o(.data)
    Setpoint_Turn                            0x20000120   Data           8  control.o(.data)
    return_flag                              0x20000128   Data           1  control.o(.data)
    bInitialized                             0x20000129   Data           1  control.o(.data)
    index_1                                  0x2000012a   Data           1  control.o(.data)
    index_2                                  0x2000012b   Data           1  control.o(.data)
    ui8_Num_Segment_Setpoint                 0x2000012c   Data           1  control.o(.data)
    ui8_Segment_Setpoint_Retain              0x2000012d   Data           1  control.o(.data)
    Yaw_Turn_Error                           0x20000130   Data           4  control.o(.data)
    Max_response                             0x20000134   Data           4  control.o(.data)
    Yaw2East                                 0x20000138   Data           4  control.o(.data)
    temp_roll                                0x2000013c   Data           4  control.o(.data)
    temp_pitch                               0x20000140   Data           4  control.o(.data)
    Yaw_Setpoint                             0x20000148   Data           8  control.o(.data)
    Yaw_Error                                0x20000150   Data           8  control.o(.data)
    Steer                                    0x20000158   Data           8  control.o(.data)
    Yaw_Error_fabs                           0x20000160   Data           8  control.o(.data)
    bChange_Mode                             0x20000168   Data           1  control.o(.data)
    u_Pitch                                  0x20000170   Data           8  control.o(.data)
    dDis_test                                0x20000178   Data           8  stanley.o(.data)
    sa                                       0x20000188   Data           8  utm.o(.data)
    sb                                       0x20000190   Data           8  utm.o(.data)
    e2                                       0x20000198   Data           8  utm.o(.data)
    c                                        0x200001a0   Data           8  utm.o(.data)
    la                                       0x200001a8   Data           8  utm.o(.data)
    lo                                       0x200001b0   Data           8  utm.o(.data)
    lat                                      0x200001b8   Data           8  utm.o(.data)
    lon                                      0x200001c0   Data           8  utm.o(.data)
    S                                        0x200001c8   Data           8  utm.o(.data)
    deltaS                                   0x200001d0   Data           8  utm.o(.data)
    a                                        0x200001d8   Data           8  utm.o(.data)
    epsilon                                  0x200001e0   Data           8  utm.o(.data)
    nu                                       0x200001e8   Data           8  utm.o(.data)
    v                                        0x200001f0   Data           8  utm.o(.data)
    ta                                       0x200001f8   Data           8  utm.o(.data)
    a1                                       0x20000200   Data           8  utm.o(.data)
    a2                                       0x20000208   Data           8  utm.o(.data)
    j2                                       0x20000210   Data           8  utm.o(.data)
    j4                                       0x20000218   Data           8  utm.o(.data)
    j6                                       0x20000220   Data           8  utm.o(.data)
    alfa                                     0x20000228   Data           8  utm.o(.data)
    beta                                     0x20000230   Data           8  utm.o(.data)
    gama                                     0x20000238   Data           8  utm.o(.data)
    Bm                                       0x20000240   Data           8  utm.o(.data)
    xx                                       0x20000248   Data           8  utm.o(.data)
    yy                                       0x20000250   Data           8  utm.o(.data)
    e2cuadrada                               0x20000258   Data           8  utm.o(.data)
    e2cuadrada1                              0x20000260   Data           8  utm.o(.data)
    Huso                                     0x20000268   Data           1  utm.o(.data)
    Letra                                    0x20000269   Data           1  utm.o(.data)
    IMU_Data                                 0x20000270   Data         216  imu_gps.o(.bss)
    GGA_Data                                 0x20000348   Data         296  imu_gps.o(.bss)
    VTG_Data                                 0x20000470   Data         168  imu_gps.o(.bss)
    string                                   0x20000518   Data         220  imu_gps.o(.bss)
    cRx_Buff                                 0x200005f4   Data         800  imu_gps.o(.bss)
    PID_Roll                                 0x20000918   Data         112  control.o(.bss)
    PID_Pitch                                0x20000988   Data         112  control.o(.bss)
    PID_Yaw                                  0x200009f8   Data         112  control.o(.bss)
    PID_Throttle                             0x20000a68   Data         112  control.o(.bss)
    Segment_Setpoint_Array                   0x20000ad8   Data          40  control.o(.bss)
    Temporary_Important_Parameters           0x20000b00   Data          32  control.o(.bss)
    Parameter                                0x20000b20   Data        2456  stanley.o(.bss)
    txbuff                                   0x200014b8   Data         220  rf.o(.bss)
    __libspace_start                         0x20001594   Data          96  libspace.o(.bss)
    __temporary_stack_top$libspace           0x200015f4   Data           0  libspace.o(.bss)



==============================================================================

Memory Map of the image

  Image Entry point : 0x08000189

  Load Region LR_IROM1 (Base: 0x08000000, Size: 0x0000ee9c, Max: 0x00100000, ABSOLUTE, COMPRESSED[0x0000ec94])

    Execution Region ER_IROM1 (Base: 0x08000000, Size: 0x0000ec30, Max: 0x00100000, ABSOLUTE)

    Base Addr    Size         Type   Attr      Idx    E Section Name        Object

    0x08000000   0x00000188   Data   RO            3    RESET               startup_stm32f40_41xxx.o
    0x08000188   0x00000008   Code   RO          575  * !!!main             c_w.l(__main.o)
    0x08000190   0x00000034   Code   RO         1037    !!!scatter          c_w.l(__scatter.o)
    0x080001c4   0x0000005a   Code   RO         1035    !!dczerorl2         c_w.l(__dczerorl2.o)
    0x0800021e   0x00000002   PAD
    0x08000220   0x0000001c   Code   RO         1039    !!handler_zi        c_w.l(__scatter_zi.o)
    0x0800023c   0x00000002   Code   RO          825    .ARM.Collect$$libinit$$00000000  c_w.l(libinit.o)
    0x0800023e   0x00000004   Code   RO          826    .ARM.Collect$$libinit$$00000001  c_w.l(libinit2.o)
    0x08000242   0x00000000   Code   RO          830    .ARM.Collect$$libinit$$00000008  c_w.l(libinit2.o)
    0x08000242   0x00000000   Code   RO          832    .ARM.Collect$$libinit$$0000000A  c_w.l(libinit2.o)
    0x08000242   0x00000000   Code   RO          834    .ARM.Collect$$libinit$$0000000C  c_w.l(libinit2.o)
    0x08000242   0x00000006   Code   RO          835    .ARM.Collect$$libinit$$0000000D  c_w.l(libinit2.o)
    0x08000248   0x00000000   Code   RO          837    .ARM.Collect$$libinit$$0000000F  c_w.l(libinit2.o)
    0x08000248   0x0000000c   Code   RO          838    .ARM.Collect$$libinit$$00000010  c_w.l(libinit2.o)
    0x08000254   0x00000000   Code   RO          839    .ARM.Collect$$libinit$$00000011  c_w.l(libinit2.o)
    0x08000254   0x00000000   Code   RO          841    .ARM.Collect$$libinit$$00000013  c_w.l(libinit2.o)
    0x08000254   0x0000000a   Code   RO          842    .ARM.Collect$$libinit$$00000014  c_w.l(libinit2.o)
    0x0800025e   0x00000000   Code   RO          843    .ARM.Collect$$libinit$$00000015  c_w.l(libinit2.o)
    0x0800025e   0x00000000   Code   RO          845    .ARM.Collect$$libinit$$00000017  c_w.l(libinit2.o)
    0x0800025e   0x00000000   Code   RO          847    .ARM.Collect$$libinit$$00000019  c_w.l(libinit2.o)
    0x0800025e   0x00000000   Code   RO          849    .ARM.Collect$$libinit$$0000001B  c_w.l(libinit2.o)
    0x0800025e   0x00000000   Code   RO          851    .ARM.Collect$$libinit$$0000001D  c_w.l(libinit2.o)
    0x0800025e   0x00000000   Code   RO          853    .ARM.Collect$$libinit$$0000001F  c_w.l(libinit2.o)
    0x0800025e   0x00000000   Code   RO          855    .ARM.Collect$$libinit$$00000021  c_w.l(libinit2.o)
    0x0800025e   0x00000000   Code   RO          857    .ARM.Collect$$libinit$$00000023  c_w.l(libinit2.o)
    0x0800025e   0x00000000   Code   RO          861    .ARM.Collect$$libinit$$0000002A  c_w.l(libinit2.o)
    0x0800025e   0x00000000   Code   RO          863    .ARM.Collect$$libinit$$0000002C  c_w.l(libinit2.o)
    0x0800025e   0x00000000   Code   RO          865    .ARM.Collect$$libinit$$0000002E  c_w.l(libinit2.o)
    0x0800025e   0x00000000   Code   RO          867    .ARM.Collect$$libinit$$00000030  c_w.l(libinit2.o)
    0x0800025e   0x00000002   Code   RO          868    .ARM.Collect$$libinit$$00000031  c_w.l(libinit2.o)
    0x08000260   0x00000002   Code   RO          968    .ARM.Collect$$libshutdown$$00000000  c_w.l(libshutdown.o)
    0x08000262   0x00000000   Code   RO          996    .ARM.Collect$$libshutdown$$00000003  c_w.l(libshutdown2.o)
    0x08000262   0x00000000   Code   RO          999    .ARM.Collect$$libshutdown$$00000006  c_w.l(libshutdown2.o)
    0x08000262   0x00000000   Code   RO         1002    .ARM.Collect$$libshutdown$$00000009  c_w.l(libshutdown2.o)
    0x08000262   0x00000000   Code   RO         1004    .ARM.Collect$$libshutdown$$0000000B  c_w.l(libshutdown2.o)
    0x08000262   0x00000000   Code   RO         1007    .ARM.Collect$$libshutdown$$0000000E  c_w.l(libshutdown2.o)
    0x08000262   0x00000002   Code   RO         1008    .ARM.Collect$$libshutdown$$0000000F  c_w.l(libshutdown2.o)
    0x08000264   0x00000000   Code   RO          719    .ARM.Collect$$rtentry$$00000000  c_w.l(rtentry.o)
    0x08000264   0x00000000   Code   RO          769    .ARM.Collect$$rtentry$$00000002  c_w.l(rtentry2.o)
    0x08000264   0x00000006   Code   RO          781    .ARM.Collect$$rtentry$$00000004  c_w.l(rtentry4.o)
    0x0800026a   0x00000000   Code   RO          771    .ARM.Collect$$rtentry$$00000009  c_w.l(rtentry2.o)
    0x0800026a   0x00000004   Code   RO          772    .ARM.Collect$$rtentry$$0000000A  c_w.l(rtentry2.o)
    0x0800026e   0x00000000   Code   RO          774    .ARM.Collect$$rtentry$$0000000C  c_w.l(rtentry2.o)
    0x0800026e   0x00000008   Code   RO          775    .ARM.Collect$$rtentry$$0000000D  c_w.l(rtentry2.o)
    0x08000276   0x00000002   Code   RO          871    .ARM.Collect$$rtexit$$00000000  c_w.l(rtexit.o)
    0x08000278   0x00000000   Code   RO          932    .ARM.Collect$$rtexit$$00000002  c_w.l(rtexit2.o)
    0x08000278   0x00000004   Code   RO          933    .ARM.Collect$$rtexit$$00000003  c_w.l(rtexit2.o)
    0x0800027c   0x00000006   Code   RO          934    .ARM.Collect$$rtexit$$00000004  c_w.l(rtexit2.o)
    0x08000282   0x00000002   PAD
    0x08000284   0x00000040   Code   RO            4    .text               startup_stm32f40_41xxx.o
    0x080002c4   0x00000148   Code   RO           12    .text               stm32f4xx_it.o
    0x0800040c   0x0000020c   Code   RO          190    .text               system_stm32f4xx.o
    0x08000618   0x00000026   Code   RO          216    .text               main.o
    0x0800063e   0x00000002   PAD
    0x08000640   0x000000e4   Code   RO          236    .text               misc.o
    0x08000724   0x00000634   Code   RO          256    .text               stm32f4xx_rcc.o
    0x08000d58   0x00000294   Code   RO          278    .text               stm32f4xx_gpio.o
    0x08000fec   0x00000454   Code   RO          298    .text               stm32f4xx_usart.o
    0x08001440   0x000003a4   Code   RO          318    .text               stm32f4xx_dma.o
    0x080017e4   0x00000ca2   Code   RO          338    .text               stm32f4xx_tim.o
    0x08002486   0x00000002   PAD
    0x08002488   0x0000061c   Code   RO          358    .text               stm32f4xx_fsmc.o
    0x08002aa4   0x00000bf4   Code   RO          378    .text               imu_gps.o
    0x08003698   0x000001bc   Code   RO          406    .text               pwm.o
    0x08003854   0x00000b08   Code   RO          424    .text               pid.o
    0x0800435c   0x000031dc   Code   RO          438    .text               control.o
    0x08007538   0x00001610   Code   RO          466    .text               stanley.o
    0x08008b48   0x00000214   Code   RO          490    .text               gpio.o
    0x08008d5c   0x000001d0   Code   RO          511    .text               fsmc.o
    0x08008f2c   0x0000015c   Code   RO          531    .text               rf.o
    0x08009088   0x00000cb4   Code   RO          552    .text               utm.o
    0x08009d3c   0x00000064   Code   RO          569    .text               c_w.l(rt_memcpy_w.o)
    0x08009da0   0x00000056   Code   RO          571    .text               c_w.l(strncpy.o)
    0x08009df6   0x00000006   Code   RO          573    .text               c_w.l(heapauxi.o)
    0x08009dfc   0x00000016   Code   RO          720    .text               c_w.l(_rserrno.o)
    0x08009e12   0x00000002   PAD
    0x08009e14   0x000000a0   Code   RO          722    .text               c_w.l(strtod.o)
    0x08009eb4   0x00000044   Code   RO          724    .text               c_w.l(rt_memclr.o)
    0x08009ef8   0x00000008   Code   RO          786    .text               c_w.l(rt_errno_addr_intlibspace.o)
    0x08009f00   0x00000012   Code   RO          788    .text               c_w.l(isspace.o)
    0x08009f12   0x00000040   Code   RO          790    .text               c_w.l(_sgetc.o)
    0x08009f52   0x0000004e   Code   RO          795    .text               c_w.l(rt_memclr_w.o)
    0x08009fa0   0x00000008   Code   RO          805    .text               c_w.l(libspace.o)
    0x08009fa8   0x0000004a   Code   RO          808    .text               c_w.l(sys_stackheap_outer.o)
    0x08009ff2   0x00000002   PAD
    0x08009ff4   0x00000010   Code   RO          810    .text               c_w.l(rt_ctype_table.o)
    0x0800a004   0x000004a4   Code   RO          812    .text               c_w.l(scanf_fp.o)
    0x0800a4a8   0x0000000c   Code   RO          816    .text               c_w.l(exit.o)
    0x0800a4b4   0x00000080   Code   RO          818    .text               c_w.l(strcmpv7m.o)
    0x0800a534   0x00000008   Code   RO          876    .text               c_w.l(rt_locale_intlibspace.o)
    0x0800a53c   0x000000e4   Code   RO          878    .text               c_w.l(bigflt0.o)
    0x0800a620   0x00000314   Code   RO          938    .text               c_w.l(scanf_hexfp.o)
    0x0800a934   0x0000013c   Code   RO          940    .text               c_w.l(scanf_infnan.o)
    0x0800aa70   0x0000000c   Code   RO          954    .text               c_w.l(sys_exit.o)
    0x0800aa7c   0x00000026   Code   RO          958    .text               c_w.l(llshl.o)
    0x0800aaa2   0x0000001c   Code   RO          960    .text               c_w.l(_chval.o)
    0x0800aabe   0x00000002   Code   RO          985    .text               c_w.l(use_no_semi.o)
    0x0800aac0   0x00000000   Code   RO          987    .text               c_w.l(indicate_semi.o)
    0x0800aac0   0x00000338   Code   RO          891    CL$$btod_div_common  c_w.l(btod.o)
    0x0800adf8   0x00000054   Code   RO          889    CL$$btod_e2d        c_w.l(btod.o)
    0x0800ae4c   0x000000c6   Code   RO          888    CL$$btod_e2e        c_w.l(btod.o)
    0x0800af12   0x00000028   Code   RO          885    CL$$btod_ediv       c_w.l(btod.o)
    0x0800af3a   0x00000028   Code   RO          887    CL$$btod_edivd      c_w.l(btod.o)
    0x0800af62   0x00000028   Code   RO          884    CL$$btod_emul       c_w.l(btod.o)
    0x0800af8a   0x00000028   Code   RO          886    CL$$btod_emuld      c_w.l(btod.o)
    0x0800afb2   0x00000244   Code   RO          890    CL$$btod_mult_common  c_w.l(btod.o)
    0x0800b1f6   0x00000030   Code   RO          746    i.__ARM_fpclassify  m_wm.l(fpclassify.o)
    0x0800b226   0x00000002   PAD
    0x0800b228   0x000002e8   Code   RO          611    i.__hardfp_atan     m_wm.l(atan.o)
    0x0800b510   0x00000038   Code   RO          625    i.__hardfp_atof     m_wm.l(atof.o)
    0x0800b548   0x000000d8   Code   RO          631    i.__hardfp_cos      m_wm.l(cos.o)
    0x0800b620   0x00000014   Code   RO          643    i.__hardfp_fabs     m_wm.l(fabs.o)
    0x0800b634   0x00000004   PAD
    0x0800b638   0x00000118   Code   RO          649    i.__hardfp_floor    m_wm.l(floor.o)
    0x0800b750   0x000000e8   Code   RO          969    i.__hardfp_ldexp    m_wm.l(ldexp.o)
    0x0800b838   0x000003e4   Code   RO          655    i.__hardfp_log      m_wm.l(log.o)
    0x0800bc1c   0x00000004   PAD
    0x0800bc20   0x00000c90   Code   RO          669    i.__hardfp_pow      m_wm.l(pow.o)
    0x0800c8b0   0x000000d8   Code   RO          683    i.__hardfp_sin      m_wm.l(sin.o)
    0x0800c988   0x0000007a   Code   RO          695    i.__hardfp_sqrt     m_wm.l(sqrt.o)
    0x0800ca02   0x00000006   PAD
    0x0800ca08   0x000000a0   Code   RO          707    i.__hardfp_tan      m_wm.l(tan.o)
    0x0800caa8   0x00000458   Code   RO          751    i.__ieee754_rem_pio2  m_wm.l(rred.o)
    0x0800cf00   0x00000170   Code   RO          741    i.__kernel_cos      m_wm.l(cos_i.o)
    0x0800d070   0x000000f8   Code   RO          748    i.__kernel_poly     m_wm.l(poly.o)
    0x0800d168   0x00000130   Code   RO          756    i.__kernel_sin      m_wm.l(sin_i.o)
    0x0800d298   0x00000358   Code   RO          762    i.__kernel_tan      m_wm.l(tan_i.o)
    0x0800d5f0   0x00000020   Code   RO          744    i.__mathlib_dbl_underflow  m_wm.l(dunder.o)
    0x0800d610   0x000000b8   Code   RO          924    i.__mathlib_narrow  m_wm.l(narrow.o)
    0x0800d6c8   0x00000014   Code   RO          971    i.__support_ldexp   m_wm.l(ldexp.o)
    0x0800d6dc   0x0000000e   Code   RO          814    i._is_digit         c_w.l(scanf_fp.o)
    0x0800d6ea   0x00000020   Code   RO          645    i.fabs              m_wm.l(fabs.o)
    0x0800d70a   0x00000006   PAD
    0x0800d710   0x0000009c   Code   RO          948    i.frexp             m_wm.l(frexp.o)
    0x0800d7ac   0x0000006e   Code   RO          697    i.sqrt              m_wm.l(sqrt.o)
    0x0800d81a   0x00000002   PAD
    0x0800d81c   0x0000002c   Code   RO          793    locale$$code        c_w.l(lc_numeric_c.o)
    0x0800d848   0x0000002c   Code   RO          904    locale$$code        c_w.l(lc_ctype_c.o)
    0x0800d874   0x00000018   Code   RO          577    x$fpl$basic         fz_wm.l(basic.o)
    0x0800d88c   0x00000062   Code   RO          579    x$fpl$d2f           fz_wm.l(d2f.o)
    0x0800d8ee   0x00000002   PAD
    0x0800d8f0   0x00000150   Code   RO          581    x$fpl$dadd          fz_wm.l(daddsub_clz.o)
    0x0800da40   0x00000010   Code   RO          797    x$fpl$dcheck1       fz_wm.l(dcheck1.o)
    0x0800da50   0x00000018   Code   RO          726    x$fpl$dcmpinf       fz_wm.l(dcmpi.o)
    0x0800da68   0x000002b0   Code   RO          588    x$fpl$ddiv          fz_wm.l(ddiv.o)
    0x0800dd18   0x00000078   Code   RO          591    x$fpl$deqf          fz_wm.l(deqf.o)
    0x0800dd90   0x0000005e   Code   RO          799    x$fpl$dfix          fz_wm.l(dfix.o)
    0x0800ddee   0x00000002   PAD
    0x0800ddf0   0x0000005a   Code   RO          593    x$fpl$dfixu         fz_wm.l(dfixu.o)
    0x0800de4a   0x0000002e   Code   RO          598    x$fpl$dflt          fz_wm.l(dflt_clz.o)
    0x0800de78   0x00000026   Code   RO          597    x$fpl$dfltu         fz_wm.l(dflt_clz.o)
    0x0800de9e   0x00000002   PAD
    0x0800dea0   0x00000078   Code   RO          603    x$fpl$dleqf         fz_wm.l(dleqf.o)
    0x0800df18   0x00000154   Code   RO          605    x$fpl$dmul          fz_wm.l(dmul.o)
    0x0800e06c   0x0000009c   Code   RO          728    x$fpl$dnaninf       fz_wm.l(dnaninf.o)
    0x0800e108   0x0000000c   Code   RO          730    x$fpl$dretinf       fz_wm.l(dretinf.o)
    0x0800e114   0x0000006c   Code   RO          607    x$fpl$drleqf        fz_wm.l(drleqf.o)
    0x0800e180   0x00000016   Code   RO          582    x$fpl$drsb          fz_wm.l(daddsub_clz.o)
    0x0800e196   0x00000002   PAD
    0x0800e198   0x00000198   Code   RO          732    x$fpl$dsqrt         fz_wm.l(dsqrt_umaal.o)
    0x0800e330   0x000001d4   Code   RO          583    x$fpl$dsub          fz_wm.l(daddsub_clz.o)
    0x0800e504   0x00000056   Code   RO          609    x$fpl$f2d           fz_wm.l(f2d.o)
    0x0800e55a   0x0000008c   Code   RO          734    x$fpl$fnaninf       fz_wm.l(fnaninf.o)
    0x0800e5e6   0x0000000a   Code   RO          911    x$fpl$fpinit        fz_wm.l(fpinit.o)
    0x0800e5f0   0x0000000a   Code   RO          736    x$fpl$fretinf       fz_wm.l(fretinf.o)
    0x0800e5fa   0x00000064   Code   RO          869    x$fpl$retnan        fz_wm.l(retnan.o)
    0x0800e65e   0x0000005c   Code   RO          738    x$fpl$scalbn        fz_wm.l(scalbn.o)
    0x0800e6ba   0x00000004   Code   RO          803    x$fpl$scanf1        fz_wm.l(scanf1.o)
    0x0800e6be   0x00000008   Code   RO          915    x$fpl$scanf2        fz_wm.l(scanf2.o)
    0x0800e6c6   0x00000030   Code   RO          921    x$fpl$trapveneer    fz_wm.l(trapv.o)
    0x0800e6f6   0x00000000   Code   RO          740    x$fpl$usenofp       fz_wm.l(usenofp.o)
    0x0800e6f6   0x00000002   PAD
    0x0800e6f8   0x00000070   Data   RO          440    .constdata          control.o
    0x0800e768   0x00000098   Data   RO          614    .constdata          m_wm.l(atan.o)
    0x0800e800   0x00000038   Data   RO          658    .constdata          m_wm.l(log.o)
    0x0800e838   0x00000088   Data   RO          672    .constdata          m_wm.l(pow.o)
    0x0800e8c0   0x00000030   Data   RO          742    .constdata          m_wm.l(cos_i.o)
    0x0800e8f0   0x00000008   Data   RO          750    .constdata          m_wm.l(qnan.o)
    0x0800e8f8   0x000000c8   Data   RO          753    .constdata          m_wm.l(rred.o)
    0x0800e9c0   0x00000028   Data   RO          757    .constdata          m_wm.l(sin_i.o)
    0x0800e9e8   0x00000060   Data   RO          763    .constdata          m_wm.l(tan_i.o)
    0x0800ea48   0x00000094   Data   RO          879    .constdata          c_w.l(bigflt0.o)
    0x0800eadc   0x00000020   Data   RO         1033    Region$$Table       anon$$obj.o
    0x0800eafc   0x00000008   Data   RO          908    c$$dinf             fz_wm.l(fpconst.o)
    0x0800eb04   0x0000001c   Data   RO          792    locale$$data        c_w.l(lc_numeric_c.o)
    0x0800eb20   0x00000110   Data   RO          903    locale$$data        c_w.l(lc_ctype_c.o)


    Execution Region RW_IRAM1 (Base: 0x20000000, Size: 0x00001bf8, Max: 0x00020000, ABSOLUTE, COMPRESSED[0x00000064])

    Base Addr    Size         Type   Attr      Idx    E Section Name        Object

    0x20000000   0x00000005   Data   RW           13    .data               stm32f4xx_it.o
    0x20000005   0x00000003   PAD
    0x20000008   0x00000014   Data   RW          191    .data               system_stm32f4xx.o
    0x2000001c   0x00000010   Data   RW          257    .data               stm32f4xx_rcc.o
    0x2000002c   0x0000000e   Data   RW          380    .data               imu_gps.o
    0x2000003a   0x00000006   PAD
    0x20000040   0x00000138   Data   RW          441    .data               control.o
    0x20000178   0x00000008   Data   RW          468    .data               stanley.o
    0x20000180   0x00000003   Data   RW          491    .data               gpio.o
    0x20000183   0x00000005   PAD
    0x20000188   0x000000e2   Data   RW          553    .data               utm.o
    0x2000026a   0x00000006   PAD
    0x20000270   0x000006a4   Zero   RW          379    .bss                imu_gps.o
    0x20000914   0x00000004   PAD
    0x20000918   0x00000208   Zero   RW          439    .bss                control.o
    0x20000b20   0x00000998   Zero   RW          467    .bss                stanley.o
    0x200014b8   0x000000dc   Zero   RW          532    .bss                rf.o
    0x20001594   0x00000060   Zero   RW          806    .bss                c_w.l(libspace.o)
    0x200015f4   0x00000004   PAD
    0x200015f8   0x00000200   Zero   RW            2    HEAP                startup_stm32f40_41xxx.o
    0x200017f8   0x00000400   Zero   RW            1    STACK               startup_stm32f40_41xxx.o


==============================================================================

Image component sizes


      Code (inc. data)   RO Data    RW Data    ZI Data      Debug   Object Name

     12764        876        112        312        520      13955   control.o
       464         14          0          0          0       1423   fsmc.o
       532         26          0          3          0       2428   gpio.o
      3060        178          0         14       1700      35287   imu_gps.o
        38          0          0          0          0        511   main.o
       228         22          0          0          0       1981   misc.o
      2824        172          0          0          0       3094   pid.o
       444         20          0          0          0       1495   pwm.o
       348         22          0          0        220       1553   rf.o
      5648        176          0          8       2456       5136   stanley.o
        64         26        392          0       1536        876   startup_stm32f40_41xxx.o
       932         32          0          0          0       6457   stm32f4xx_dma.o
      1564         58          0          0          0       5571   stm32f4xx_fsmc.o
       660         44          0          0          0       4257   stm32f4xx_gpio.o
       328         48          0          5          0     309100   stm32f4xx_it.o
      1588         52          0         16          0      12938   stm32f4xx_rcc.o
      3234         60          0          0          0      22464   stm32f4xx_tim.o
      1108         34          0          0          0       7960   stm32f4xx_usart.o
       524         44          0         20          0       1907   system_stm32f4xx.o
      3252        490          0        226          0       2209   utm.o

    ----------------------------------------------------------------------
     39608       2394        536        620       6440     440602   Object Totals
         0          0         32          0          0          0   (incl. Generated)
         4          0          0         16          8          0   (incl. Padding)

    ----------------------------------------------------------------------

      Code (inc. data)   RO Data    RW Data    ZI Data      Debug   Library Member Name

        90          0          0          0          0          0   __dczerorl2.o
         8          0          0          0          0         68   __main.o
        52          8          0          0          0          0   __scatter.o
        28          0          0          0          0          0   __scatter_zi.o
        28          0          0          0          0         68   _chval.o
        22          0          0          0          0        100   _rserrno.o
        64          0          0          0          0         84   _sgetc.o
       228          6        148          0          0         96   bigflt0.o
      1846        132          0          0          0        736   btod.o
        12          0          0          0          0         72   exit.o
         6          0          0          0          0        152   heapauxi.o
         0          0          0          0          0          0   indicate_semi.o
        18          0          0          0          0         76   isspace.o
        44         10        272          0          0         76   lc_ctype_c.o
        44         10         28          0          0         76   lc_numeric_c.o
         2          0          0          0          0          0   libinit.o
        34          0          0          0          0          0   libinit2.o
         2          0          0          0          0          0   libshutdown.o
         2          0          0          0          0          0   libshutdown2.o
         8          4          0          0         96         68   libspace.o
        38          0          0          0          0         68   llshl.o
        16          4          0          0          0         76   rt_ctype_table.o
         8          4          0          0          0         68   rt_errno_addr_intlibspace.o
         8          4          0          0          0         68   rt_locale_intlibspace.o
        68          0          0          0          0         68   rt_memclr.o
        78          0          0          0          0         80   rt_memclr_w.o
       100          0          0          0          0         80   rt_memcpy_w.o
         0          0          0          0          0          0   rtentry.o
        12          0          0          0          0          0   rtentry2.o
         6          0          0          0          0          0   rtentry4.o
         2          0          0          0          0          0   rtexit.o
        10          0          0          0          0          0   rtexit2.o
      1202         12          0          0          0        216   scanf_fp.o
       788         12          0          0          0        100   scanf_hexfp.o
       316         18          0          0          0        100   scanf_infnan.o
       128          0          0          0          0         68   strcmpv7m.o
        86          0          0          0          0         76   strncpy.o
       160         12          0          0          0        120   strtod.o
        12          4          0          0          0         68   sys_exit.o
        74          0          0          0          0         80   sys_stackheap_outer.o
         2          0          0          0          0         68   use_no_semi.o
        24          0          0          0          0        164   basic.o
        98          4          0          0          0        140   d2f.o
       826         16          0          0          0        492   daddsub_clz.o
        16          4          0          0          0        116   dcheck1.o
        24          0          0          0          0        116   dcmpi.o
       688        140          0          0          0        256   ddiv.o
       120          4          0          0          0        140   deqf.o
        94          4          0          0          0        140   dfix.o
        90          4          0          0          0        140   dfixu.o
        84          0          0          0          0        232   dflt_clz.o
       120          4          0          0          0        140   dleqf.o
       340         12          0          0          0        152   dmul.o
       156          4          0          0          0        140   dnaninf.o
        12          0          0          0          0        116   dretinf.o
       108          0          0          0          0        128   drleqf.o
       408         56          0          0          0        168   dsqrt_umaal.o
        86          4          0          0          0        132   f2d.o
       140          4          0          0          0        132   fnaninf.o
         0          0          8          0          0          0   fpconst.o
        10          0          0          0          0        116   fpinit.o
        10          0          0          0          0        116   fretinf.o
       100          0          0          0          0        116   retnan.o
        92          0          0          0          0        116   scalbn.o
         4          0          0          0          0        116   scanf1.o
         8          0          0          0          0        132   scanf2.o
        48          0          0          0          0        116   trapv.o
         0          0          0          0          0          0   usenofp.o
       744        108        152          0          0        220   atan.o
        56         12          0          0          0        132   atof.o
       216         16          0          0          0        152   cos.o
       368         46         48          0          0        200   cos_i.o
        32          8          0          0          0        124   dunder.o
        52          0          0          0          0        248   fabs.o
       280         28          0          0          0        156   floor.o
        48          0          0          0          0        124   fpclassify.o
       156         22          0          0          0        132   frexp.o
       252         16          0          0          0        308   ldexp.o
       996        108         56          0          0        232   log.o
       184         18          0          0          0        152   narrow.o
       248          0          0          0          0        152   poly.o
      3216        310        136          0          0        216   pow.o
         0          0          8          0          0          0   qnan.o
      1112        140        200          0          0        188   rred.o
       216         16          0          0          0        152   sin.o
       304         24         40          0          0        208   sin_i.o
       232          0          0          0          0        296   sqrt.o
       160         18          0          0          0        152   tan.o
       856         84         96          0          0        196   tan_i.o

    ----------------------------------------------------------------------
     19128       1478       1192          0        100      10688   Library Totals
        42          4          0          0          4          0   (incl. Padding)

    ----------------------------------------------------------------------

      Code (inc. data)   RO Data    RW Data    ZI Data      Debug   Library Name

      5652        240        448          0         96       3076   c_w.l
      3706        260          8          0          0       3872   fz_wm.l
      9728        974        736          0          0       3740   m_wm.l

    ----------------------------------------------------------------------
     19128       1478       1192          0        100      10688   Library Totals

    ----------------------------------------------------------------------

==============================================================================


      Code (inc. data)   RO Data    RW Data    ZI Data      Debug   

     58736       3872       1728        620       6540     439522   Grand Totals
     58736       3872       1728        100       6540     439522   ELF Image Totals (compressed)
     58736       3872       1728        100          0          0   ROM Totals

==============================================================================

    Total RO  Size (Code + RO Data)                60464 (  59.05kB)
    Total RW  Size (RW Data + ZI Data)              7160 (   6.99kB)
    Total ROM Size (Code + RO Data + RW Data)      60564 (  59.14kB)

==============================================================================

