 Stanley_model_sfun

 Timestamp is 59dcd540 (Tue Oct 10 21:12:16 2017)

 Preferred load address is 0000000180000000

 Start         Length     Name                   Class
 0001:00000000 0003d234H .text                   CODE
 0001:0003d240 00000092H .text$x                 CODE
 0002:00000000 000004b8H .idata$5                DATA
 0002:000004b8 00000008H .CRT$XCA                DATA
 0002:000004c0 00000008H .CRT$XCZ                DATA
 0002:000004c8 00000008H .CRT$XIA                DATA
 0002:000004d0 00000008H .CRT$XIAA               DATA
 0002:000004d8 00000008H .CRT$XIZ                DATA
 0002:000004e0 00004b2cH .rdata                  DATA
 0002:00005010 00000008H .rtc$IAA                DATA
 0002:00005018 00000008H .rtc$IZZ                DATA
 0002:00005020 00000008H .rtc$TAA                DATA
 0002:00005028 00000008H .rtc$TZZ                DATA
 0002:00005030 00003fc4H .xdata                  DATA
 0002:00008ff4 000000a0H .idata$2                DATA
 0002:00009094 00000014H .idata$3                DATA
 0002:000090a8 000004b8H .idata$4                DATA
 0002:00009560 00000b02H .idata$6                DATA
 0002:0000a070 00000058H .edata                  DATA
 0003:00000000 00002b48H .data                   DATA
 0003:00002b60 000026d8H .bss                    DATA
 0004:00000000 000030a8H .pdata                  DATA

  Address         Publics by Value              Rva+Base               Lib:Object

 0000:00000000       ___safe_se_handler_count   0000000000000000     <absolute>
 0000:00000000       ___safe_se_handler_table   0000000000000000     <absolute>
 0000:00000000       __ImageBase                0000000180000000     <linker-defined>
 0001:00000000       sf_c1_Stanley_model_get_eml_resolved_functions_info 0000000180001000 f   c1_Stanley_model.obj
 0001:000010d0       sf_c1_Stanley_model_get_check_sum 00000001800020d0 f   c1_Stanley_model.obj
 0001:00001150       sf_c1_Stanley_model_get_autoinheritance_info 0000000180002150 f   c1_Stanley_model.obj
 0001:00002b30       sf_internal_get_sim_state_c1_Stanley_model 0000000180003b30 f   c1_Stanley_model.obj
 0001:00003260       sf_internal_set_sim_state_c1_Stanley_model 0000000180004260 f   c1_Stanley_model.obj
 0001:000037e0       c1_Stanley_model_method_dispatcher 00000001800047e0 f   c1_Stanley_model.obj
 0001:0000ac40       sf_process_check_sum_call  000000018000bc40 f   Stanley_model_sfun_registry.obj
 0001:0000ac90       sf_process_autoinheritance_call 000000018000bc90 f   Stanley_model_sfun_registry.obj
 0001:0000ae30       sf_process_get_eml_resolved_functions_info_call 000000018000be30 f   Stanley_model_sfun_registry.obj
 0001:0000afb0       sf_mex_unlock_call         000000018000bfb0 f   Stanley_model_sfun_registry.obj
 0001:0000b060       sf_machine_global_initializer_called 000000018000c060 f   Stanley_model_sfun_registry.obj
 0001:0000b090       sf_machine_global_method_dispatcher 000000018000c090 f   Stanley_model_sfun_registry.obj
 0001:0000b0f0       sf_machine_global_terminator 000000018000c0f0 f   Stanley_model_sfun_registry.obj
 0001:0000b130       sf_register_machine_exported_symbols 000000018000c130 f   Stanley_model_sfun_registry.obj
 0001:0000b150       callCustomFcn              000000018000c150 f   Stanley_model_sfun_registry.obj
 0001:0000b160       sf_machine_global_initializer 000000018000c160 f   Stanley_model_sfun_registry.obj
 0001:0000b1d0       _ssSetStateAbsTol          000000018000c1d0 f   Stanley_model_sfun_registry.obj
 0001:0000b2b0       _ssGetAbsTol               000000018000c2b0 f   Stanley_model_sfun_registry.obj
 0001:0000b320       _ssSetInputPortMatrixDimensions 000000018000c320 f   Stanley_model_sfun_registry.obj
 0001:0000b430       _ssSetOutputPortMatrixDimensions 000000018000c430 f   Stanley_model_sfun_registry.obj
 0001:0000b540       _ssSetInputPortVectorDimension 000000018000c540 f   Stanley_model_sfun_registry.obj
 0001:0000b610       _ssSetOutputPortVectorDimension 000000018000c610 f   Stanley_model_sfun_registry.obj
 0001:0000b6e0       ssIsRunTimeParamTunable    000000018000c6e0 f   Stanley_model_sfun_registry.obj
 0001:0000b750       ssGetSFuncBlockHandle      000000018000c750 f   Stanley_model_sfun_registry.obj
 0001:0000b7c0       _ssGetCurrentInputPortWidth 000000018000c7c0 f   Stanley_model_sfun_registry.obj
 0001:0000b8e0       _ssGetCurrentOutputPortWidth 000000018000c8e0 f   Stanley_model_sfun_registry.obj
 0001:0000ba00       _ssGetCallSystemNumFcnCallDestinations 000000018000ca00 f   Stanley_model_sfun_registry.obj
 0001:0000ba70       ssWarning                  000000018000ca70 f   Stanley_model_sfun_registry.obj
 0001:0000bb80       ssGetIsZeroCrossControlDisabled 000000018000cb80 f   Stanley_model_sfun_registry.obj
 0001:0000bbf0       ssSetIsInputPortUsedForContZcSignal 000000018000cbf0 f   Stanley_model_sfun_registry.obj
 0001:0000bc60       ssSetZcSignalIsZcElementDisc 000000018000cc60 f   Stanley_model_sfun_registry.obj
 0001:0000bd10       ssSetZcSignalName          000000018000cd10 f   Stanley_model_sfun_registry.obj
 0001:0000bd80       ssSetZcSignalWidth         000000018000cd80 f   Stanley_model_sfun_registry.obj
 0001:0000bdf0       ssSetZcSignalZcEventType   000000018000cdf0 f   Stanley_model_sfun_registry.obj
 0001:0000be60       ssSetZcSignalType          000000018000ce60 f   Stanley_model_sfun_registry.obj
 0001:0000bed0       ssSetZcSignalZcTol         000000018000ced0 f   Stanley_model_sfun_registry.obj
 0001:0000bf40       ssSetZcSignalNeedsEventNotification 000000018000cf40 f   Stanley_model_sfun_registry.obj
 0001:0000bfb0       ssCreateAndAddZcSignalInfo 000000018000cfb0 f   Stanley_model_sfun_registry.obj
 0001:0000c020       ssCloneAndAddZcSignalInfo  000000018000d020 f   Stanley_model_sfun_registry.obj
 0001:0000c090       ssGetNumZcSignals          000000018000d090 f   Stanley_model_sfun_registry.obj
 0001:0000c100       ssGetZcSignalVector        000000018000d100 f   Stanley_model_sfun_registry.obj
 0001:0000c170       ssGetZcSignalZcEvents      000000018000d170 f   Stanley_model_sfun_registry.obj
 0001:0000c1e0       ssGetZcSignalName          000000018000d1e0 f   Stanley_model_sfun_registry.obj
 0001:0000c250       ssGetZcSignalWidth         000000018000d250 f   Stanley_model_sfun_registry.obj
 0001:0000c2c0       ssGetZcSignalZcEventType   000000018000d2c0 f   Stanley_model_sfun_registry.obj
 0001:0000c330       ssGetZcSignalType          000000018000d330 f   Stanley_model_sfun_registry.obj
 0001:0000c3a0       ssGetZcSignalZcTol         000000018000d3a0 f   Stanley_model_sfun_registry.obj
 0001:0000c420       ssGetZcSignalNeedsEventNotification 000000018000d420 f   Stanley_model_sfun_registry.obj
 0001:0000c490       ssGetZcSignalIsZcElementDisc 000000018000d490 f   Stanley_model_sfun_registry.obj
 0001:0000c530       ssGetIsInputPortElementContinuous 000000018000d530 f   Stanley_model_sfun_registry.obj
 0001:0000c5d0       _ssGetInputPortSignalPtrsFcn 000000018000d5d0 f   Stanley_model_sfun_registry.obj
 0001:0000c890       _ssGetInputPortSignalFcn   000000018000d890 f   Stanley_model_sfun_registry.obj
 0001:0000cab0       _ssSetInputPortDirectFeedThroughFcn 000000018000dab0 f   Stanley_model_sfun_registry.obj
 0001:0000cc10       _ssSetInputPortReusableFcn 000000018000dc10 f   Stanley_model_sfun_registry.obj
 0001:0000cd00       _ssSetOutputPortReusableFcn 000000018000dd00 f   Stanley_model_sfun_registry.obj
 0001:0000cde0       ssGetDTypeIdFromMxArray    000000018000dde0 f   Stanley_model_sfun_registry.obj
 0001:0000cf00       ssWriteRTWStr              000000018000df00 f   Stanley_model_sfun_registry.obj
 0001:0000cf60       ssWriteRTWMxVectParam      000000018000df60 f   Stanley_model_sfun_registry.obj
 0001:0000cfc0       ssWriteRTWMx2dMatParam     000000018000dfc0 f   Stanley_model_sfun_registry.obj
 0001:0000d040       ssWriteRTWNameValuePair    000000018000e040 f   Stanley_model_sfun_registry.obj
 0001:0000d530       ssWriteRTWParameters       000000018000e530 f   Stanley_model_sfun_registry.obj
 0001:0000db30       ssWriteRTWParamSettings    000000018000eb30 f   Stanley_model_sfun_registry.obj
 0001:0000e200       ssWriteRTWWorkVect         000000018000f200 f   Stanley_model_sfun_registry.obj
 0001:0000e700       mexFunction                000000018000f700 f   Stanley_model_sfun_registry.obj
 0001:000103c0       ProcessMexSfunctionEveryCall 00000001800113c0 f   Stanley_model_sfun_registry.obj
 0001:00010530       Stanley_model_initializer  0000000180011530 f   Stanley_model_sfun.obj
 0001:00010540       Stanley_model_terminator   0000000180011540 f   Stanley_model_sfun.obj
 0001:00010550       sf_Stanley_model_method_dispatcher 0000000180011550 f   Stanley_model_sfun.obj
 0001:000105a0       sf_Stanley_model_process_check_sum_call 00000001800115a0 f   Stanley_model_sfun.obj
 0001:000109b0       sf_Stanley_model_autoinheritance_info 00000001800119b0 f   Stanley_model_sfun.obj
 0001:00010b20       sf_Stanley_model_get_eml_resolved_functions_info 0000000180011b20 f   Stanley_model_sfun.obj
 0001:00010c50       Stanley_model_debug_initialize 0000000180011c50 f   Stanley_model_sfun.obj
 0001:00010cc0       Stanley_model_register_exported_symbols 0000000180011cc0 f   Stanley_model_sfun.obj
 0001:00010cd0       load_Stanley_model_optimization_info 0000000180011cd0 f   Stanley_model_sfun.obj
 0001:00010d20       unload_Stanley_model_optimization_info 0000000180011d20 f   Stanley_model_sfun.obj
 0001:00010e40       sf_mex_mx_is_numeric       0000000180011e40 f   sfc_mex:sfc_mex.obj
 0001:00010e80       strcmp_ignore_ws           0000000180011e80 f   sfc_mex:sfc_mex.obj
 0001:00010fc0       sf_mex_duplicatearraysafe  0000000180011fc0 f   sfc_mex:sfc_mex.obj
 0001:00011120       sf_set_error_debugger_context_message_fcn 0000000180012120 f   sfc_mex:sfc_mex.obj
 0001:00011130       sf_set_debugger_matlab_error_fcn 0000000180012130 f   sfc_mex:sfc_mex.obj
 0001:00011160       sf_set_error_prefix_string 0000000180012160 f   sfc_mex:sfc_mex.obj
 0001:00011190       sf_get_error_prefix_string 0000000180012190 f   sfc_mex:sfc_mex.obj
 0001:000111a0       sf_mex_enter_parallel_region 00000001800121a0 f   sfc_mex:sfc_mex.obj
 0001:000111b0       sf_mex_exit_parallel_region 00000001800121b0 f   sfc_mex:sfc_mex.obj
 0001:000111c0       sf_get_current_jmp_buf_ptr 00000001800121c0 f   sfc_mex:sfc_mex.obj
 0001:000111d0       sf_set_current_jmp_buf_ptr 00000001800121d0 f   sfc_mex:sfc_mex.obj
 0001:000111e0       sf_mex_set_halt_simulation 00000001800121e0 f   sfc_mex:sfc_mex.obj
 0001:000111f0       sf_mex_get_halt_simulation 00000001800121f0 f   sfc_mex:sfc_mex.obj
 0001:00011200       sf_mex_clear_error_message 0000000180012200 f   sfc_mex:sfc_mex.obj
 0001:00011220       sf_mex_get_error_message_for_read 0000000180012220 f   sfc_mex:sfc_mex.obj
 0001:00011230       sf_mex_get_error_message_buffer_length 0000000180012230 f   sfc_mex:sfc_mex.obj
 0001:00011310       sf_mex_warning_message     0000000180012310 f   sfc_mex:sfc_mex.obj
 0001:00011380       sf_mex_v_errbuf_createf    0000000180012380 f   sfc_mex:sfc_mex.obj
 0001:00011390       sf_mex_errbuf_createf      0000000180012390 f   sfc_mex:sfc_mex.obj
 0001:000113c0       sf_mex_v_errbuf_catf       00000001800123c0 f   sfc_mex:sfc_mex.obj
 0001:00011400       sf_mex_errbuf_catf         0000000180012400 f   sfc_mex:sfc_mex.obj
 0001:00011450       sf_mex_errbuf_copy         0000000180012450 f   sfc_mex:sfc_mex.obj
 0001:00011460       sf_mex_errbuf_clear        0000000180012460 f   sfc_mex:sfc_mex.obj
 0001:00011470       sf_mex_errbuf_isempty      0000000180012470 f   sfc_mex:sfc_mex.obj
 0001:00011580       sf_mex_set_error_status    0000000180012580 f   sfc_mex:sfc_mex.obj
 0001:000115d0       sf_mex_error_direct_call   00000001800125d0 f   sfc_mex:sfc_mex.obj
 0001:000115f0       sf_mex_error_message_no_long_jump 00000001800125f0 f   sfc_mex:sfc_mex.obj
 0001:00011610       sf_mex_long_jump_on_error  0000000180012610 f   sfc_mex:sfc_mex.obj
 0001:00011640       sf_mex_call_matlab         0000000180012640 f   sfc_mex:sfc_mex.obj
 0001:00011760       sf_mex_check_builtin       0000000180012760 f   sfc_mex:sfc_mex.obj
 0001:00011800       sf_mex_check_builtin_vs    0000000180012800 f   sfc_mex:sfc_mex.obj
 0001:000118c0       sf_mex_check_enum          00000001800128c0 f   sfc_mex:sfc_mex.obj
 0001:00011940       sf_mex_create_enum         0000000180012940 f   sfc_mex:sfc_mex.obj
 0001:000119b0       sf_mex_get_enum_element    00000001800129b0 f   sfc_mex:sfc_mex.obj
 0001:000119c0       sf_mex_createcellarray     00000001800129c0 f   sfc_mex:sfc_mex.obj
 0001:000119d0       sf_mex_setcell             00000001800129d0 f   sfc_mex:sfc_mex.obj
 0001:000119e0       sf_mex_getcell             00000001800129e0 f   sfc_mex:sfc_mex.obj
 0001:000119f0       sf_mex_dup                 00000001800129f0 f   sfc_mex:sfc_mex.obj
 0001:00011a10       sf_mex_assign              0000000180012a10 f   sfc_mex:sfc_mex.obj
 0001:00011a90       sf_mex_destroy             0000000180012a90 f   sfc_mex:sfc_mex.obj
 0001:00011ac0       mx_array_has_fi_type       0000000180012ac0 f   sfc_mex:sfc_mex.obj
 0001:00011af0       sf_mex_convert_from_fi     0000000180012af0 f   sfc_mex:sfc_mex.obj
 0001:00011c20       sf_mex_convert_to_double   0000000180012c20 f   sfc_mex:sfc_mex.obj
 0001:00011d40       sf_mex_import_fi_vs        0000000180012d40 f   sfc_mex:sfc_mex.obj
 0001:00011f00       sf_matrix_matrix_index_ok  0000000180012f00 f   sfc_mex:sfc_mex.obj
 0001:00011f90       sf_vector_vector_index_ok  0000000180012f90 f   sfc_mex:sfc_mex.obj
 0001:00011fc0       ssGetCurrentInputPortDimensions_wrapper 0000000180012fc0 f   sfc_mex:sfc_mex.obj
 0001:00011fe0       ssGetCurrentOutputPortDimensions_wrapper 0000000180012fe0 f   sfc_mex:sfc_mex.obj
 0001:00012000       sf_mex_emlrt_context_is_debug_mode 0000000180013000 f   sfc_mex:sfc_mex.obj
 0001:00012010       sf_mex_emlrt_context_set_debug_mode 0000000180013010 f   sfc_mex:sfc_mex.obj
 0001:00012020       sf_mex_emlrtNameCapturePostProcessR2012a 0000000180013020 f   sfc_mex:sfc_mex.obj
 0001:00012090       sf_clear_error_manager_info 0000000180013090 f   sfc_mex:sfc_mex.obj
 0001:000120f0       sf_mex_stop_simulation_abruptly_wo_error 00000001800130f0 f   sfc_mex:sfc_mex.obj
 0001:00012130       sf_mex_error_message       0000000180013130 f   sfc_mex:sfc_mex.obj
 0001:00012190       sf_react_to_error_in_matlab_call 0000000180013190 f   sfc_mex:sfc_mex.obj
 0001:000121c0       sf_mex_addfield            00000001800131c0 f   sfc_mex:sfc_mex.obj
 0001:00012260       sf_mex_getfield            0000000180013260 f   sfc_mex:sfc_mex.obj
 0001:00012560       sf_mex_check_class         0000000180013560 f   sfc_mex:sfc_mex.obj
 0001:00012600       sf_mex_is_real             0000000180013600 f   sfc_mex:sfc_mex.obj
 0001:00012a70       sf_mex_decode_encoded_mx_struct_array 0000000180013a70 f   sfc_mex:sfc_mex.obj
 0001:00012d50       sf_mex_lw_bounds_check     0000000180013d50 f   sfc_mex:sfc_mex.obj
 0001:00012d80       sf_mex_lw_size_eq_check_1d 0000000180013d80 f   sfc_mex:sfc_mex.obj
 0001:00012da0       sf_mex_lw_size_eq_check_nd 0000000180013da0 f   sfc_mex:sfc_mex.obj
 0001:00012f80       sf_mex_lw_dim_size_eq_check 0000000180013f80 f   sfc_mex:sfc_mex.obj
 0001:00012fb0       sf_mex_lw_dim_size_geq_check 0000000180013fb0 f   sfc_mex:sfc_mex.obj
 0001:00012fe0       sf_mex_lw_sub_assign_size_check_nd 0000000180013fe0 f   sfc_mex:sfc_mex.obj
 0001:00013210       sf_mex_lw_runtime_error_msgid 0000000180014210 f   sfc_mex:sfc_mex.obj
 0001:00013300       sf_mex_lw_matrix_matrix_index_check 0000000180014300 f   sfc_mex:sfc_mex.obj
 0001:00013320       sf_mex_lw_vector_vector_index_check 0000000180014320 f   sfc_mex:sfc_mex.obj
 0001:00013360       sf_mex_lw_for_loop_vector_check 0000000180014360 f   sfc_mex:sfc_mex.obj
 0001:000133f0       sf_mex_lw_non_negative_check 00000001800143f0 f   sfc_mex:sfc_mex.obj
 0001:00013430       sf_mex_overflow_error      0000000180014430 f   sfc_mex:sfc_mex.obj
 0001:00013440       sf_mex_dividebyzero_error  0000000180014440 f   sfc_mex:sfc_mex.obj
 0001:00013450       sf_mex_unsafe_enum_error   0000000180014450 f   sfc_mex:sfc_mex.obj
 0001:00013460       sf_emlrtErrHandler         0000000180014460 f   sfc_mex:sfc_mex.obj
 0001:00013540       sf_mex_size_one_check      0000000180014540 f   sfc_mex:sfc_mex.obj
 0001:00013560       sf_mex_printf              0000000180014560 f   sfc_mex:sfc_mex.obj
 0001:00013730       sf_mex_check_size          0000000180014730 f   sfc_mex:sfc_mex.obj
 0001:00013a00       sf_mex_check_struct        0000000180014a00 f   sfc_mex:sfc_mex.obj
 0001:00013c60       sf_mex_check_struct_vs     0000000180014c60 f   sfc_mex:sfc_mex.obj
 0001:00013cf0       sf_mex_check_fi            0000000180014cf0 f   sfc_mex:sfc_mex.obj
 0001:00013df0       sf_mex_check_fi_vs         0000000180014df0 f   sfc_mex:sfc_mex.obj
 0001:00013e90       sf_echo_expression         0000000180014e90 f   sfc_mex:sfc_mex.obj
 0001:00013ef0       sf_assertion_failed        0000000180014ef0 f   sfc_mex:sfc_mex.obj
 0001:000141d0       sf_mex_evalin              00000001800151d0 f   sfc_mex:sfc_mex.obj
 0001:00014440       sf_mex_export              0000000180015440 f   sfc_mex:sfc_mex.obj
 0001:00014500       sf_mex_get_ml_var_no_error 0000000180015500 f   sfc_mex:sfc_mex.obj
 0001:000146a0       sf_mex_get_ml_var          00000001800156a0 f   sfc_mex:sfc_mex.obj
 0001:00014b40       ml_set_element_value_in_array 0000000180015b40 f   sfc_mex:sfc_mex.obj
 0001:00016210       sf_mex_call_impl           0000000180017210 f   sfc_mex:sfc_mex.obj
 0001:00016740       sf_mex_call_debug          0000000180017740 f   sfc_mex:sfc_mex.obj
 0001:00016770       sf_mex_call                0000000180017770 f   sfc_mex:sfc_mex.obj
 0001:00016dc0       sf_mex_createstruct        0000000180017dc0 f   sfc_mex:sfc_mex.obj
 0001:00016eb0       sf_mex_createstructarray   0000000180017eb0 f   sfc_mex:sfc_mex.obj
 0001:00016f30       sf_mex_get_mx_datatype_from_sf_datatype 0000000180017f30 f   sfc_mex:sfc_mex.obj
 0001:00017240       sf_mex_ml_var_sub          0000000180018240 f   sfc_mex:sfc_mex.obj
 0001:00017410       sf_mex_ml_var_subsasgn     0000000180018410 f   sfc_mex:sfc_mex.obj
 0001:00017800       sf_mex_sub                 0000000180018800 f   sfc_mex:sfc_mex.obj
 0001:00017a00       sf_mex_subsasgn            0000000180018a00 f   sfc_mex:sfc_mex.obj
 0001:00017ee0       sf_mex_create              0000000180018ee0 f   sfc_mex:sfc_mex.obj
 0001:00018930       sf_mex_import_named        0000000180019930 f   sfc_mex:sfc_mex.obj
 0001:00018990       sf_mex_import              0000000180019990 f   sfc_mex:sfc_mex.obj
 0001:000189e0       sf_mex_import_vs           00000001800199e0 f   sfc_mex:sfc_mex.obj
 0001:00018af0       sf_mex_lower_fixpt_mx_array 0000000180019af0 f   sfc_mex:sfc_mex.obj
 0001:00018de0       sf_send_message_wrapper    0000000180019de0 f   sfc_mex:sfc_sf.obj
 0001:00018e10       sf_receive_message_wrapper 0000000180019e10 f   sfc_mex:sfc_sf.obj
 0001:00018e50       sf_check_out_message_wrapper 0000000180019e50 f   sfc_mex:sfc_sf.obj
 0001:00018e90       sf_check_in_message_wrapper 0000000180019e90 f   sfc_mex:sfc_sf.obj
 0001:00018ed0       sf_no_message_wrapper      0000000180019ed0 f   sfc_mex:sfc_sf.obj
 0001:00019260       sim_mode_is_rtw_gen        000000018001a260 f   sfc_mex:sfc_sf.obj
 0001:00019290       sim_mode_is_external       000000018001a290 f   sfc_mex:sfc_sf.obj
 0001:000192a0       sim_mode_is_modelref_sim   000000018001a2a0 f   sfc_mex:sfc_sf.obj
 0001:000192c0       mdlInitializeSizes         000000018001a2c0 f   sfc_mex:sfc_sf.obj
 0001:000192e0       mdlInitializeSampleTimes   000000018001a2e0 f   sfc_mex:sfc_sf.obj
 0001:00019320       mdlZeroCrossings           000000018001a320 f   sfc_mex:sfc_sf.obj
 0001:00019400       mdlDerivatives             000000018001a400 f   sfc_mex:sfc_sf.obj
 0001:000194b0       mdl_initialize_conditions_processing 000000018001a4b0 f   sfc_mex:sfc_sf.obj
 0001:000194e0       mdlInitializeConditions    000000018001a4e0 f   sfc_mex:sfc_sf.obj
 0001:000195a0       mdlGetSimState             000000018001a5a0 f   sfc_mex:sfc_sf.obj
 0001:000195b0       mdlSetSimState             000000018001a5b0 f   sfc_mex:sfc_sf.obj
 0001:000195c0       mdl_ext_mode_exec_processing 000000018001a5c0 f   sfc_mex:sfc_sf.obj
 0001:000195e0       mdlExtModeExec             000000018001a5e0 f   sfc_mex:sfc_sf.obj
 0001:00019770       mdlTerminate               000000018001a770 f   sfc_mex:sfc_sf.obj
 0001:000197e0       mdlRTW                     000000018001a7e0 f   sfc_mex:sfc_sf.obj
 0001:00019810       mdlSetWorkWidths           000000018001a810 f   sfc_mex:sfc_sf.obj
 0001:00019820       mdlProcessParameters       000000018001a820 f   sfc_mex:sfc_sf.obj
 0001:00019830       mdl_start_processing       000000018001a830 f   sfc_mex:sfc_sf.obj
 0001:00019890       mdlStart                   000000018001a890 f   sfc_mex:sfc_sf.obj
 0001:000199a0       mdlEnable                  000000018001a9a0 f   sfc_mex:sfc_sf.obj
 0001:00019a70       mdlDisable                 000000018001aa70 f   sfc_mex:sfc_sf.obj
 0001:00019b20       sf_get_chart_instance_ptr  000000018001ab20 f   sfc_mex:sfc_sf.obj
 0001:00019b40       sf_load_rtw_optimization_info 000000018001ab40 f   sfc_mex:sfc_sf.obj
 0001:00019c10       sf_rtw_info_uint_prop      000000018001ac10 f   sfc_mex:sfc_sf.obj
 0001:00019d50       sf_is_chart_inlinable      000000018001ad50 f   sfc_mex:sfc_sf.obj
 0001:00019d70       sf_mark_output_events_with_multiple_callers 000000018001ad70 f   sfc_mex:sfc_sf.obj
 0001:00019f00       sf_mark_chart_reusable_outputs 000000018001af00 f   sfc_mex:sfc_sf.obj
 0001:0001a160       sf_mark_chart_expressionable_inputs 000000018001b160 f   sfc_mex:sfc_sf.obj
 0001:0001a3c0       sf_get_subchart_simstruct  000000018001b3c0 f   sfc_mex:sfc_sf.obj
 0001:0001a410       sf_get_fixpt_data_type_id  000000018001b410 f   sfc_mex:sfc_sf.obj
 0001:0001a450       sf_get_enum_data_type_id   000000018001b450 f   sfc_mex:sfc_sf.obj
 0001:0001a490       sf_get_param_data_type_id  000000018001b490 f   sfc_mex:sfc_sf.obj
 0001:0001a4c0       sf_mex_listen_for_ctrl_c_force 000000018001b4c0 f   sfc_mex:sfc_sf.obj
 0001:0001a5d0       sf_mex_draw_now            000000018001b5d0 f   sfc_mex:sfc_sf.obj
 0001:0001a610       sf_mex_set_debugger_sim_status_listener_fcn 000000018001b610 f   sfc_mex:sfc_sf.obj
 0001:0001a620       sf_mex_listen_for_ctrl_c   000000018001b620 f   sfc_mex:sfc_sf.obj
 0001:0001a6b0       sf_mex_get_sfun_param      000000018001b6b0 f   sfc_mex:sfc_sf.obj
 0001:0001a700       sf_get_runtime_param_data  000000018001b700 f   sfc_mex:sfc_sf.obj
 0001:0001a740       sf_call_output_fcn_call    000000018001b740 f   sfc_mex:sfc_sf.obj
 0001:0001a880       sf_call_output_fcn_enable  000000018001b880 f   sfc_mex:sfc_sf.obj
 0001:0001a910       sf_call_output_fcn_disable 000000018001b910 f   sfc_mex:sfc_sf.obj
 0001:0001a9a0       sf_clear_rtw_identifier    000000018001b9a0 f   sfc_mex:sfc_sf.obj
 0001:0001b190       sf_set_encoded_dwork_info  000000018001c190 f   sfc_mex:sfc_sf.obj
 0001:0001b1e0       sf_get_dwork_info_from_mat_file 000000018001c1e0 f   sfc_mex:sfc_sf.obj
 0001:0001b3a0       sf_set_rtw_dwork_info      000000018001c3a0 f   sfc_mex:sfc_sf.obj
 0001:0001b510       mdlOutputs                 000000018001c510 f   sfc_mex:sfc_sf.obj
 0001:0001b6b0       sf_debug_disp              000000018001c6b0 f   sfc_debug:sfcdebug.obj
 0001:0001b910       sf_debug_data_runtime_size_mismatch_error_check 000000018001c910 f   sfc_debug:sfcdebug.obj
 0001:0001b9b0       sf_debug_try_loading_machine 000000018001c9b0 f   sfc_debug:sfcdebug.obj
 0001:0001bab0       sf_debug_reset_current_state_configuration 000000018001cab0 f   sfc_debug:sfcdebug.obj
 0001:0001bb40       sf_debug_store_current_state_configuration 000000018001cb40 f   sfc_debug:sfcdebug.obj
 0001:0001bbd0       sf_debug_restore_previous_state_configuration 000000018001cbd0 f   sfc_debug:sfcdebug.obj
 0001:0001bc60       sf_debug_restore_previous_state_configuration2 000000018001cc60 f   sfc_debug:sfcdebug.obj
 0001:0001bcf0       sf_debug_get_event_scope   000000018001ccf0 f   sfc_debug:sfcdebug.obj
 0001:0001be60       use_debugger_step_animation 000000018001ce60 f   sfc_debug:sfcdebug.obj
 0001:0001be80       sf_debug_get_script_id     000000018001ce80 f   sfc_debug:sfcdebug.obj
 0001:0001bf10       sf_debug_set_script_translation 000000018001cf10 f   sfc_debug:sfcdebug.obj
 0001:0001c090       sf_debug_extract_message_post_receive_info 000000018001d090 f   sfc_debug:sfcdebug.obj
 0001:0001c190       sf_debug_get_current_machine_id 000000018001d190 f   sfc_debug:sfcdebug.obj
 0001:0001c1b0       sf_debug_get_current_optional_integer 000000018001d1b0 f   sfc_debug:sfcdebug.obj
 0001:0001c1c0       sf_debug_get_current_machine_number 000000018001d1c0 f   sfc_debug:sfcdebug.obj
 0001:0001c1e0       sf_debug_get_current_machine_name 000000018001d1e0 f   sfc_debug:sfcdebug.obj
 0001:0001c200       sf_debug_get_current_chart_id 000000018001d200 f   sfc_debug:sfcdebug.obj
 0001:0001c250       sf_debug_get_current_chart_number 000000018001d250 f   sfc_debug:sfcdebug.obj
 0001:0001c260       sf_debug_get_current_instance_number 000000018001d260 f   sfc_debug:sfcdebug.obj
 0001:0001c270       sf_debug_get_current_is_minor_time_step 000000018001d270 f   sfc_debug:sfcdebug.obj
 0001:0001c2f0       sf_debug_get_current_object_type 000000018001d2f0 f   sfc_debug:sfcdebug.obj
 0001:0001c300       sf_debug_get_current_instance_handle 000000018001d300 f   sfc_debug:sfcdebug.obj
 0001:0001c360       sf_debug_get_current_event_type 000000018001d360 f   sfc_debug:sfcdebug.obj
 0001:0001c370       sf_debug_get_current_object_id 000000018001d370 f   sfc_debug:sfcdebug.obj
 0001:0001c3b0       sf_debug_get_current_active_event_type 000000018001d3b0 f   sfc_debug:sfcdebug.obj
 0001:0001c3c0       sf_debug_get_current_active_event_id 000000018001d3c0 f   sfc_debug:sfcdebug.obj
 0001:0001c400       sf_debug_get_current_tag_type 000000018001d400 f   sfc_debug:sfcdebug.obj
 0001:0001c410       sf_debug_get_current_simulation_time 000000018001d410 f   sfc_debug:sfcdebug.obj
 0001:0001c420       sf_debug_get_current_coverage_percentage 000000018001d420 f   sfc_debug:sfcdebug.obj
 0001:0001c430       sf_debug_current_statement_context 000000018001d430 f   sfc_debug:sfcdebug.obj
 0001:0001c4c0       sf_debug_get_current_statement_info 000000018001d4c0 f   sfc_debug:sfcdebug.obj
 0001:0001c640       sf_debug_terminate_instance 000000018001d640 f   sfc_debug:sfcdebug.obj
 0001:0001c980       sf_debug_assertion_failed  000000018001d980 f   sfc_debug:sfcdebug.obj
 0001:0001cbe0       sf_debug_set_number_of_data_with_change_event_for_machine 000000018001dbe0 f   sfc_debug:sfcdebug.obj
 0001:0001cc20       sf_debug_set_machine_event_thresholds 000000018001dc20 f   sfc_debug:sfcdebug.obj
 0001:0001cc40       sf_debug_set_machine_event_scope 000000018001dc40 f   sfc_debug:sfcdebug.obj
 0001:0001cc80       sf_debug_set_machine_data_thresholds 000000018001dc80 f   sfc_debug:sfcdebug.obj
 0001:0001ccc0       sf_debug_set_machine_data_scope 000000018001dcc0 f   sfc_debug:sfcdebug.obj
 0001:0001cd50       sf_debug_set_machine_data_name 000000018001dd50 f   sfc_debug:sfcdebug.obj
 0001:0001cdf0       sf_debug_set_machine_data_size 000000018001ddf0 f   sfc_debug:sfcdebug.obj
 0001:0001cf30       sf_debug_set_machine_data_type 000000018001df30 f   sfc_debug:sfcdebug.obj
 0001:0001d0a0       sf_debug_get_chart_data_number 000000018001e0a0 f   sfc_debug:sfcdebug.obj
 0001:0001d0c0       sf_debug_get_chart_event_number 000000018001e0c0 f   sfc_debug:sfcdebug.obj
 0001:0001d0e0       sf_debug_set_chart_state_info 000000018001e0e0 f   sfc_debug:sfcdebug.obj
 0001:0001d160       sf_debug_set_chart_decomposition 000000018001e160 f   sfc_debug:sfcdebug.obj
 0001:0001d1d0       sf_debug_set_chart_substate_count 000000018001e1d0 f   sfc_debug:sfcdebug.obj
 0001:0001d2b0       sf_debug_set_chart_substate_index 000000018001e2b0 f   sfc_debug:sfcdebug.obj
 0001:0001d320       sf_debug_set_chart_state_substate_count 000000018001e320 f   sfc_debug:sfcdebug.obj
 0001:0001d430       sf_debug_set_chart_state_substate_index 000000018001e430 f   sfc_debug:sfcdebug.obj
 0001:0001d4b0       sf_debug_set_number_of_data_with_change_event_for_chart 000000018001e4b0 f   sfc_debug:sfcdebug.obj
 0001:0001d530       sf_debug_set_number_of_states_with_entry_event_for_chart 000000018001e530 f   sfc_debug:sfcdebug.obj
 0001:0001d5a0       sf_debug_set_number_of_states_with_exit_event_for_chart 000000018001e5a0 f   sfc_debug:sfcdebug.obj
 0001:0001d610       sf_debug_set_chart_disable_implicit_casting 000000018001e610 f   sfc_debug:sfcdebug.obj
 0001:0001d680       sf_debug_set_chart_event_thresholds 000000018001e680 f   sfc_debug:sfcdebug.obj
 0001:0001d6f0       sf_debug_set_chart_data_compiled_props 000000018001e6f0 f   sfc_debug:sfcdebug.obj
 0001:0001da40       sf_debug_set_chart_data_props 000000018001ea40 f   sfc_debug:sfcdebug.obj
 0001:0001dd60       sf_debug_check_fi_license  000000018001ed60 f   sfc_debug:sfcdebug.obj
 0001:0001df50       sf_debug_symbol_scope_push 000000018001ef50 f   sfc_debug:sfcdebug.obj
 0001:0001df90       sf_debug_symbol_scope_push_eml 000000018001ef90 f   sfc_debug:sfcdebug.obj
 0001:0001dfe0       sf_debug_symbol_scope_pop  000000018001efe0 f   sfc_debug:sfcdebug.obj
 0001:0001e020       sf_debug_symbol_scope_add_importable 000000018001f020 f   sfc_debug:sfcdebug.obj
 0001:0001e0a0       sf_debug_symbol_scope_add  000000018001f0a0 f   sfc_debug:sfcdebug.obj
 0001:0001e120       sf_debug_symbol_scope_add_dyn_importable 000000018001f120 f   sfc_debug:sfcdebug.obj
 0001:0001e1e0       sf_debug_symbol_scope_add_dyn 000000018001f1e0 f   sfc_debug:sfcdebug.obj
 0001:0001e210       sf_debug_symbol_scope_add_eml_importable 000000018001f210 f   sfc_debug:sfcdebug.obj
 0001:0001e250       sf_debug_symbol_scope_add_eml 000000018001f250 f   sfc_debug:sfcdebug.obj
 0001:0001e290       sf_debug_symbol_scope_add_eml_dyn_importable 000000018001f290 f   sfc_debug:sfcdebug.obj
 0001:0001e300       sf_debug_symbol_scope_add_eml_dyn 000000018001f300 f   sfc_debug:sfcdebug.obj
 0001:0001e360       sf_debug_symbol_switch     000000018001f360 f   sfc_debug:sfcdebug.obj
 0001:0001e380       sf_debug_symbol_scope_add_verbose 000000018001f380 f   sfc_debug:sfcdebug.obj
 0001:0001e450       sf_debug_set_machine_data_value_ptr 000000018001f450 f   sfc_debug:sfcdebug.obj
 0001:0001e490       sf_debug_set_instance_data_value_ptr 000000018001f490 f   sfc_debug:sfcdebug.obj
 0001:0001e550       sf_debug_unset_instance_data_value_ptr 000000018001f550 f   sfc_debug:sfcdebug.obj
 0001:0001e600       sf_debug_set_chart_event_scope 000000018001f600 f   sfc_debug:sfcdebug.obj
 0001:0001e680       sf_debug_set_chart_transition_coverage_maps 000000018001f680 f   sfc_debug:sfcdebug.obj
 0001:0001e790       sf_debug_set_chart_state_coverage_maps 000000018001f790 f   sfc_debug:sfcdebug.obj
 0001:0001e870       sf_debug_set_instance_transition_coverage_weights 000000018001f870 f   sfc_debug:sfcdebug.obj
 0001:0001e910       sf_debug_set_instance_state_coverage_weights 000000018001f910 f   sfc_debug:sfcdebug.obj
 0001:0001eb60       sf_debug_unload_machine    000000018001fb60 f   sfc_debug:sfcdebug.obj
 0001:0001ebb0       sf_debug_load_machine      000000018001fbb0 f   sfc_debug:sfcdebug.obj
 0001:0001ecb0       sf_debug_set_active_instance_in_data_dictionary 000000018001fcb0 f   sfc_debug:sfcdebug.obj
 0001:0001ee90       sf_debug_set_active_instance 000000018001fe90 f   sfc_debug:sfcdebug.obj
 0001:0001eff0       sf_debug_chart_visiblity_change 000000018001fff0 f   sfc_debug:sfcdebug.obj
 0001:0001f0f0       sf_debug_select_chart      00000001800200f0 f   sfc_debug:sfcdebug.obj
 0001:0001f260       sf_debug_set_instance_cv_ids 0000000180020260 f   sfc_debug:sfcdebug.obj
 0001:0001f570       sf_debug_select_charts     0000000180020570 f   sfc_debug:sfcdebug.obj
 0001:0001f700       sf_debug_initialized       0000000180020700 f   sfc_debug:sfcdebug.obj
 0001:0001f710       sf_debug_is_uninterruptible 0000000180020710 f   sfc_debug:sfcdebug.obj
 0001:0001f740       sf_debug_initialize_debugger_gui 0000000180020740 f   sfc_debug:sfcdebug.obj
 0001:0001fb30       sf_debug_resume            0000000180020b30 f   sfc_debug:sfcdebug.obj
 0001:0001fb50       sf_debug_go                0000000180020b50 f   sfc_debug:sfcdebug.obj
 0001:0001fb60       sf_debug_break             0000000180020b60 f   sfc_debug:sfcdebug.obj
 0001:0001fb70       sf_debug_step_over         0000000180020b70 f   sfc_debug:sfcdebug.obj
 0001:0001fb80       sf_debug_step_out          0000000180020b80 f   sfc_debug:sfcdebug.obj
 0001:0001fb90       sf_debug_set_disable_all_breakpoints 0000000180020b90 f   sfc_debug:sfcdebug.obj
 0001:0001fba0       sf_debug_disable_all_breakpoints_and_go 0000000180020ba0 f   sfc_debug:sfcdebug.obj
 0001:0001fbb0       sf_debug_break_on_chart_entry 0000000180020bb0 f   sfc_debug:sfcdebug.obj
 0001:0001fbc0       sf_debug_break_on_event_broadcast 0000000180020bc0 f   sfc_debug:sfcdebug.obj
 0001:0001fbd0       sf_debug_break_on_state_entry 0000000180020bd0 f   sfc_debug:sfcdebug.obj
 0001:0001fbe0       sf_debug_break_between_times 0000000180020be0 f   sfc_debug:sfcdebug.obj
 0001:0001fc00       sf_debug_browse_data       0000000180020c00 f   sfc_debug:sfcdebug.obj
 0001:0001fc20       sf_debug_watch_data        0000000180020c20 f   sfc_debug:sfcdebug.obj
 0001:0001fc40       sf_debug_assign_data       0000000180020c40 f   sfc_debug:sfcdebug.obj
 0001:0001fc60       sf_debug_whos              0000000180020c60 f   sfc_debug:sfcdebug.obj
 0001:0001fc80       sf_debug_get_consistency_info 0000000180020c80 f   sfc_debug:sfcdebug.obj
 0001:0001fc90       sf_debug_browse_trace      0000000180020c90 f   sfc_debug:sfcdebug.obj
 0001:0001fca0       sf_debug_set_breakpoints   0000000180020ca0 f   sfc_debug:sfcdebug.obj
 0001:0001fe00       sf_debug_set_eml_breakpoints 0000000180020e00 f   sfc_debug:sfcdebug.obj
 0001:0001ff60       sf_debug_set_script_breakpoints 0000000180020f60 f   sfc_debug:sfcdebug.obj
 0001:0001ffe0       sf_debug_add_script_breakpoints 0000000180020fe0 f   sfc_debug:sfcdebug.obj
 0001:00020050       sf_debug_clear_script_breakpoints 0000000180021050 f   sfc_debug:sfcdebug.obj
 0001:000200c0       sf_debug_query_script_breakpoints 00000001800210c0 f   sfc_debug:sfcdebug.obj
 0001:00020180       sf_debug_get_eml_script_id 0000000180021180 f   sfc_debug:sfcdebug.obj
 0001:000201d0       sf_debug_set_watch         00000001800211d0 f   sfc_debug:sfcdebug.obj
 0001:00020400       sf_debug_get_instance_handle 0000000180021400 f   sfc_debug:sfcdebug.obj
 0001:00020490       sf_debug_get_active_states 0000000180021490 f   sfc_debug:sfcdebug.obj
 0001:000204a0       sf_debug_get_animation     00000001800214a0 f   sfc_debug:sfcdebug.obj
 0001:000204b0       sf_debug_set_animation     00000001800214b0 f   sfc_debug:sfcdebug.obj
 0001:000204c0       sf_debug_animate           00000001800214c0 f   sfc_debug:sfcdebug.obj
 0001:000204f0       sf_debug_cycle_detection_check 00000001800214f0 f   sfc_debug:sfcdebug.obj
 0001:00020500       sf_debug_data_range_check  0000000180021500 f   sfc_debug:sfcdebug.obj
 0001:00020510       sf_debug_transition_conflict_check 0000000180021510 f   sfc_debug:sfcdebug.obj
 0001:00020520       sf_debug_state_consistency_check 0000000180021520 f   sfc_debug:sfcdebug.obj
 0001:00020530       sf_debug_data_range_check_enabled 0000000180021530 f   sfc_debug:sfcdebug.obj
 0001:00020550       sf_debug_transition_conflict_check_enabled 0000000180021550 f   sfc_debug:sfcdebug.obj
 0001:00020570       sf_debug_transition_conflict_check_begin 0000000180021570 f   sfc_debug:sfcdebug.obj
 0001:00020590       sf_debug_transition_conflict_check_end 0000000180021590 f   sfc_debug:sfcdebug.obj
 0001:000205b0       sf_debug_stop_debugging    00000001800215b0 f   sfc_debug:sfcdebug.obj
 0001:000205e0       sf_debug_is_cycle_detected 00000001800215e0 f   sfc_debug:sfcdebug.obj
 0001:000205f0       sf_debug_is_array_bounds_detected 00000001800215f0 f   sfc_debug:sfcdebug.obj
 0001:00020600       sf_debug_get_state_vectors_data_size 0000000180021600 f   sfc_debug:sfcdebug.obj
 0001:00020640       sf_debug_get_state_vectors_data 0000000180021640 f   sfc_debug:sfcdebug.obj
 0001:00020740       sf_debug_set_state_vectors_data 0000000180021740 f   sfc_debug:sfcdebug.obj
 0001:00020a00       sf_debug_get_script_index  0000000180021a00 f   sfc_debug:sfcdebug.obj
 0001:00020b90       sf_debug_add_script        0000000180021b90 f   sfc_debug:sfcdebug.obj
 0001:00020d20       cv_eval_point              0000000180021d20 f   sfc_debug:sfcdebug.obj
 0001:00020e90       cv_eval_testobjective      0000000180021e90 f   sfc_debug:sfcdebug.obj
 0001:00020fb0       sf_debug_cv_init_state     0000000180021fb0 f   sfc_debug:sfcdebug.obj
 0001:000210d0       sf_debug_cv_init_chart     00000001800220d0 f   sfc_debug:sfcdebug.obj
 0001:000211b0       sf_debug_cv_init_trans     00000001800221b0 f   sfc_debug:sfcdebug.obj
 0001:000212b0       sf_debug_cv_init_testobjectives 00000001800222b0 f   sfc_debug:sfcdebug.obj
 0001:00021490       cv_eml_init_script         0000000180022490 f   sfc_debug:sfcdebug.obj
 0001:000215a0       cv_eml_init_fcn            00000001800225a0 f   sfc_debug:sfcdebug.obj
 0001:00021650       cv_eml_init_testobjective  0000000180022650 f   sfc_debug:sfcdebug.obj
 0001:00021720       cv_eml_init_saturation     0000000180022720 f   sfc_debug:sfcdebug.obj
 0001:000217e0       cv_eml_init_if             00000001800227e0 f   sfc_debug:sfcdebug.obj
 0001:000218b0       cv_eml_init_for            00000001800228b0 f   sfc_debug:sfcdebug.obj
 0001:00021970       cv_eml_init_while          0000000180022970 f   sfc_debug:sfcdebug.obj
 0001:00021a30       cv_eml_init_mcdc           0000000180022a30 f   sfc_debug:sfcdebug.obj
 0001:00021b40       cv_eml_init_switch         0000000180022b40 f   sfc_debug:sfcdebug.obj
 0001:00021c30       cv_eml_eval                0000000180022c30 f   sfc_debug:sfcdebug.obj
 0001:00021d10       sf_debug_bm_is_a_eml_breakpoint 0000000180022d10 f   sfc_debug:sfcdebug.obj
 0001:00021e60       sf_debug_temporal_threshold 0000000180022e60 f   sfc_debug:sfcdebug.obj
 0001:000221c0       sf_debug_transition_conflict_error 00000001800231c0 f   sfc_debug:sfcdebug.obj
 0001:00022540       sf_debug_state_inconsistency_error 0000000180023540 f   sfc_debug:sfcdebug.obj
 0001:00022660       sf_debug_check_for_state_inconsistency 0000000180023660 f   sfc_debug:sfcdebug.obj
 0001:00022690       sf_debug_cycle_detecton_error 0000000180023690 f   sfc_debug:sfcdebug.obj
 0001:00022e60       sf_debug_size_eq_check_1d  0000000180023e60 f   sfc_debug:sfcdebug.obj
 0001:00022e80       sf_debug_size_eq_check_nd  0000000180023e80 f   sfc_debug:sfcdebug.obj
 0001:00023060       sf_debug_dim_size_eq_check 0000000180024060 f   sfc_debug:sfcdebug.obj
 0001:00023090       sf_debug_dim_size_geq_check 0000000180024090 f   sfc_debug:sfcdebug.obj
 0001:000230c0       sf_debug_sub_assign_size_check_nd 00000001800240c0 f   sfc_debug:sfcdebug.obj
 0001:00023300       sf_debug_matrix_matrix_index_check 0000000180024300 f   sfc_debug:sfcdebug.obj
 0001:00023330       sf_debug_vector_vector_index_check 0000000180024330 f   sfc_debug:sfcdebug.obj
 0001:00023360       sf_debug_for_loop_vector_check 0000000180024360 f   sfc_debug:sfcdebug.obj
 0001:000233f0       sf_debug_runtime_error_msgid 00000001800243f0 f   sfc_debug:sfcdebug.obj
 0001:00023480       sf_debug_data_array_bounds_error_check 0000000180024480 f   sfc_debug:sfcdebug.obj
 0001:00023590       sf_debug_eml_data_array_bounds_error_check 0000000180024590 f   sfc_debug:sfcdebug.obj
 0001:00023a70       sf_debug_integer_check     0000000180024a70 f   sfc_debug:sfcdebug.obj
 0001:00023b50       sf_debug_not_nan_check     0000000180024b50 f   sfc_debug:sfcdebug.obj
 0001:00023c10       sf_debug_non_negative_check 0000000180024c10 f   sfc_debug:sfcdebug.obj
 0001:00023cd0       sf_debug_overflow_detection 0000000180024cd0 f   sfc_debug:sfcdebug.obj
 0001:000243c0       sf_debug_cast_to_real32_T  00000001800253c0 f   sfc_debug:sfcdebug.obj
 0001:00024480       sf_debug_cast_to_int8_T    0000000180025480 f   sfc_debug:sfcdebug.obj
 0001:00024540       sf_debug_cast_to_uint8_T   0000000180025540 f   sfc_debug:sfcdebug.obj
 0001:00024600       sf_debug_cast_to_int16_T   0000000180025600 f   sfc_debug:sfcdebug.obj
 0001:000246c0       sf_debug_cast_to_uint16_T  00000001800256c0 f   sfc_debug:sfcdebug.obj
 0001:00024780       sf_debug_cast_to_int32_T   0000000180025780 f   sfc_debug:sfcdebug.obj
 0001:00024840       sf_debug_cast_to_uint32_T  0000000180025840 f   sfc_debug:sfcdebug.obj
 0001:00024900       sf_debug_data_range_error  0000000180025900 f   sfc_debug:sfcdebug.obj
 0001:00024c50       sf_debug_read_before_write_check 0000000180025c50 f   sfc_debug:sfcdebug.obj
 0001:000250b0       sf_debug_data_range_error_wrapper_min_max 00000001800260b0 f   sfc_debug:sfcdebug.obj
 0001:000251a0       sf_debug_data_range_error_wrapper_min 00000001800261a0 f   sfc_debug:sfcdebug.obj
 0001:00025280       sf_debug_data_range_error_wrapper_max 0000000180026280 f   sfc_debug:sfcdebug.obj
 0001:00025360       sf_debug_data_range_wrapper 0000000180026360 f   sfc_debug:sfcdebug.obj
 0001:00025410       sf_debug_set_current_status_info 0000000180026410 f   sfc_debug:sfcdebug.obj
 0001:000257c0       sf_debug_register_message_post_receive_info 00000001800267c0 f   sfc_debug:sfcdebug.obj
 0001:00025a30       sf_debug_call              0000000180026a30 f   sfc_debug:sfcdebug.obj
 0001:00026690       sf_debug_initialize_machine 0000000180027690 f   sfc_debug:sfcdebug.obj
 0001:000269a0       sf_debug_initialize_chart  00000001800279a0 f   sfc_debug:sfcdebug.obj
 0001:00026df0       sf_debug_ensure_script     0000000180027df0 f   sfc_debug:sfcdebug.obj
 0001:00026eb0       cv_script_init_script      0000000180027eb0 f   sfc_debug:sfcdebug.obj
 0001:00026fa0       cv_script_init_fcn         0000000180027fa0 f   sfc_debug:sfcdebug.obj
 0001:00027050       cv_script_init_testobjective 0000000180028050 f   sfc_debug:sfcdebug.obj
 0001:00027100       cv_script_init_if          0000000180028100 f   sfc_debug:sfcdebug.obj
 0001:000271b0       cv_script_init_for         00000001800281b0 f   sfc_debug:sfcdebug.obj
 0001:00027260       cv_script_init_while       0000000180028260 f   sfc_debug:sfcdebug.obj
 0001:00027310       cv_script_init_mcdc        0000000180028310 f   sfc_debug:sfcdebug.obj
 0001:00027410       cv_script_init_switch      0000000180028410 f   sfc_debug:sfcdebug.obj
 0001:000274f0       cv_script_eval             00000001800284f0 f   sfc_debug:sfcdebug.obj
 0001:000275d0       eml_debug_line_call        00000001800285d0 f   sfc_debug:sfcdebug.obj
 0001:00027780       sf_debug_terminate         0000000180028780 f   sfc_debug:sfcdebug.obj
 0001:000278f0       sf_debug_set_script_cv_ids 00000001800288f0 f   sfc_debug:sfcdebug.obj
 0001:00027a20       sf_debug_api               0000000180028a20 f   sfc_debug:sfc_api.obj
 0001:000290d0       sf_debug_sm_terminate      000000018002a0d0 f   sfc_debug:sfdb_animation.obj
 0001:00029290       sf_debug_reset_path_objects 000000018002a290 f   sfc_debug:sfdb_animation.obj
 0001:00029310       sf_debug_sm_reset_object_selection_status 000000018002a310 f   sfc_debug:sfdb_animation.obj
 0001:000293b0       sf_debug_sm_reset_state_buffer 000000018002a3b0 f   sfc_debug:sfdb_animation.obj
 0001:00029480       sf_debug_sm_store_state_buffer 000000018002a480 f   sfc_debug:sfdb_animation.obj
 0001:00029500       sf_debug_sm_restore_state_buffer1 000000018002a500 f   sfc_debug:sfdb_animation.obj
 0001:00029570       sf_debug_sm_restore_state_buffer2 000000018002a570 f   sfc_debug:sfdb_animation.obj
 0001:000295e0       sf_debug_sm_chart_active   000000018002a5e0 f   sfc_debug:sfdb_animation.obj
 0001:00029630       sf_debug_sm_select_active_objects 000000018002a630 f   sfc_debug:sfdb_animation.obj
 0001:00029b20       sf_debug_sm_is_chart_active 000000018002ab20 f   sfc_debug:sfdb_animation.obj
 0001:00029b60       sf_debug_sm_is_state_active 000000018002ab60 f   sfc_debug:sfdb_animation.obj
 0001:00029da0       sf_debug_sm_get_active_states 000000018002ada0 f   sfc_debug:sfdb_animation.obj
 0001:0002a360       sf_debug_sm_initialize_instance 000000018002b360 f   sfc_debug:sfdb_animation.obj
 0001:0002a580       sf_debug_sm_change_object_selection_status 000000018002b580 f   sfc_debug:sfdb_animation.obj
 0001:0002a890       cv_create_interface        000000018002b890 f   sfc_debug:cv_sfinterface.obj
 0001:0002abf0       cv_init_trans              000000018002bbf0 f   sfc_debug:cv_sfinterface.obj
 0001:0002ac40       cv_init_testobjective      000000018002bc40 f   sfc_debug:cv_sfinterface.obj
 0001:0002ac80       cv_init_state              000000018002bc80 f   sfc_debug:cv_sfinterface.obj
 0001:0002acf0       cv_init_chart              000000018002bcf0 f   sfc_debug:cv_sfinterface.obj
 0001:0002ad40       cv_dec_update_call         000000018002bd40 f   sfc_debug:cv_sfinterface.obj
 0001:0002ad80       cv_cond_update_call        000000018002bd80 f   sfc_debug:cv_sfinterface.obj
 0001:0002adc0       cv_testobjective_update_call 000000018002bdc0 f   sfc_debug:cv_sfinterface.obj
 0001:0002ae00       cv_sigrange_update         000000018002be00 f   sfc_debug:cv_sfinterface.obj
 0001:0002ae40       cvsf_eml_eval              000000018002be40 f   sfc_debug:cv_sfinterface.obj
 0001:0002af30       cvsf_eml_init_script       000000018002bf30 f   sfc_debug:cv_sfinterface.obj
 0001:0002afc0       cvsf_eml_init_fcn          000000018002bfc0 f   sfc_debug:cv_sfinterface.obj
 0001:0002b020       cvsf_eml_init_testobjective 000000018002c020 f   sfc_debug:cv_sfinterface.obj
 0001:0002b080       cvsf_eml_init_saturation   000000018002c080 f   sfc_debug:cv_sfinterface.obj
 0001:0002b0d0       cvsf_eml_init_if           000000018002c0d0 f   sfc_debug:cv_sfinterface.obj
 0001:0002b130       cvsf_eml_init_for          000000018002c130 f   sfc_debug:cv_sfinterface.obj
 0001:0002b180       cvsf_eml_init_while        000000018002c180 f   sfc_debug:cv_sfinterface.obj
 0001:0002b1d0       cvsf_eml_init_mcdc         000000018002c1d0 f   sfc_debug:cv_sfinterface.obj
 0001:0002b260       cvsf_eml_init_switch       000000018002c260 f   sfc_debug:cv_sfinterface.obj
 0001:0002b2d0       cvsf_script_eval           000000018002c2d0 f   sfc_debug:cv_sfinterface.obj
 0001:0002b3c0       cvsf_script_init_script    000000018002c3c0 f   sfc_debug:cv_sfinterface.obj
 0001:0002b450       cvsf_script_init_fcn       000000018002c450 f   sfc_debug:cv_sfinterface.obj
 0001:0002b4b0       cvsf_script_init_testobjective 000000018002c4b0 f   sfc_debug:cv_sfinterface.obj
 0001:0002b510       cvsf_script_init_saturation 000000018002c510 f   sfc_debug:cv_sfinterface.obj
 0001:0002b560       cvsf_script_init_if        000000018002c560 f   sfc_debug:cv_sfinterface.obj
 0001:0002b5c0       cvsf_script_init_for       000000018002c5c0 f   sfc_debug:cv_sfinterface.obj
 0001:0002b610       cvsf_script_init_while     000000018002c610 f   sfc_debug:cv_sfinterface.obj
 0001:0002b660       cvsf_script_init_mcdc      000000018002c660 f   sfc_debug:cv_sfinterface.obj
 0001:0002b6f0       cvsf_script_init_switch    000000018002c6f0 f   sfc_debug:cv_sfinterface.obj
 0001:0002b760       cv_destroy_interface       000000018002c760 f   sfc_debug:cv_sfinterface.obj
 0001:0002b780       cv_create_instance_objects 000000018002c780 f   sfc_debug:cv_sfinterface.obj
 0001:0002bc30       cv_is_enabled              000000018002cc30 f   sfc_debug:cv_sfinterface.obj
 0001:0002bc40       sf_debug_cv_initialize_script 000000018002cc40 f   sfc_debug:cv_sfinterface.obj
 0001:0002bdf0       sf_debug_cv_initialize_instance 000000018002cdf0 f   sfc_debug:cv_sfinterface.obj
 0001:0002c190       sf_debug_cv_terminate_chart 000000018002d190 f   sfc_debug:cv_sfinterface.obj
 0001:0002c2d0       cv_call_trans_test         000000018002d2d0 f   sfc_debug:cv_sfinterface.obj
 0001:0002c2e0       cv_call_sub_cond_test      000000018002d2e0 f   sfc_debug:cv_sfinterface.obj
 0001:0002c320       sf_debug_st_initialize_machine 000000018002d320 f   sfc_debug:sfdb_data_browse.obj
 0001:0002c3e0       sf_debug_st_initialize_instance 000000018002d3e0 f   sfc_debug:sfdb_data_browse.obj
 0001:0002c610       sf_debug_st_terminate      000000018002d610 f   sfc_debug:sfdb_data_browse.obj
 0001:0002c9b0       sf_debug_st_set_data_value_ptr_in_machine 000000018002d9b0 f   sfc_debug:sfdb_data_browse.obj
 0001:0002ca40       sf_debug_st_set_data_value_ptr_in_instance 000000018002da40 f   sfc_debug:sfdb_data_browse.obj
 0001:0002cb20       sf_debug_st_unset_data_value_ptr_in_machine 000000018002db20 f   sfc_debug:sfdb_data_browse.obj
 0001:0002cb90       sf_debug_st_unset_data_value_ptr_in_instance 000000018002db90 f   sfc_debug:sfdb_data_browse.obj
 0001:0002cea0       sf_debug_mx_value          000000018002dea0 f   sfc_debug:sfdb_data_browse.obj
 0001:0002cf00       sf_debug_mx_packed_vector  000000018002df00 f   sfc_debug:sfdb_data_browse.obj
 0001:0002cfe0       sf_debug_mx_uint_vector    000000018002dfe0 f   sfc_debug:sfdb_data_browse.obj
 0001:0002d0a0       sf_debug_st_get_double_value_from_void_ptr_vector 000000018002e0a0 f   sfc_debug:sfdb_data_browse.obj
 0001:0002db90       sf_debug_st_browse_data    000000018002eb90 f   sfc_debug:sfdb_data_browse.obj
 0001:0002e420       sf_debug_hm_initialize_instance 000000018002f420 f   sfc_debug:sfdb_handle_management.obj
 0001:0002e950       sf_debug_hm_get_object_id  000000018002f950 f   sfc_debug:sfdb_handle_management.obj
 0001:0002f500       sf_debug_hm_update_chart_visibility 0000000180030500 f   sfc_debug:sfdb_handle_management.obj
 0001:000307e0       sf_debug_object_is_eml_function 00000001800317e0 f   sfc_debug:sfdb_handle_management.obj
 0001:00030850       sf_debug_hm_initialize_ids_in_machine 0000000180031850 f   sfc_debug:sfdb_handle_management.obj
 0001:000309c0       sf_debug_hm_initialize_ids_in_chart 00000001800319c0 f   sfc_debug:sfdb_handle_management.obj
 0001:00030ac0       sf_debug_hm_initialize_chart 0000000180031ac0 f   sfc_debug:sfdb_handle_management.obj
 0001:00031260       sf_debug_hm_terminate      0000000180032260 f   sfc_debug:sfdb_handle_management.obj
 0001:000312c0       sf_debug_hm_initialize_machine 00000001800322c0 f   sfc_debug:sfdb_handle_management.obj
 0001:00031a70       sf_debug_ss_initialize     0000000180032a70 f   sfc_debug:sfdb_symbol_scope.obj
 0001:00031a90       sf_debug_ss_terminate      0000000180032a90 f   sfc_debug:sfdb_symbol_scope.obj
 0001:00031b20       sf_debug_ss_push_symbol_scope 0000000180032b20 f   sfc_debug:sfdb_symbol_scope.obj
 0001:00031c20       sf_debug_ss_push_symbol_scope_eml 0000000180032c20 f   sfc_debug:sfdb_symbol_scope.obj
 0001:00031c80       sf_debug_ss_pop_symbol_scope 0000000180032c80 f   sfc_debug:sfdb_symbol_scope.obj
 0001:00031d30       sf_debug_ss_add_symbol     0000000180032d30 f   sfc_debug:sfdb_symbol_scope.obj
 0001:00031e90       sf_debug_ss_add_symbol_eml 0000000180032e90 f   sfc_debug:sfdb_symbol_scope.obj
 0001:00032bb0       sf_debug_ss_set_data_value 0000000180033bb0 f   sfc_debug:sfdb_symbol_scope.obj
 0001:00033080       getInstanceNumber          0000000180034080 f   sfc_debug:sfdb_symbol_scope.obj
 0001:00033150       sf_debug_ss_watch_data     0000000180034150 f   sfc_debug:sfdb_symbol_scope.obj
 0001:000332f0       sf_debug_ss_assign_data    00000001800342f0 f   sfc_debug:sfdb_symbol_scope.obj
 0001:00033d10       get_data_entry_name        0000000180034d10 f   sfc_debug:sfdb_symbol_scope.obj
 0001:00033d60       sf_debug_ss_whos           0000000180034d60 f   sfc_debug:sfdb_symbol_scope.obj
 0001:00034480       sf_debug_cc_initialize_chart 0000000180035480 f   sfc_debug:sfdb_coverage.obj
 0001:00034e70       sf_debug_cc_initialize_instance 0000000180035e70 f   sfc_debug:sfdb_coverage.obj
 0001:00035c80       sf_debug_cc_terminate      0000000180036c80 f   sfc_debug:sfdb_coverage.obj
 0001:00035d70       sf_debug_cc_set_transition_maps 0000000180036d70 f   sfc_debug:sfdb_coverage.obj
 0001:00035ea0       sf_debug_cc_set_state_maps 0000000180036ea0 f   sfc_debug:sfdb_coverage.obj
 0001:00035f80       sf_debug_cc_set_transition_weights 0000000180036f80 f   sfc_debug:sfdb_coverage.obj
 0001:00036250       sf_debug_cc_set_state_weights 0000000180037250 f   sfc_debug:sfdb_coverage.obj
 0001:00036520       sf_debug_cc_mark_transition_guard 0000000180037520 f   sfc_debug:sfdb_coverage.obj
 0001:000365b0       sf_debug_cc_mark_transition_trigger 00000001800375b0 f   sfc_debug:sfdb_coverage.obj
 0001:00036640       sf_debug_cc_mark_transition_decision 0000000180037640 f   sfc_debug:sfdb_coverage.obj
 0001:000366b0       sf_debug_cc_mark_transition_condition_action 00000001800376b0 f   sfc_debug:sfdb_coverage.obj
 0001:00036700       sf_debug_cc_mark_transition_transition_action 0000000180037700 f   sfc_debug:sfdb_coverage.obj
 0001:00036750       sf_debug_cc_mark_state_entry 0000000180037750 f   sfc_debug:sfdb_coverage.obj
 0001:000367a0       sf_debug_cc_mark_state_during 00000001800377a0 f   sfc_debug:sfdb_coverage.obj
 0001:000367f0       sf_debug_cc_mark_state_exit 00000001800377f0 f   sfc_debug:sfdb_coverage.obj
 0001:00036840       sf_debug_bm_clear_script_breakpoints 0000000180037840 f   sfc_debug:sfdb_breakpoints.obj
 0001:00036870       sf_debug_bm_set_script_breakpoint 0000000180037870 f   sfc_debug:sfdb_breakpoints.obj
 0001:000368f0       sf_debug_bm_clear_single_script_breakpoint 00000001800378f0 f   sfc_debug:sfdb_breakpoints.obj
 0001:00036970       sf_debug_bm_query_script_breakpoint 0000000180037970 f   sfc_debug:sfdb_breakpoints.obj
 0001:000369c0       sf_debug_bm_initialize_scripts 00000001800379c0 f   sfc_debug:sfdb_breakpoints.obj
 0001:000370e0       sf_debug_bm_terminate      00000001800380e0 f   sfc_debug:sfdb_breakpoints.obj
 0001:000373d0       sf_debug_bm_remove_all_breakpoints_in_machine 00000001800383d0 f   sfc_debug:sfdb_breakpoints.obj
 0001:00037440       sf_debug_bm_remove_all_breakpoints_in_chart 0000000180038440 f   sfc_debug:sfdb_breakpoints.obj
 0001:00037590       sf_debug_bm_initialize_global_breakpoints 0000000180038590 f   sfc_debug:sfdb_breakpoints.obj
 0001:00037710       sf_debug_bm_set_breakpoint 0000000180038710 f   sfc_debug:sfdb_breakpoints.obj
 0001:00037d10       sf_debug_bm_set_eml_breakpoint 0000000180038d10 f   sfc_debug:sfdb_breakpoints.obj
 0001:00037db0       sf_debug_bm_initialize_machine_breakpoint_map 0000000180038db0 f   sfc_debug:sfdb_breakpoints.obj
 0001:000381d0       sf_debug_bm_is_a_breakpoint 00000001800391d0 f   sfc_debug:sfdb_breakpoints.obj
 0001:000387b0       sf_debug_bm_get_all_breakpoints_in_machine 00000001800397b0 f   sfc_debug:sfdb_breakpoints.obj
 0001:00038ab0       sf_debug_bm_get_all_breakpoints_in_chart 0000000180039ab0 f   sfc_debug:sfdb_breakpoints.obj
 0001:00039770       sf_debug_bm_initialize_machine 000000018003a770 f   sfc_debug:sfdb_breakpoints.obj
 0001:00039840       sf_debug_bm_initialize_chart 000000018003a840 f   sfc_debug:sfdb_breakpoints.obj
 0001:00039c60       sf_debug_sc_terminate      000000018003ac60 f   sfc_debug:sfdb_state_consistency.obj
 0001:00039f90       sf_debug_sc_is_chart_consistent 000000018003af90 f   sfc_debug:sfdb_state_consistency.obj
 0001:0003a240       sf_debug_sc_get_consistency_error_info 000000018003b240 f   sfc_debug:sfdb_state_consistency.obj
 0001:0003a690       sf_debug_tm_terminate      000000018003b690 f   sfc_debug:sfdb_call_stack.obj
 0001:0003a750       sf_debug_tm_push_chart_instance 000000018003b750 f   sfc_debug:sfdb_call_stack.obj
 0001:0003a8a0       sf_debug_tm_pop_chart_instance 000000018003b8a0 f   sfc_debug:sfdb_call_stack.obj
 0001:0003a900       sf_debug_tm_push_trace_node 000000018003b900 f   sfc_debug:sfdb_call_stack.obj
 0001:0003aa90       sf_debug_tm_pop_trace_node 000000018003ba90 f   sfc_debug:sfdb_call_stack.obj
 0001:0003ab10       sf_debug_tm_get_current_global_trace_index 000000018003bb10 f   sfc_debug:sfdb_call_stack.obj
 0001:0003ab20       sf_debug_tm_get_current_local_trace_index 000000018003bb20 f   sfc_debug:sfdb_call_stack.obj
 0001:0003ab50       sf_debug_tm_set_cycle_detected_flag 000000018003bb50 f   sfc_debug:sfdb_call_stack.obj
 0001:0003ab90       sf_debug_tm_set_cycle_started_flag 000000018003bb90 f   sfc_debug:sfdb_call_stack.obj
 0001:0003abd0       sf_debug_tm_get_chart_number_from_stack 000000018003bbd0 f   sfc_debug:sfdb_call_stack.obj
 0001:0003add0       sf_debug_tm_browse_trace   000000018003bdd0 f   sfc_debug:sfdb_call_stack.obj
 0001:0003b110       sf_debug_cd_initialize_instance 000000018003c110 f   sfc_debug:sfdb_cycle_detection.obj
 0001:0003b3c0       sf_debug_cd_mark_processed_transition_in_instance 000000018003c3c0 f   sfc_debug:sfdb_cycle_detection.obj
 0001:0003b460       sf_debug_cd_checksum_push  000000018003c460 f   sfc_debug:sfdb_cycle_detection.obj
 0001:0003b720       sf_debug_cd_checksum_pop   000000018003c720 f   sfc_debug:sfdb_cycle_detection.obj
 0001:0003b790       sf_debug_cd_turn_off_cycle_detection 000000018003c790 f   sfc_debug:sfdb_cycle_detection.obj
 0001:0003b7e0       sf_debug_cd_terminate      000000018003c7e0 f   sfc_debug:sfdb_cycle_detection.obj
 0001:0003ba20       md5_initialize_state       000000018003ca20 f   sfc_debug:ckmd5.obj
 0001:0003c490       md5_update_state           000000018003d490 f   sfc_debug:ckmd5.obj
 0001:0003c4b0       md5_get_hash               000000018003d4b0 f   sfc_debug:ckmd5.obj
 0001:0003c4e0       md5_get_hash_for_a_single_string 000000018003d4e0 f   sfc_debug:ckmd5.obj
 0001:0003c544       mxGetPr                    000000018003d544 f   libmx:libmx.dll
 0001:0003c54a       mxCreateDoubleScalar       000000018003d54a f   libmx:libmx.dll
 0001:0003c550       mxCreateDoubleMatrix_730   000000018003d550 f   libmx:libmx.dll
 0001:0003c556       mxSetField_730             000000018003d556 f   libmx:libmx.dll
 0001:0003c55c       mxCreateString             000000018003d55c f   libmx:libmx.dll
 0001:0003c562       mxCreateStructMatrix_730   000000018003d562 f   libmx:libmx.dll
 0001:0003c568       mxDestroyArray             000000018003d568 f   libmx:libmx.dll
 0001:0003c56e       mxDuplicateArray           000000018003d56e f   libmx:libmx.dll
 0001:0003c574       mxGetString_730            000000018003d574 f   libmx:libmx.dll
 0001:0003c57a       mxIsChar                   000000018003d57a f   libmx:libmx.dll
 0001:0003c580       mxGetClassID               000000018003d580 f   libmx:libmx.dll
 0001:0003c586       mxIsNumeric                000000018003d586 f   libmx:libmx.dll
 0001:0003c58c       mxIsComplex                000000018003d58c f   libmx:libmx.dll
 0001:0003c592       mxGetN                     000000018003d592 f   libmx:libmx.dll
 0001:0003c598       mxGetM                     000000018003d598 f   libmx:libmx.dll
 0001:0003c59e       mxCalloc                   000000018003d59e f   libmx:libmx.dll
 0001:0003c5a4       mxGetScalar                000000018003d5a4 f   libmx:libmx.dll
 0001:0003c5aa       mxIsLogical                000000018003d5aa f   libmx:libmx.dll
 0001:0003c5b0       mxCreateDoubleMatrix_700   000000018003d5b0 f   libmx:libmx.dll
 0001:0003c5b6       mxFree                     000000018003d5b6 f   libmx:libmx.dll
 0001:0003c5bc       mxArrayToString            000000018003d5bc f   libmx:libmx.dll
 0001:0003c5c2       mxCreateCellMatrix_700     000000018003d5c2 f   libmx:libmx.dll
 0001:0003c5c8       mxSetCell_700              000000018003d5c8 f   libmx:libmx.dll
 0001:0003c5ce       mxGetCell_700              000000018003d5ce f   libmx:libmx.dll
 0001:0003c5d4       mxGetClassName             000000018003d5d4 f   libmx:libmx.dll
 0001:0003c5da       mxSetField_700             000000018003d5da f   libmx:libmx.dll
 0001:0003c5e0       mxAddField                 000000018003d5e0 f   libmx:libmx.dll
 0001:0003c5e6       mxGetField_700             000000018003d5e6 f   libmx:libmx.dll
 0001:0003c5ec       mxGetNumberOfElements      000000018003d5ec f   libmx:libmx.dll
 0001:0003c5f2       mxIsStruct                 000000018003d5f2 f   libmx:libmx.dll
 0001:0003c5f8       mxIsA                      000000018003d5f8 f   libmx:libmx.dll
 0001:0003c5fe       mxIsClass                  000000018003d5fe f   libmx:libmx.dll
 0001:0003c604       mxGetLogicals              000000018003d604 f   libmx:libmx.dll
 0001:0003c60a       mxIsSparse                 000000018003d60a f   libmx:libmx.dll
 0001:0003c610       mxSetFieldByNumber_700     000000018003d610 f   libmx:libmx.dll
 0001:0003c616       mxGetFieldByNumber_700     000000018003d616 f   libmx:libmx.dll
 0001:0003c61c       mxGetFieldNameByNumber     000000018003d61c f   libmx:libmx.dll
 0001:0003c622       mxGetNumberOfFields        000000018003d622 f   libmx:libmx.dll
 0001:0003c628       mxCreateStructMatrix_700   000000018003d628 f   libmx:libmx.dll
 0001:0003c62e       mxGetFieldNumber           000000018003d62e f   libmx:libmx.dll
 0001:0003c634       mxIsNaN                    000000018003d634 f   libmx:libmx.dll
 0001:0003c63a       mxIsEmpty                  000000018003d63a f   libmx:libmx.dll
 0001:0003c640       mxGetData                  000000018003d640 f   libmx:libmx.dll
 0001:0003c646       mxGetImagData              000000018003d646 f   libmx:libmx.dll
 0001:0003c64c       mxArrayClassIDName         000000018003d64c f   libmx:libmx.dll
 0001:0003c652       mxCreateNumericMatrix_700  000000018003d652 f   libmx:libmx.dll
 0001:0003c658       mxCreateStructArray_700    000000018003d658 f   libmx:libmx.dll
 0001:0003c65e       mxCalcSingleSubscript_700  000000018003d65e f   libmx:libmx.dll
 0001:0003c664       mxGetDimensions_700        000000018003d664 f   libmx:libmx.dll
 0001:0003c66a       mxGetNumberOfDimensions_700 000000018003d66a f   libmx:libmx.dll
 0001:0003c670       mxCreateNumericArray_700   000000018003d670 f   libmx:libmx.dll
 0001:0003c676       mxGetElementSize           000000018003d676 f   libmx:libmx.dll
 0001:0003c67c       mxCreateStringFromNChars_700 000000018003d67c f   libmx:libmx.dll
 0001:0003c682       mxGetString_700            000000018003d682 f   libmx:libmx.dll
 0001:0003c688       mxIsLogicalScalarTrue      000000018003d688 f   libmx:libmx.dll
 0001:0003c68e       mxCreateLogicalScalar      000000018003d68e f   libmx:libmx.dll
 0001:0003c694       mexUnlock                  000000018003d694 f   libmex:libmex.dll
 0001:0003c69a       mexIsLocked                000000018003d69a f   libmex:libmex.dll
 0001:0003c6a0       mexWarnMsgTxt              000000018003d6a0 f   libmex:libmex.dll
 0001:0003c6a6       mexCallMATLAB              000000018003d6a6 f   libmex:libmex.dll
 0001:0003c6ac       mexErrMsgTxt               000000018003d6ac f   libmex:libmex.dll
 0001:0003c6b2       mexMakeArrayPersistent     000000018003d6b2 f   libmex:libmex.dll
 0001:0003c6b8       mexSetTrapFlag             000000018003d6b8 f   libmex:libmex.dll
 0001:0003c6be       mexPutVariable             000000018003d6be f   libmex:libmex.dll
 0001:0003c6c4       mexGetVariable             000000018003d6c4 f   libmex:libmex.dll
 0001:0003c6ca       mexLock                    000000018003d6ca f   libmex:libmex.dll
 0001:0003c6d0       mexMakeMemoryPersistent    000000018003d6d0 f   libmex:libmex.dll
 0001:0003c6d6       mexFunctionName            000000018003d6d6 f   libmex:libmex.dll
 0001:0003c6dc       ssRegisterDataTypeFxpFSlopeFixExpBias 000000018003d6dc f   libfixedpoint:libfixedpoint.dll
 0001:0003c6e2       utVSNprintf                000000018003d6e2 f   libut:libut.dll
 0001:0003c6e8       utCPUtime                  000000018003d6e8 f   libut:libut.dll
 0001:0003c6ee       utFree                     000000018003d6ee f   libut:libut.dll
 0001:0003c6f4       utMalloc                   000000018003d6f4 f   libut:libut.dll
 0001:0003c6fa       muDoubleScalarSign         000000018003d6fa f   libmwmathutil:libmwmathutil.dll
 0001:0003c700       muDoubleScalarAtan         000000018003d700 f   libmwmathutil:libmwmathutil.dll
 0001:0003c706       muDoubleScalarSqrt         000000018003d706 f   libmwmathutil:libmwmathutil.dll
 0001:0003c70c       muDoubleScalarAbs          000000018003d70c f   libmwmathutil:libmwmathutil.dll
 0001:0003c712       muDoubleScalarSin          000000018003d712 f   libmwmathutil:libmwmathutil.dll
 0001:0003c718       muDoubleScalarCos          000000018003d718 f   libmwmathutil:libmwmathutil.dll
 0001:0003c71e       muDoubleScalarPower        000000018003d71e f   libmwmathutil:libmwmathutil.dll
 0001:0003c724       emlrtCreateRootTLS         000000018003d724 f   libemlrt:libemlrt.dll
 0001:0003c72a       emlrtDestroyRootTLS        000000018003d72a f   libemlrt:libemlrt.dll
 0001:0003c730       emlrtCheckBuiltInR2012b    000000018003d730 f   libemlrt:libemlrt.dll
 0001:0003c736       emlrtCheckVsBuiltInR2012b  000000018003d736 f   libemlrt:libemlrt.dll
 0001:0003c73c       emlrtCheckEnumR2012b       000000018003d73c f   libemlrt:libemlrt.dll
 0001:0003c742       emlrtCreateEnumR2012b      000000018003d742 f   libemlrt:libemlrt.dll
 0001:0003c748       emlrtGetEnumElementR2009a  000000018003d748 f   libemlrt:libemlrt.dll
 0001:0003c74e       emlrtCreateReference       000000018003d74e f   libemlrt:libemlrt.dll
 0001:0003c754       emlrtImportVsFiArrayR2009b 000000018003d754 f   libemlrt:libemlrt.dll
 0001:0003c75a       emlrtNameCapturePostProcessR2012a 000000018003d75a f   libemlrt:libemlrt.dll
 0001:0003c760       emlrtExtractMessageId      000000018003d760 f   libemlrt:libemlrt.dll
 0001:0003c766       emlrtTranslateMessageIDtoLCPstring 000000018003d766 f   libemlrt:libemlrt.dll
 0001:0003c76c       emlrtForLoopVectorIsValidR2011b 000000018003d76c f   libemlrt:libemlrt.dll
 0001:0003c772       emlrtTranslateUTF16MessagetoLCPstring 000000018003d772 f   libemlrt:libemlrt.dll
 0001:0003c778       emlrtGetEnumUnderlyingArrayR2009a 000000018003d778 f   libemlrt:libemlrt.dll
 0001:0003c77e       emlrtIsEnumR2009a          000000018003d77e f   libemlrt:libemlrt.dll
 0001:0003c784       __GSHandlerCheckCommon     000000018003d784 f   MSVCRT:gshandler.obj
 0001:0003c7e8       __GSHandlerCheck           000000018003d7e8 f   MSVCRT:gshandler.obj
 0001:0003c806       strlen                     000000018003d806 f   MSVCRT:MSVCR100.dll
 0001:0003c820       __security_check_cookie    000000018003d820 f   MSVCRT:amdsecgs.obj
 0001:0003c840       memset                     000000018003d840 f   MSVCRT:MSVCR100.dll
 0001:0003c846       malloc                     000000018003d846 f   MSVCRT:MSVCR100.dll
 0001:0003c84c       free                       000000018003d84c f   MSVCRT:MSVCR100.dll
 0001:0003c852       strcmp                     000000018003d852 f   MSVCRT:MSVCR100.dll
 0001:0003c858       sprintf                    000000018003d858 f   MSVCRT:MSVCR100.dll
 0001:0003c85e       strcat                     000000018003d85e f   MSVCRT:MSVCR100.dll
 0001:0003c864       memcpy                     000000018003d864 f   MSVCRT:MSVCR100.dll
 0001:0003c86c       NtCurrentTeb               000000018003d86c f i MSVCRT:crtdll.obj
 0001:0003c8d8       _CRT_INIT                  000000018003d8d8 f   MSVCRT:crtdll.obj
 0001:0003cc70       _DllMainCRTStartup         000000018003dc70 f   MSVCRT:crtdll.obj
 0001:0003ccae       strncpy                    000000018003dcae f   MSVCRT:MSVCR100.dll
 0001:0003ccd0       _alloca_probe              000000018003dcd0     MSVCRT:chkstk.obj
 0001:0003ccd0       __chkstk                   000000018003dcd0 f   MSVCRT:chkstk.obj
 0001:0003cd1e       longjmp                    000000018003dd1e f   MSVCRT:MSVCR100.dll
 0001:0003cd24       strncmp                    000000018003dd24 f   MSVCRT:MSVCR100.dll
 0001:0003cd2a       ceil                       000000018003dd2a f   MSVCRT:MSVCR100.dll
 0001:0003cd30       strrchr                    000000018003dd30 f   MSVCRT:MSVCR100.dll
 0001:0003cd36       _setjmp                    000000018003dd36 f   MSVCRT:MSVCR100.dll
 0001:0003cd3c       calloc                     000000018003dd3c f   MSVCRT:MSVCR100.dll
 0001:0003cd42       realloc                    000000018003dd42 f   MSVCRT:MSVCR100.dll
 0001:0003cd48       ldexp                      000000018003dd48 f   MSVCRT:MSVCR100.dll
 0001:0003cd50       __report_gsfailure         000000018003dd50 f   MSVCRT:gs_report.obj
 0001:0003ce9c       __clean_type_info_names    000000018003de9c f   MSVCRT:tncleanup.obj
 0001:0003cea8       _onexit                    000000018003dea8 f   MSVCRT:atonexit.obj
 0001:0003cf58       atexit                     000000018003df58 f   MSVCRT:atonexit.obj
 0001:0003cf70       _RTC_Initialize            000000018003df70 f   MSVCRT:_initsect_.obj
 0001:0003cfa8       _RTC_Terminate             000000018003dfa8 f   MSVCRT:_initsect_.obj
 0001:0003cfe0       _malloc_crt                000000018003dfe0 f   MSVCRT:MSVCR100.dll
 0001:0003cff0       _ValidateImageBase         000000018003dff0 f   MSVCRT:pesect.obj
 0001:0003d020       _FindPESection             000000018003e020 f   MSVCRT:pesect.obj
 0001:0003d070       _IsNonwritableInCurrentImage 000000018003e070 f   MSVCRT:pesect.obj
 0001:0003d0b2       _initterm                  000000018003e0b2 f   MSVCRT:MSVCR100.dll
 0001:0003d0b8       _initterm_e                000000018003e0b8 f   MSVCRT:MSVCR100.dll
 0001:0003d0be       _encoded_null              000000018003e0be f   MSVCRT:MSVCR100.dll
 0001:0003d0c4       _amsg_exit                 000000018003e0c4 f   MSVCRT:MSVCR100.dll
 0001:0003d0ca       __C_specific_handler       000000018003e0ca f   MSVCRT:MSVCR100.dll
 0001:0003d0d0       __CppXcptFilter            000000018003e0d0 f   MSVCRT:MSVCR100.dll
 0001:0003d0d8       DllMain                    000000018003e0d8 f   MSVCRT:dllmain.obj
 0001:0003d0fc       __security_init_cookie     000000018003e0fc f   MSVCRT:gs_support.obj
 0001:0003d1b0       __crt_debugger_hook        000000018003e1b0 f   MSVCRT:MSVCR100.dll
 0001:0003d1b6       __clean_type_info_names_internal 000000018003e1b6 f   MSVCRT:MSVCR100.dll
 0001:0003d1bc       _unlock                    000000018003e1bc f   MSVCRT:MSVCR100.dll
 0001:0003d1c2       __dllonexit                000000018003e1c2 f   MSVCRT:MSVCR100.dll
 0001:0003d1c8       _lock                      000000018003e1c8 f   MSVCRT:MSVCR100.dll
 0001:0003d1ce       EncodePointer              000000018003e1ce f   kernel32:KERNEL32.dll
 0001:0003d1d4       DecodePointer              000000018003e1d4 f   kernel32:KERNEL32.dll
 0001:0003d1da       Sleep                      000000018003e1da f   kernel32:KERNEL32.dll
 0001:0003d1e0       TerminateProcess           000000018003e1e0 f   kernel32:KERNEL32.dll
 0001:0003d1e6       GetCurrentProcess          000000018003e1e6 f   kernel32:KERNEL32.dll
 0001:0003d1ec       UnhandledExceptionFilter   000000018003e1ec f   kernel32:KERNEL32.dll
 0001:0003d1f2       SetUnhandledExceptionFilter 000000018003e1f2 f   kernel32:KERNEL32.dll
 0001:0003d1f8       IsDebuggerPresent          000000018003e1f8 f   kernel32:KERNEL32.dll
 0001:0003d1fe       RtlVirtualUnwind           000000018003e1fe f   kernel32:KERNEL32.dll
 0001:0003d204       RtlLookupFunctionEntry     000000018003e204 f   kernel32:KERNEL32.dll
 0001:0003d20a       RtlCaptureContext          000000018003e20a f   kernel32:KERNEL32.dll
 0001:0003d210       DisableThreadLibraryCalls  000000018003e210 f   kernel32:KERNEL32.dll
 0001:0003d216       QueryPerformanceCounter    000000018003e216 f   kernel32:KERNEL32.dll
 0001:0003d21c       GetTickCount               000000018003e21c f   kernel32:KERNEL32.dll
 0001:0003d222       GetCurrentThreadId         000000018003e222 f   kernel32:KERNEL32.dll
 0001:0003d228       GetCurrentProcessId        000000018003e228 f   kernel32:KERNEL32.dll
 0001:0003d22e       GetSystemTimeAsFileTime    000000018003e22e f   kernel32:KERNEL32.dll
 0002:00000000       __imp_DisableThreadLibraryCalls 000000018003f000     kernel32:KERNEL32.dll
 0002:00000008       __imp_RtlCaptureContext    000000018003f008     kernel32:KERNEL32.dll
 0002:00000010       __imp_RtlLookupFunctionEntry 000000018003f010     kernel32:KERNEL32.dll
 0002:00000018       __imp_RtlVirtualUnwind     000000018003f018     kernel32:KERNEL32.dll
 0002:00000020       __imp_IsDebuggerPresent    000000018003f020     kernel32:KERNEL32.dll
 0002:00000028       __imp_SetUnhandledExceptionFilter 000000018003f028     kernel32:KERNEL32.dll
 0002:00000030       __imp_UnhandledExceptionFilter 000000018003f030     kernel32:KERNEL32.dll
 0002:00000038       __imp_GetCurrentProcess    000000018003f038     kernel32:KERNEL32.dll
 0002:00000040       __imp_TerminateProcess     000000018003f040     kernel32:KERNEL32.dll
 0002:00000048       __imp_Sleep                000000018003f048     kernel32:KERNEL32.dll
 0002:00000050       __imp_DecodePointer        000000018003f050     kernel32:KERNEL32.dll
 0002:00000058       __imp_EncodePointer        000000018003f058     kernel32:KERNEL32.dll
 0002:00000060       __imp_GetTickCount         000000018003f060     kernel32:KERNEL32.dll
 0002:00000068       __imp_GetCurrentThreadId   000000018003f068     kernel32:KERNEL32.dll
 0002:00000070       __imp_GetCurrentProcessId  000000018003f070     kernel32:KERNEL32.dll
 0002:00000078       __imp_GetSystemTimeAsFileTime 000000018003f078     kernel32:KERNEL32.dll
 0002:00000080       __imp_QueryPerformanceCounter 000000018003f080     kernel32:KERNEL32.dll
 0002:00000088       \177KERNEL32_NULL_THUNK_DATA 000000018003f088     kernel32:KERNEL32.dll
 0002:00000090       __imp__onexit              000000018003f090     MSVCRT:MSVCR100.dll
 0002:00000098       __imp__lock                000000018003f098     MSVCRT:MSVCR100.dll
 0002:000000a0       __imp___dllonexit          000000018003f0a0     MSVCRT:MSVCR100.dll
 0002:000000a8       __imp__unlock              000000018003f0a8     MSVCRT:MSVCR100.dll
 0002:000000b0       __imp___clean_type_info_names_internal 000000018003f0b0     MSVCRT:MSVCR100.dll
 0002:000000b8       __imp___crt_debugger_hook  000000018003f0b8     MSVCRT:MSVCR100.dll
 0002:000000c0       __imp___CppXcptFilter      000000018003f0c0     MSVCRT:MSVCR100.dll
 0002:000000c8       __imp___C_specific_handler 000000018003f0c8     MSVCRT:MSVCR100.dll
 0002:000000d0       __imp__amsg_exit           000000018003f0d0     MSVCRT:MSVCR100.dll
 0002:000000d8       __imp__encoded_null        000000018003f0d8     MSVCRT:MSVCR100.dll
 0002:000000e0       __imp__initterm_e          000000018003f0e0     MSVCRT:MSVCR100.dll
 0002:000000e8       __imp__initterm            000000018003f0e8     MSVCRT:MSVCR100.dll
 0002:000000f0       __imp__malloc_crt          000000018003f0f0     MSVCRT:MSVCR100.dll
 0002:000000f8       __imp_ldexp                000000018003f0f8     MSVCRT:MSVCR100.dll
 0002:00000100       __imp_realloc              000000018003f100     MSVCRT:MSVCR100.dll
 0002:00000108       __imp_calloc               000000018003f108     MSVCRT:MSVCR100.dll
 0002:00000110       __imp__setjmp              000000018003f110     MSVCRT:MSVCR100.dll
 0002:00000118       __imp_strrchr              000000018003f118     MSVCRT:MSVCR100.dll
 0002:00000120       __imp_ceil                 000000018003f120     MSVCRT:MSVCR100.dll
 0002:00000128       __imp_strncmp              000000018003f128     MSVCRT:MSVCR100.dll
 0002:00000130       __imp_longjmp              000000018003f130     MSVCRT:MSVCR100.dll
 0002:00000138       __imp_strncpy              000000018003f138     MSVCRT:MSVCR100.dll
 0002:00000140       __imp_memcpy               000000018003f140     MSVCRT:MSVCR100.dll
 0002:00000148       __imp_strcat               000000018003f148     MSVCRT:MSVCR100.dll
 0002:00000150       __imp_sprintf              000000018003f150     MSVCRT:MSVCR100.dll
 0002:00000158       __imp_strcmp               000000018003f158     MSVCRT:MSVCR100.dll
 0002:00000160       __imp_free                 000000018003f160     MSVCRT:MSVCR100.dll
 0002:00000168       __imp_malloc               000000018003f168     MSVCRT:MSVCR100.dll
 0002:00000170       __imp_memset               000000018003f170     MSVCRT:MSVCR100.dll
 0002:00000178       __imp_strlen               000000018003f178     MSVCRT:MSVCR100.dll
 0002:00000180       \177MSVCR100_NULL_THUNK_DATA 000000018003f180     MSVCRT:MSVCR100.dll
 0002:00000188       __imp_emlrtIsEnumR2009a    000000018003f188     libemlrt:libemlrt.dll
 0002:00000190       __imp_emlrtGetEnumUnderlyingArrayR2009a 000000018003f190     libemlrt:libemlrt.dll
 0002:00000198       __imp_emlrtTranslateUTF16MessagetoLCPstring 000000018003f198     libemlrt:libemlrt.dll
 0002:000001a0       __imp_emlrtForLoopVectorIsValidR2011b 000000018003f1a0     libemlrt:libemlrt.dll
 0002:000001a8       __imp_emlrtTranslateMessageIDtoLCPstring 000000018003f1a8     libemlrt:libemlrt.dll
 0002:000001b0       __imp_emlrtExtractMessageId 000000018003f1b0     libemlrt:libemlrt.dll
 0002:000001b8       __imp_emlrtNameCapturePostProcessR2012a 000000018003f1b8     libemlrt:libemlrt.dll
 0002:000001c0       __imp_emlrtCheckBuiltInR2012b 000000018003f1c0     libemlrt:libemlrt.dll
 0002:000001c8       __imp_emlrtDestroyRootTLS  000000018003f1c8     libemlrt:libemlrt.dll
 0002:000001d0       __imp_emlrtCreateRootTLS   000000018003f1d0     libemlrt:libemlrt.dll
 0002:000001d8       __imp_emlrtCheckEnumR2012b 000000018003f1d8     libemlrt:libemlrt.dll
 0002:000001e0       __imp_emlrtCreateEnumR2012b 000000018003f1e0     libemlrt:libemlrt.dll
 0002:000001e8       __imp_emlrtGetEnumElementR2009a 000000018003f1e8     libemlrt:libemlrt.dll
 0002:000001f0       __imp_emlrtCreateReference 000000018003f1f0     libemlrt:libemlrt.dll
 0002:000001f8       __imp_emlrtImportVsFiArrayR2009b 000000018003f1f8     libemlrt:libemlrt.dll
 0002:00000200       __imp_emlrtCheckVsBuiltInR2012b 000000018003f200     libemlrt:libemlrt.dll
 0002:00000208       \177libemlrt_NULL_THUNK_DATA 000000018003f208     libemlrt:libemlrt.dll
 0002:00000210       __imp_ssRegisterDataTypeFxpFSlopeFixExpBias 000000018003f210     libfixedpoint:libfixedpoint.dll
 0002:00000218       \177libfixedpoint_NULL_THUNK_DATA 000000018003f218     libfixedpoint:libfixedpoint.dll
 0002:00000220       __imp_mexFunctionName      000000018003f220     libmex:libmex.dll
 0002:00000228       __imp_mexMakeMemoryPersistent 000000018003f228     libmex:libmex.dll
 0002:00000230       __imp_mexLock              000000018003f230     libmex:libmex.dll
 0002:00000238       __imp_mexPutVariable       000000018003f238     libmex:libmex.dll
 0002:00000240       __imp_mexSetTrapFlag       000000018003f240     libmex:libmex.dll
 0002:00000248       __imp_mexMakeArrayPersistent 000000018003f248     libmex:libmex.dll
 0002:00000250       __imp_mexErrMsgTxt         000000018003f250     libmex:libmex.dll
[...]
 0001:00013f30       check_array_dimensions     0000000180014f30 f   sfc_mex:sfc_mex.obj
 0001:00013fa0       check_input_mxarray        0000000180014fa0 f   sfc_mex:sfc_mex.obj
 0001:000146e0       sf_numeric_value_to_double 00000001800156e0 f   sfc_mex:sfc_mex.obj
 0001:00014730       ml_generic_out_of_bounds_check 0000000180015730 f   sfc_mex:sfc_mex.obj
 0001:00014900       ml_get_element_value_from_array 0000000180015900 f   sfc_mex:sfc_mex.obj
 0001:00014ca0       _ml_generic_castability_check 0000000180015ca0 f   sfc_mex:sfc_mex.obj
 0001:00015a00       ml_generic_castability_check 0000000180016a00 f   sfc_mex:sfc_mex.obj
 0001:00015aa0       ml_check_mx_array_for_single_castability 0000000180016aa0 f   sfc_mex:sfc_mex.obj
 0001:00015b40       ml_check_mx_array_for_logical_castability 0000000180016b40 f   sfc_mex:sfc_mex.obj
 0001:00015be0       ml_check_mx_array_for_int8_castability 0000000180016be0 f   sfc_mex:sfc_mex.obj
 0001:00015c90       ml_check_mx_array_for_uint8_castability 0000000180016c90 f   sfc_mex:sfc_mex.obj
 0001:00015cf0       ml_check_mx_array_for_int16_castability 0000000180016cf0 f   sfc_mex:sfc_mex.obj
 0001:00015d50       ml_check_mx_array_for_uint16_castability 0000000180016d50 f   sfc_mex:sfc_mex.obj
 0001:00015db0       ml_check_mx_array_for_int32_castability 0000000180016db0 f   sfc_mex:sfc_mex.obj
 0001:00015e10       ml_check_mx_array_for_uint32_castability 0000000180016e10 f   sfc_mex:sfc_mex.obj
 0001:00015e70       ml_check_mx_array_for_castability 0000000180016e70 f   sfc_mex:sfc_mex.obj
 0001:000167a0       set_data_value             00000001800177a0 f   sfc_mex:sfc_mex.obj
 0001:00016b10       get_data_value             0000000180017b10 f   sfc_mex:sfc_mex.obj
 0001:00016c20       get_next_element_address   0000000180017c20 f   sfc_mex:sfc_mex.obj
 0001:00016cf0       sf_normalize_index         0000000180017cf0 f   sfc_mex:sfc_mex.obj
 0001:00017080       ml_array_index_bound_check 0000000180018080 f   sfc_mex:sfc_mex.obj
 0001:00017ba0       mx_value                   0000000180018ba0 f   sfc_mex:sfc_mex.obj
 0001:00017bf0       sf_create_numeric_array    0000000180018bf0 f   sfc_mex:sfc_mex.obj
 0001:00017c90       sf_mex_assign_to_mx_array  0000000180018c90 f   sfc_mex:sfc_mex.obj
 0001:00017fe0       assign_from_mx_array       0000000180018fe0 f   sfc_mex:sfc_mex.obj
 0001:00018810       sf_mex_import_v            0000000180019810 f   sfc_mex:sfc_mex.obj
 0001:00018f10       get_machine_and_chart_file_number 0000000180019f10 f   sfc_mex:sfc_sf.obj
 0001:00019000       get_sfun_block_specialization 000000018001a000 f   sfc_mex:sfc_sf.obj
 0001:000190b0       call_sf_machine_global_method_dispatcher 000000018001a0b0 f   sfc_mex:sfc_sf.obj
 0001:00019300       mdl_zeroCrossings_processing 000000018001a300 f   sfc_mex:sfc_sf.obj
 0001:000193d0       mdl_derivatives_processing 000000018001a3d0 f   sfc_mex:sfc_sf.obj
 0001:00019690       mdl_outputs_continuous_legacy 000000018001a690 f   sfc_mex:sfc_sf.obj
 0001:00019710       mdl_outputs_processing     000000018001a710 f   sfc_mex:sfc_sf.obj
 0001:00019980       mdl_enable_processing      000000018001a980 f   sfc_mex:sfc_sf.obj
 0001:00019a50       mdl_disable_processing     000000018001aa50 f   sfc_mex:sfc_sf.obj
 0001:0001a7c0       sf_call_output_fcn_enable_disable 000000018001b7c0 f   sfc_mex:sfc_sf.obj
 0001:0001aa40       set_dwork_information_from_mx_array 000000018001ba40 f   sfc_mex:sfc_sf.obj
 0001:0001b300       ptr2mxStruct               000000018001c300 f   sfc_mex:sfc_sf.obj
 0001:0001b610       SNPRINTF_WRAPPER           000000018001c610 f   sfc_debug:sfcdebug.obj
 0001:0001b630       sf_debug_chart_instance_initialized_quick 000000018001c630 f   sfc_debug:sfcdebug.obj
 0001:0001b640       sf_debug_chart_instance_initialized 000000018001c640 f   sfc_debug:sfcdebug.obj
 0001:0001b7e0       sfrtAddSize                000000018001c7e0 f   sfc_debug:sfcdebug.obj
 0001:0001b8a0       sfrtGenSizeString          000000018001c8a0 f   sfc_debug:sfcdebug.obj
 0001:0001bfb0       fill_single_message_info   000000018001cfb0 f   sfc_debug:sfcdebug.obj
 0001:0001c170       sf_debug_sim_status_listener 000000018001d170 f   sfc_debug:sfcdebug.obj
 0001:0001c6e0       sf_debug_form_mask_bits    000000018001d6e0 f   sfc_debug:sfcdebug.obj
 0001:0001c720       sf_debug_form_sf_data_type_offsets 000000018001d720 f   sfc_debug:sfcdebug.obj
 0001:0001c7e0       sf_debug_free_all          000000018001d7e0 f   sfc_debug:sfcdebug.obj
 0001:0001c990       sf_debug_append_debugger_context 000000018001d990 f   sfc_debug:sfcdebug.obj
 0001:0001cb30       sf_debug_update_always_honor_breakpoints 000000018001db30 f   sfc_debug:sfcdebug.obj
 0001:0001cd00       local_strdup               000000018001dd00 f   sfc_debug:sfcdebug.obj
 0001:0001dbe0       sf_debug_em_terminate      000000018001ebe0 f   sfc_debug:sfcdebug.obj
 0001:0001dc20       sf_debug_push_eml_function 000000018001ec20 f   sfc_debug:sfcdebug.obj
 0001:0001dcc0       sf_debug_pop_eml_function  000000018001ecc0 f   sfc_debug:sfcdebug.obj
 0001:0001e9c0       sf_debug_get_machine_number_from_id_or_name 000000018001f9c0 f   sfc_debug:sfcdebug.obj
 0001:0001eb10       sf_debug_get_chart_number_from_id 000000018001fb10 f   sfc_debug:sfcdebug.obj
 0001:0001f8b0       sf_debug_transfer_control_to_debugger_GUI 00000001800208b0 f   sfc_debug:sfcdebug.obj
 0001:00020840       sf_debug_scripts_rehash    0000000180021840 f   sfc_debug:sfcdebug.obj
 0001:00020a80       sf_debug_get_script_line_count 0000000180021a80 f   sfc_debug:sfcdebug.obj
 0001:000213b0       cv_eml_state_cvId          00000001800223b0 f   sfc_debug:sfcdebug.obj
 0001:00021420       cv_eml_trans_cvId          0000000180022420 f   sfc_debug:sfcdebug.obj
 0001:000227b0       sf_debug_data_array_bounds_error 00000001800237b0 f   sfc_debug:sfcdebug.obj
 0001:00022be0       eml_debug_runtime_error_doclink 0000000180023be0 f   sfc_debug:sfcdebug.obj
 0001:00022d40       sf_debug_runtime_error     0000000180023d40 f   sfc_debug:sfcdebug.obj
 0001:00022db0       sf_debug_matlab_error      0000000180023db0 f   sfc_debug:sfcdebug.obj
 0001:000236f0       sf_debug_data_value_error  00000001800246f0 f   sfc_debug:sfcdebug.obj
 0001:00023ff0       sf_debug_data_loss_error   0000000180024ff0 f   sfc_debug:sfcdebug.obj
 0001:00024f80       call_cv_range_check        0000000180025f80 f   sfc_debug:sfcdebug.obj
 0001:00025750       sf_debug_invoke_cycle_detection_code 0000000180026750 f   sfc_debug:sfcdebug.obj
 0001:000265d0       sf_reset_debug_info_struct 00000001800275d0 f   sfc_debug:sfcdebug.obj
 0001:00026e30       cv_script_cvId             0000000180027e30 f   sfc_debug:sfcdebug.obj
 0001:00027b90       sfc_api_chart_visible      0000000180028b90 f   sfc_debug:sfc_api.obj
 0001:00027c10       sfc_api_active_instance    0000000180028c10 f   sfc_debug:sfc_api.obj
 0001:00027c90       sfc_api_machine_load       0000000180028c90 f   sfc_debug:sfc_api.obj
 0001:00027d60       sfc_api_debugger_alive     0000000180028d60 f   sfc_debug:sfc_api.obj
 0001:00027d70       sfc_api_go                 0000000180028d70 f   sfc_debug:sfc_api.obj
 0001:00027d80       sfc_api_step_over          0000000180028d80 f   sfc_debug:sfc_api.obj
 0001:00027d90       sfc_api_step_out           0000000180028d90 f   sfc_debug:sfc_api.obj
 0001:00027da0       sfc_api_resume             0000000180028da0 f   sfc_debug:sfc_api.obj
 0001:00027db0       sfc_api_break              0000000180028db0 f   sfc_debug:sfc_api.obj
 0001:00027dc0       sfc_api_stop_debugging     0000000180028dc0 f   sfc_debug:sfc_api.obj
 0001:00027e10       sfc_api_is_cycle_detected  0000000180028e10 f   sfc_debug:sfc_api.obj
 0001:00027e60       sfc_api_is_array_bounds_detected 0000000180028e60 f   sfc_debug:sfc_api.obj
 0001:00027eb0       sfc_api_set_disable_all_breakpoints 0000000180028eb0 f   sfc_debug:sfc_api.obj
 0001:00027f20       sfc_api_disable_all_breakpoints_and_go 0000000180028f20 f   sfc_debug:sfc_api.obj
 0001:00027f30       sfc_api_close              0000000180028f30 f   sfc_debug:sfc_api.obj
 0001:00027f40       sfc_api_browse_data        0000000180028f40 f   sfc_debug:sfc_api.obj
 0001:00027fb0       sfc_api_watch_data         0000000180028fb0 f   sfc_debug:sfc_api.obj
 0001:000280b0       sfc_api_extract_message_post_receive_info 00000001800290b0 f   sfc_debug:sfc_api.obj
 0001:000280d0       sfc_api_assign_data        00000001800290d0 f   sfc_debug:sfc_api.obj
 0001:00028170       sfc_api_whos               0000000180029170 f   sfc_debug:sfc_api.obj
 0001:00028200       sfc_api_get_consistency_info 0000000180029200 f   sfc_debug:sfc_api.obj
 0001:00028210       sfc_api_browse_trace       0000000180029210 f   sfc_debug:sfc_api.obj
 0001:00028220       sfc_api_break_on_chart_entry 0000000180029220 f   sfc_debug:sfc_api.obj
 0001:00028240       sfc_api_break_on_event_broadcast 0000000180029240 f   sfc_debug:sfc_api.obj
 0001:00028260       sfc_api_break_on_state_entry 0000000180029260 f   sfc_debug:sfc_api.obj
 0001:00028280       sfc_api_set_watch          0000000180029280 f   sfc_debug:sfc_api.obj
 0001:00028320       sfc_api_set_breakpoints    0000000180029320 f   sfc_debug:sfc_api.obj
 0001:000283c0       sfc_api_set_eml_breakpoints 00000001800293c0 f   sfc_debug:sfc_api.obj
 0001:00028440       sfc_api_set_script_breakpoints 0000000180029440 f   sfc_debug:sfc_api.obj
 0001:00028490       sfc_api_add_script_breakpoints 0000000180029490 f   sfc_debug:sfc_api.obj
 0001:000284e0       sfc_api_clear_script_breakpoints 00000001800294e0 f   sfc_debug:sfc_api.obj
 0001:00028530       sfc_api_query_script_breakpoints 0000000180029530 f   sfc_debug:sfc_api.obj
 0001:00028590       sfc_api_get_script_id      0000000180029590 f   sfc_debug:sfc_api.obj
 0001:00028650       sfc_api_get_active_states  0000000180029650 f   sfc_debug:sfc_api.obj
 0001:000286d0       sfc_api_break_between_times 00000001800296d0 f   sfc_debug:sfc_api.obj
 0001:00028730       sfc_api_get_instance_handle 0000000180029730 f   sfc_debug:sfc_api.obj
 0001:000287e0       sfc_api_set_animation      00000001800297e0 f   sfc_debug:sfc_api.obj
 0001:00028830       sfc_api_select_chart       0000000180029830 f   sfc_debug:sfc_api.obj
 0001:00028890       sfc_api_select_charts      0000000180029890 f   sfc_debug:sfc_api.obj
 0001:000288c0       sfc_api_cycle_detection_check 00000001800298c0 f   sfc_debug:sfc_api.obj
 0001:00028910       sfc_api_data_range_check   0000000180029910 f   sfc_debug:sfc_api.obj
 0001:00028960       sfc_api_transition_conflict_check 0000000180029960 f   sfc_debug:sfc_api.obj
 0001:000289b0       sfc_api_state_consistency_check 00000001800299b0 f   sfc_debug:sfc_api.obj
 0001:00028a00       sfc_api_set_instance_cv_ids 0000000180029a00 f   sfc_debug:sfc_api.obj
 0001:00028b10       sfc_api_set_script_cv_ids  0000000180029b10 f   sfc_debug:sfc_api.obj
 0001:00028bc0       sfc_api_get_current_machine_id 0000000180029bc0 f   sfc_debug:sfc_api.obj
 0001:00028bf0       sfc_api_get_current_machine_number 0000000180029bf0 f   sfc_debug:sfc_api.obj
 0001:00028c20       sfc_api_get_current_chart_number 0000000180029c20 f   sfc_debug:sfc_api.obj
 0001:00028c50       sfc_api_get_current_instance_number 0000000180029c50 f   sfc_debug:sfc_api.obj
 0001:00028c80       sfc_api_get_current_instance_handle 0000000180029c80 f   sfc_debug:sfc_api.obj
 0001:00028ca0       sfc_api_get_current_is_minor_time_step 0000000180029ca0 f   sfc_debug:sfc_api.obj
 0001:00028cd0       sfc_api_get_current_machine_name 0000000180029cd0 f   sfc_debug:sfc_api.obj
 0001:00028cf0       sfc_api_get_current_chart_id 0000000180029cf0 f   sfc_debug:sfc_api.obj
 0001:00028d20       sfc_api_get_current_object_type 0000000180029d20 f   sfc_debug:sfc_api.obj
 0001:00028d50       sfc_api_get_current_event_type 0000000180029d50 f   sfc_debug:sfc_api.obj
 0001:00028d80       sfc_api_get_current_object_id 0000000180029d80 f   sfc_debug:sfc_api.obj
 0001:00028db0       sfc_get_current_active_event_type 0000000180029db0 f   sfc_debug:sfc_api.obj
 0001:00028de0       sfc_api_get_current_active_event_id 0000000180029de0 f   sfc_debug:sfc_api.obj
 0001:00028e10       sfc_api_get_current_simulation_time 0000000180029e10 f   sfc_debug:sfc_api.obj
 0001:00028e30       sfc_get_current_tag_type   0000000180029e30 f   sfc_debug:sfc_api.obj
 0001:00028e60       sfc_get_current_coverage_percentage 0000000180029e60 f   sfc_debug:sfc_api.obj
 0001:00028e80       sfc_get_current_statement_context 0000000180029e80 f   sfc_debug:sfc_api.obj
 0001:00028ea0       sfc_get_current_optional_integer 0000000180029ea0 f   sfc_debug:sfc_api.obj
 0001:00028ed0       sfc_get_current_statement_info 0000000180029ed0 f   sfc_debug:sfc_api.obj
 0001:00028f70       sfc_api_get                0000000180029f70 f   sfc_debug:sfc_api.obj
 0001:00029be0       sf_debug_sm_fill_state_activity_data 000000018002abe0 f   sfc_debug:sfdb_animation.obj
 0001:0002c4e0       void_ptr_stack_vector_free_total 000000018002d4e0 f   sfc_debug:sfdb_data_browse.obj
 0001:0002c570       sf_debug_st_terminate_machine 000000018002d570 f   sfc_debug:sfdb_data_browse.obj
 0001:0002c5b0       sf_debug_st_terminate_instance 000000018002d5b0 f   sfc_debug:sfdb_data_browse.obj
 0001:0002c960       push_on_to_void_ptr_stack  000000018002d960 f   sfc_debug:sfdb_data_browse.obj
 0001:0002caf0       pop_from_void_ptr_stack    000000018002daf0 f   sfc_debug:sfdb_data_browse.obj
 0001:0002cc20       sf_debug_st_get_data_value 000000018002dc20 f   sfc_debug:sfdb_data_browse.obj
 0001:0002d1b0       mx_value                   000000018002e1b0 f   sfc_debug:sfdb_data_browse.obj
 0001:0002d1f0       sf_debug_st_fill_data_struct 000000018002e1f0 f   sfc_debug:sfdb_data_browse.obj
 0001:0002d530       data_type_format_strings   000000018002e530 f   sfc_debug:sfdb_data_browse.obj
 0001:0002d5e0       sf_debug_st_fill_data      000000018002e5e0 f   sfc_debug:sfdb_data_browse.obj
 0001:0002e330       sf_debug_hm_get_simulink_handle 000000018002f330 f   sfc_debug:sfdb_handle_management.obj
 0001:0002ee30       sf_debug_hm_initialize_globals 000000018002fe30 f   sfc_debug:sfdb_handle_management.obj
 0001:0002ef30       sf_debug_hm_get_machine_debug_flag 000000018002ff30 f   sfc_debug:sfdb_handle_management.obj
 0001:0002f0a0       sf_debug_hm_get_machine_id 00000001800300a0 f   sfc_debug:sfdb_handle_management.obj
 0001:0002f1c0       sf_debug_hm_get_chart_id   00000001800301c0 f   sfc_debug:sfdb_handle_management.obj
 0001:0002f360       sf_debug_hm_register_executing_SFunction 0000000180030360 f   sfc_debug:sfdb_handle_management.obj
 0001:0002f6f0       sf_debug_hm_form_object_boolean_properties 00000001800306f0 f   sfc_debug:sfdb_handle_management.obj
 0001:0002f9c0       sf_debug_hm_form_object_properties 00000001800309c0 f   sfc_debug:sfdb_handle_management.obj
 0001:0002fc00       sf_debug_hm_terminate_charts 0000000180030c00 f   sfc_debug:sfdb_handle_management.obj
 0001:00030360       sf_debug_hm_terminate_machines 0000000180031360 f   sfc_debug:sfdb_handle_management.obj
 0001:00031f60       sf_debug_ss_copy_dimension 0000000180032f60 f   sfc_debug:sfdb_symbol_scope.obj
 0001:00032020       sf_debug_ss_get_number_elements 0000000180033020 f   sfc_debug:sfdb_symbol_scope.obj
 0001:00032040       sf_debug_ss_fill_data_struct 0000000180033040 f   sfc_debug:sfdb_symbol_scope.obj
 0001:00032390       sf_debug_ss_reset_data_info 0000000180033390 f   sfc_debug:sfdb_symbol_scope.obj
 0001:000323f0       sf_debug_fill_data_info_by_symbol_scope_entry 00000001800333f0 f   sfc_debug:sfdb_symbol_scope.obj
 0001:000324b0       sf_debug_fill_data_info_by_data_vector 00000001800334b0 f   sfc_debug:sfdb_symbol_scope.obj
 0001:00032700       get_data_info_helper       0000000180033700 f   sfc_debug:sfdb_symbol_scope.obj
 0001:00032800       sf_debug_ss_get_data_info  0000000180033800 f   sfc_debug:sfdb_symbol_scope.obj
 0001:00032a30       sf_debug_select_mex_function 0000000180033a30 f   sfc_debug:sfdb_symbol_scope.obj
 0001:00032a60       sf_debug_is_dyn_matrix_initialized 0000000180033a60 f   sfc_debug:sfdb_symbol_scope.obj
 0001:00032a80       sf_debug_ss_set_data_value_try 0000000180033a80 f   sfc_debug:sfdb_symbol_scope.obj
 0001:00032c50       sf_debug_ss_get_data_value 0000000180033c50 f   sfc_debug:sfdb_symbol_scope.obj
 0001:000333c0       sf_debug_ss_data_bytes_string 00000001800343c0 f   sfc_debug:sfdb_symbol_scope.obj
 0001:00033470       sf_debug_ss_data_class_string 0000000180034470 f   sfc_debug:sfdb_symbol_scope.obj
 0001:00033800       sf_debug_ss_data_size_string 0000000180034800 f   sfc_debug:sfdb_symbol_scope.obj
 0001:000338e0       sf_debug_ss_data_create_data_info_struct 00000001800348e0 f   sfc_debug:sfdb_symbol_scope.obj
 0001:00033bb0       sf_debug_ss_data_create_name_value_pair 0000000180034bb0 f   sfc_debug:sfdb_symbol_scope.obj
 0001:00033c50       sf_debug_ss_data_get_whos_info 0000000180034c50 f   sfc_debug:sfdb_symbol_scope.obj
 0001:00033c60       same_named_data_in_data_array 0000000180034c60 f   sfc_debug:sfdb_symbol_scope.obj
 0001:000354f0       sf_debug_cc_terminate_chart 00000001800364f0 f   sfc_debug:sfdb_coverage.obj
 0001:00035890       sf_debug_cc_terminate_instance 0000000180036890 f   sfc_debug:sfdb_coverage.obj
 0001:00036480       sf_debug_cc_mark_object_if_needed 0000000180037480 f   sfc_debug:sfdb_coverage.obj
 0001:00036d80       sf_debug_bm_initialize_eml 0000000180037d80 f   sfc_debug:sfdb_breakpoints.obj
 0001:00037ec0       sf_debug_bm_map_debug_tag_to_breakpoint_tag 0000000180038ec0 f   sfc_debug:sfdb_breakpoints.obj
 0001:00037fa0       sf_debug_bm_is_a_eml_breakpoint_impl 0000000180038fa0 f   sfc_debug:sfdb_breakpoints.obj
 0001:00039ae0       sf_debug_sc_push_on_error_stack 000000018003aae0 f   sfc_debug:sfdb_state_consistency.obj
 0001:00039c10       sf_debug_sc_reset_error_stack 000000018003ac10 f   sfc_debug:sfdb_state_consistency.obj
 0001:00039da0       sf_debug_sc_is_state_inconsistent 000000018003ada0 f   sfc_debug:sfdb_state_consistency.obj
 0001:0003a0a0       sf_debug_sc_fill_consistency_info 000000018003b0a0 f   sfc_debug:sfdb_state_consistency.obj
 0001:0003a680       void_assertion_fcn         000000018003b680 f   sfc_debug:sfdb_call_stack.obj
 0001:0003ac00       sf_debug_tm_fill_local_trace 000000018003bc00 f   sfc_debug:sfdb_call_stack.obj
 0001:0003b1d0       sf_debug_cd_terminate_instance 000000018003c1d0 f   sfc_debug:sfdb_cycle_detection.obj
 0001:0003b230       sf_debug_cd_free_checksum_stack 000000018003c230 f   sfc_debug:sfdb_cycle_detection.obj
 0001:0003b280       sf_debug_cd_reset_pack_strings 000000018003c280 f   sfc_debug:sfdb_cycle_detection.obj
 0001:0003b940       md5file_clear              000000018003c940 f   sfc_debug:ckmd5.obj
 0001:0003b970       Encode                     000000018003c970 f   sfc_debug:ckmd5.obj
 0001:0003b9c0       Decode                     000000018003c9c0 f   sfc_debug:ckmd5.obj
 0001:0003ba60       MD5Transform               000000018003ca60 f   sfc_debug:ckmd5.obj
 0001:0003c2b0       md5file_addn               000000018003d2b0 f   sfc_debug:ckmd5.obj
 0001:0003c380       md5file_hash               000000018003d380 f   sfc_debug:ckmd5.obj
 0001:0003c878       pre_c_init                 000000018003d878 f   MSVCRT:crtdll.obj
 0001:0003cb34       __DllMainCRTStartup        000000018003db34 f   MSVCRT:crtdll.obj
 0001:0003d240       __DllMainCRTStartup$filt$0 000000018003e240 f   MSVCRT:crtdll.obj
 0001:0003d270       __DllMainCRTStartup$fin$1  000000018003e270 f   MSVCRT:crtdll.obj
 0001:0003d28a       _onexit$fin$0              000000018003e28a f   MSVCRT:atonexit.obj
 0001:0003d2b0       _IsNonwritableInCurrentImage$filt$0 000000018003e2b0 f   MSVCRT:pesect.obj
