 Stanley_model_sfun

 Timestamp is 59e0d427 (Fri Oct 13 21:56:39 2017)

 Preferred load address is 0000000180000000

 Start         Length     Name                   Class
 0001:00000000 0003d274H .text                   CODE
 0001:0003d280 00000092H .text$x                 CODE
 0002:00000000 000004b8H .idata$5                DATA
 0002:000004b8 00000008H .CRT$XCA                DATA
 0002:000004c0 00000008H .CRT$XCZ                DATA
 0002:000004c8 00000008H .CRT$XIA                DATA
 0002:000004d0 00000008H .CRT$XIAA               DATA
 0002:000004d8 00000008H .CRT$XIZ                DATA
 0002:000004e0 00004b3cH .rdata                  DATA
 0002:00005020 00000008H .rtc$IAA                DATA
 0002:00005028 00000008H .rtc$IZZ                DATA
 0002:00005030 00000008H .rtc$TAA                DATA
 0002:00005038 00000008H .rtc$TZZ                DATA
 0002:00005040 00003fd4H .xdata                  DATA
 0002:00009014 000000a0H .idata$2                DATA
 0002:000090b4 00000014H .idata$3                DATA
 0002:000090c8 000004b8H .idata$4                DATA
 0002:00009580 00000b02H .idata$6                DATA
 0002:0000a090 00000058H .edata                  DATA
 0003:00000000 00002b48H .data                   DATA
 0003:00002b60 000026d8H .bss                    DATA
 0004:00000000 000030b4H .pdata                  DATA

  Address         Publics by Value              Rva+Base               Lib:Object

 0000:00000000       ___safe_se_handler_count   0000000000000000     <absolute>
 0000:00000000       ___safe_se_handler_table   0000000000000000     <absolute>
 0000:00000000       __ImageBase                0000000180000000     <linker-defined>
 0001:00000000       sf_c1_Stanley_model_get_eml_resolved_functions_info 0000000180001000 f   c1_Stanley_model.obj
 0001:000010d0       sf_c1_Stanley_model_get_check_sum 00000001800020d0 f   c1_Stanley_model.obj
 0001:00001150       sf_c1_Stanley_model_get_autoinheritance_info 0000000180002150 f   c1_Stanley_model.obj
 0001:00002b30       sf_internal_get_sim_state_c1_Stanley_model 0000000180003b30 f   c1_Stanley_model.obj
 0001:00003260       sf_internal_set_sim_state_c1_Stanley_model 0000000180004260 f   c1_Stanley_model.obj
 0001:000037e0       c1_Stanley_model_method_dispatcher 00000001800047e0 f   c1_Stanley_model.obj
 0001:0000ac80       sf_process_check_sum_call  000000018000bc80 f   Stanley_model_sfun_registry.obj
 0001:0000acd0       sf_process_autoinheritance_call 000000018000bcd0 f   Stanley_model_sfun_registry.obj
 0001:0000ae70       sf_process_get_eml_resolved_functions_info_call 000000018000be70 f   Stanley_model_sfun_registry.obj
 0001:0000aff0       sf_mex_unlock_call         000000018000bff0 f   Stanley_model_sfun_registry.obj
 0001:0000b0a0       sf_machine_global_initializer_called 000000018000c0a0 f   Stanley_model_sfun_registry.obj
 0001:0000b0d0       sf_machine_global_method_dispatcher 000000018000c0d0 f   Stanley_model_sfun_registry.obj
 0001:0000b130       sf_machine_global_terminator 000000018000c130 f   Stanley_model_sfun_registry.obj
 0001:0000b170       sf_register_machine_exported_symbols 000000018000c170 f   Stanley_model_sfun_registry.obj
 0001:0000b190       callCustomFcn              000000018000c190 f   Stanley_model_sfun_registry.obj
 0001:0000b1a0       sf_machine_global_initializer 000000018000c1a0 f   Stanley_model_sfun_registry.obj
 0001:0000b210       _ssSetStateAbsTol          000000018000c210 f   Stanley_model_sfun_registry.obj
 0001:0000b2f0       _ssGetAbsTol               000000018000c2f0 f   Stanley_model_sfun_registry.obj
 0001:0000b360       _ssSetInputPortMatrixDimensions 000000018000c360 f   Stanley_model_sfun_registry.obj
 0001:0000b470       _ssSetOutputPortMatrixDimensions 000000018000c470 f   Stanley_model_sfun_registry.obj
 0001:0000b580       _ssSetInputPortVectorDimension 000000018000c580 f   Stanley_model_sfun_registry.obj
 0001:0000b650       _ssSetOutputPortVectorDimension 000000018000c650 f   Stanley_model_sfun_registry.obj
 0001:0000b720       ssIsRunTimeParamTunable    000000018000c720 f   Stanley_model_sfun_registry.obj
 0001:0000b790       ssGetSFuncBlockHandle      000000018000c790 f   Stanley_model_sfun_registry.obj
 0001:0000b800       _ssGetCurrentInputPortWidth 000000018000c800 f   Stanley_model_sfun_registry.obj
 0001:0000b920       _ssGetCurrentOutputPortWidth 000000018000c920 f   Stanley_model_sfun_registry.obj
 0001:0000ba40       _ssGetCallSystemNumFcnCallDestinations 000000018000ca40 f   Stanley_model_sfun_registry.obj
 0001:0000bab0       ssWarning                  000000018000cab0 f   Stanley_model_sfun_registry.obj
 0001:0000bbc0       ssGetIsZeroCrossControlDisabled 000000018000cbc0 f   Stanley_model_sfun_registry.obj
 0001:0000bc30       ssSetIsInputPortUsedForContZcSignal 000000018000cc30 f   Stanley_model_sfun_registry.obj
 0001:0000bca0       ssSetZcSignalIsZcElementDisc 000000018000cca0 f   Stanley_model_sfun_registry.obj
 0001:0000bd50       ssSetZcSignalName          000000018000cd50 f   Stanley_model_sfun_registry.obj
 0001:0000bdc0       ssSetZcSignalWidth         000000018000cdc0 f   Stanley_model_sfun_registry.obj
 0001:0000be30       ssSetZcSignalZcEventType   000000018000ce30 f   Stanley_model_sfun_registry.obj
 0001:0000bea0       ssSetZcSignalType          000000018000cea0 f   Stanley_model_sfun_registry.obj
 0001:0000bf10       ssSetZcSignalZcTol         000000018000cf10 f   Stanley_model_sfun_registry.obj
 0001:0000bf80       ssSetZcSignalNeedsEventNotification 000000018000cf80 f   Stanley_model_sfun_registry.obj
 0001:0000bff0       ssCreateAndAddZcSignalInfo 000000018000cff0 f   Stanley_model_sfun_registry.obj
 0001:0000c060       ssCloneAndAddZcSignalInfo  000000018000d060 f   Stanley_model_sfun_registry.obj
 0001:0000c0d0       ssGetNumZcSignals          000000018000d0d0 f   Stanley_model_sfun_registry.obj
 0001:0000c140       ssGetZcSignalVector        000000018000d140 f   Stanley_model_sfun_registry.obj
 0001:0000c1b0       ssGetZcSignalZcEvents      000000018000d1b0 f   Stanley_model_sfun_registry.obj
 0001:0000c220       ssGetZcSignalName          000000018000d220 f   Stanley_model_sfun_registry.obj
 0001:0000c290       ssGetZcSignalWidth         000000018000d290 f   Stanley_model_sfun_registry.obj
 0001:0000c300       ssGetZcSignalZcEventType   000000018000d300 f   Stanley_model_sfun_registry.obj
 0001:0000c370       ssGetZcSignalType          000000018000d370 f   Stanley_model_sfun_registry.obj
 0001:0000c3e0       ssGetZcSignalZcTol         000000018000d3e0 f   Stanley_model_sfun_registry.obj
 0001:0000c460       ssGetZcSignalNeedsEventNotification 000000018000d460 f   Stanley_model_sfun_registry.obj
 0001:0000c4d0       ssGetZcSignalIsZcElementDisc 000000018000d4d0 f   Stanley_model_sfun_registry.obj
 0001:0000c570       ssGetIsInputPortElementContinuous 000000018000d570 f   Stanley_model_sfun_registry.obj
 0001:0000c610       _ssGetInputPortSignalPtrsFcn 000000018000d610 f   Stanley_model_sfun_registry.obj
 0001:0000c8d0       _ssGetInputPortSignalFcn   000000018000d8d0 f   Stanley_model_sfun_registry.obj
 0001:0000caf0       _ssSetInputPortDirectFeedThroughFcn 000000018000daf0 f   Stanley_model_sfun_registry.obj
 0001:0000cc50       _ssSetInputPortReusableFcn 000000018000dc50 f   Stanley_model_sfun_registry.obj
 0001:0000cd40       _ssSetOutputPortReusableFcn 000000018000dd40 f   Stanley_model_sfun_registry.obj
 0001:0000ce20       ssGetDTypeIdFromMxArray    000000018000de20 f   Stanley_model_sfun_registry.obj
 0001:0000cf40       ssWriteRTWStr              000000018000df40 f   Stanley_model_sfun_registry.obj
 0001:0000cfa0       ssWriteRTWMxVectParam      000000018000dfa0 f   Stanley_model_sfun_registry.obj
 0001:0000d000       ssWriteRTWMx2dMatParam     000000018000e000 f   Stanley_model_sfun_registry.obj
 0001:0000d080       ssWriteRTWNameValuePair    000000018000e080 f   Stanley_model_sfun_registry.obj
 0001:0000d570       ssWriteRTWParameters       000000018000e570 f   Stanley_model_sfun_registry.obj
 0001:0000db70       ssWriteRTWParamSettings    000000018000eb70 f   Stanley_model_sfun_registry.obj
 0001:0000e240       ssWriteRTWWorkVect         000000018000f240 f   Stanley_model_sfun_registry.obj
 0001:0000e740       mexFunction                000000018000f740 f   Stanley_model_sfun_registry.obj
 0001:00010400       ProcessMexSfunctionEveryCall 0000000180011400 f   Stanley_model_sfun_registry.obj
 0001:00010570       Stanley_model_initializer  0000000180011570 f   Stanley_model_sfun.obj
 0001:00010580       Stanley_model_terminator   0000000180011580 f   Stanley_model_sfun.obj
 0001:00010590       sf_Stanley_model_method_dispatcher 0000000180011590 f   Stanley_model_sfun.obj
 0001:000105e0       sf_Stanley_model_process_check_sum_call 00000001800115e0 f   Stanley_model_sfun.obj
 0001:000109f0       sf_Stanley_model_autoinheritance_info 00000001800119f0 f   Stanley_model_sfun.obj
 0001:00010b60       sf_Stanley_model_get_eml_resolved_functions_info 0000000180011b60 f   Stanley_model_sfun.obj
 0001:00010c90       Stanley_model_debug_initialize 0000000180011c90 f   Stanley_model_sfun.obj
 0001:00010d00       Stanley_model_register_exported_symbols 0000000180011d00 f   Stanley_model_sfun.obj
 0001:00010d10       load_Stanley_model_optimization_info 0000000180011d10 f   Stanley_model_sfun.obj
 0001:00010d60       unload_Stanley_model_optimization_info 0000000180011d60 f   Stanley_model_sfun.obj
 0001:00010e80       sf_mex_mx_is_numeric       0000000180011e80 f   sfc_mex:sfc_mex.obj
 0001:00010ec0       strcmp_ignore_ws           0000000180011ec0 f   sfc_mex:sfc_mex.obj
 0001:00011000       sf_mex_duplicatearraysafe  0000000180012000 f   sfc_mex:sfc_mex.obj
 0001:00011160       sf_set_error_debugger_context_message_fcn 0000000180012160 f   sfc_mex:sfc_mex.obj
 0001:00011170       sf_set_debugger_matlab_error_fcn 0000000180012170 f   sfc_mex:sfc_mex.obj
 0001:000111a0       sf_set_error_prefix_string 00000001800121a0 f   sfc_mex:sfc_mex.obj
 0001:000111d0       sf_get_error_prefix_string 00000001800121d0 f   sfc_mex:sfc_mex.obj
 0001:000111e0       sf_mex_enter_parallel_region 00000001800121e0 f   sfc_mex:sfc_mex.obj
 0001:000111f0       sf_mex_exit_parallel_region 00000001800121f0 f   sfc_mex:sfc_mex.obj
 0001:00011200       sf_get_current_jmp_buf_ptr 0000000180012200 f   sfc_mex:sfc_mex.obj
 0001:00011210       sf_set_current_jmp_buf_ptr 0000000180012210 f   sfc_mex:sfc_mex.obj
 0001:00011220       sf_mex_set_halt_simulation 0000000180012220 f   sfc_mex:sfc_mex.obj
 0001:00011230       sf_mex_get_halt_simulation 0000000180012230 f   sfc_mex:sfc_mex.obj
 0001:00011240       sf_mex_clear_error_message 0000000180012240 f   sfc_mex:sfc_mex.obj
 0001:00011260       sf_mex_get_error_message_for_read 0000000180012260 f   sfc_mex:sfc_mex.obj
 0001:00011270       sf_mex_get_error_message_buffer_length 0000000180012270 f   sfc_mex:sfc_mex.obj
 0001:00011350       sf_mex_warning_message     0000000180012350 f   sfc_mex:sfc_mex.obj
 0001:000113c0       sf_mex_v_errbuf_createf    00000001800123c0 f   sfc_mex:sfc_mex.obj
 0001:000113d0       sf_mex_errbuf_createf      00000001800123d0 f   sfc_mex:sfc_mex.obj
 0001:00011400       sf_mex_v_errbuf_catf       0000000180012400 f   sfc_mex:sfc_mex.obj
 0001:00011440       sf_mex_errbuf_catf         0000000180012440 f   sfc_mex:sfc_mex.obj
 0001:00011490       sf_mex_errbuf_copy         0000000180012490 f   sfc_mex:sfc_mex.obj
 0001:000114a0       sf_mex_errbuf_clear        00000001800124a0 f   sfc_mex:sfc_mex.obj
 0001:000114b0       sf_mex_errbuf_isempty      00000001800124b0 f   sfc_mex:sfc_mex.obj
 0001:000115c0       sf_mex_set_error_status    00000001800125c0 f   sfc_mex:sfc_mex.obj
 0001:00011610       sf_mex_error_direct_call   0000000180012610 f   sfc_mex:sfc_mex.obj
 0001:00011630       sf_mex_error_message_no_long_jump 0000000180012630 f   sfc_mex:sfc_mex.obj
 0001:00011650       sf_mex_long_jump_on_error  0000000180012650 f   sfc_mex:sfc_mex.obj
 0001:00011680       sf_mex_call_matlab         0000000180012680 f   sfc_mex:sfc_mex.obj
 0001:000117a0       sf_mex_check_builtin       00000001800127a0 f   sfc_mex:sfc_mex.obj
 0001:00011840       sf_mex_check_builtin_vs    0000000180012840 f   sfc_mex:sfc_mex.obj
 0001:00011900       sf_mex_check_enum          0000000180012900 f   sfc_mex:sfc_mex.obj
 0001:00011980       sf_mex_create_enum         0000000180012980 f   sfc_mex:sfc_mex.obj
 0001:000119f0       sf_mex_get_enum_element    00000001800129f0 f   sfc_mex:sfc_mex.obj
 0001:00011a00       sf_mex_createcellarray     0000000180012a00 f   sfc_mex:sfc_mex.obj
 0001:00011a10       sf_mex_setcell             0000000180012a10 f   sfc_mex:sfc_mex.obj
 0001:00011a20       sf_mex_getcell             0000000180012a20 f   sfc_mex:sfc_mex.obj
 0001:00011a30       sf_mex_dup                 0000000180012a30 f   sfc_mex:sfc_mex.obj
 0001:00011a50       sf_mex_assign              0000000180012a50 f   sfc_mex:sfc_mex.obj
 0001:00011ad0       sf_mex_destroy             0000000180012ad0 f   sfc_mex:sfc_mex.obj
 0001:00011b00       mx_array_has_fi_type       0000000180012b00 f   sfc_mex:sfc_mex.obj
 0001:00011b30       sf_mex_convert_from_fi     0000000180012b30 f   sfc_mex:sfc_mex.obj
 0001:00011c60       sf_mex_convert_to_double   0000000180012c60 f   sfc_mex:sfc_mex.obj
 0001:00011d80       sf_mex_import_fi_vs        0000000180012d80 f   sfc_mex:sfc_mex.obj
 0001:00011f40       sf_matrix_matrix_index_ok  0000000180012f40 f   sfc_mex:sfc_mex.obj
 0001:00011fd0       sf_vector_vector_index_ok  0000000180012fd0 f   sfc_mex:sfc_mex.obj
 0001:00012000       ssGetCurrentInputPortDimensions_wrapper 0000000180013000 f   sfc_mex:sfc_mex.obj
 0001:00012020       ssGetCurrentOutputPortDimensions_wrapper 0000000180013020 f   sfc_mex:sfc_mex.obj
 0001:00012040       sf_mex_emlrt_context_is_debug_mode 0000000180013040 f   sfc_mex:sfc_mex.obj
 0001:00012050       sf_mex_emlrt_context_set_debug_mode 0000000180013050 f   sfc_mex:sfc_mex.obj
 0001:00012060       sf_mex_emlrtNameCapturePostProcessR2012a 0000000180013060 f   sfc_mex:sfc_mex.obj
 0001:000120d0       sf_clear_error_manager_info 00000001800130d0 f   sfc_mex:sfc_mex.obj
 0001:00012130       sf_mex_stop_simulation_abruptly_wo_error 0000000180013130 f   sfc_mex:sfc_mex.obj
 0001:00012170       sf_mex_error_message       0000000180013170 f   sfc_mex:sfc_mex.obj
 0001:000121d0       sf_react_to_error_in_matlab_call 00000001800131d0 f   sfc_mex:sfc_mex.obj
 0001:00012200       sf_mex_addfield            0000000180013200 f   sfc_mex:sfc_mex.obj
 0001:000122a0       sf_mex_getfield            00000001800132a0 f   sfc_mex:sfc_mex.obj
 0001:000125a0       sf_mex_check_class         00000001800135a0 f   sfc_mex:sfc_mex.obj
 0001:00012640       sf_mex_is_real             0000000180013640 f   sfc_mex:sfc_mex.obj
 0001:00012ab0       sf_mex_decode_encoded_mx_struct_array 0000000180013ab0 f   sfc_mex:sfc_mex.obj
 0001:00012d90       sf_mex_lw_bounds_check     0000000180013d90 f   sfc_mex:sfc_mex.obj
 0001:00012dc0       sf_mex_lw_size_eq_check_1d 0000000180013dc0 f   sfc_mex:sfc_mex.obj
 0001:00012de0       sf_mex_lw_size_eq_check_nd 0000000180013de0 f   sfc_mex:sfc_mex.obj
 0001:00012fc0       sf_mex_lw_dim_size_eq_check 0000000180013fc0 f   sfc_mex:sfc_mex.obj
 0001:00012ff0       sf_mex_lw_dim_size_geq_check 0000000180013ff0 f   sfc_mex:sfc_mex.obj
 0001:00013020       sf_mex_lw_sub_assign_size_check_nd 0000000180014020 f   sfc_mex:sfc_mex.obj
 0001:00013250       sf_mex_lw_runtime_error_msgid 0000000180014250 f   sfc_mex:sfc_mex.obj
 0001:00013340       sf_mex_lw_matrix_matrix_index_check 0000000180014340 f   sfc_mex:sfc_mex.obj
 0001:00013360       sf_mex_lw_vector_vector_index_check 0000000180014360 f   sfc_mex:sfc_mex.obj
 0001:000133a0       sf_mex_lw_for_loop_vector_check 00000001800143a0 f   sfc_mex:sfc_mex.obj
 0001:00013430       sf_mex_lw_non_negative_check 0000000180014430 f   sfc_mex:sfc_mex.obj
 0001:00013470       sf_mex_overflow_error      0000000180014470 f   sfc_mex:sfc_mex.obj
 0001:00013480       sf_mex_dividebyzero_error  0000000180014480 f   sfc_mex:sfc_mex.obj
 0001:00013490       sf_mex_unsafe_enum_error   0000000180014490 f   sfc_mex:sfc_mex.obj
 0001:000134a0       sf_emlrtErrHandler         00000001800144a0 f   sfc_mex:sfc_mex.obj
 0001:00013580       sf_mex_size_one_check      0000000180014580 f   sfc_mex:sfc_mex.obj
 0001:000135a0       sf_mex_printf              00000001800145a0 f   sfc_mex:sfc_mex.obj
 0001:00013770       sf_mex_check_size          0000000180014770 f   sfc_mex:sfc_mex.obj
 0001:00013a40       sf_mex_check_struct        0000000180014a40 f   sfc_mex:sfc_mex.obj
 0001:00013ca0       sf_mex_check_struct_vs     0000000180014ca0 f   sfc_mex:sfc_mex.obj
 0001:00013d30       sf_mex_check_fi            0000000180014d30 f   sfc_mex:sfc_mex.obj
 0001:00013e30       sf_mex_check_fi_vs         0000000180014e30 f   sfc_mex:sfc_mex.obj
 0001:00013ed0       sf_echo_expression         0000000180014ed0 f   sfc_mex:sfc_mex.obj
 0001:00013f30       sf_assertion_failed        0000000180014f30 f   sfc_mex:sfc_mex.obj
 0001:00014210       sf_mex_evalin              0000000180015210 f   sfc_mex:sfc_mex.obj
 0001:00014480       sf_mex_export              0000000180015480 f   sfc_mex:sfc_mex.obj
 0001:00014540       sf_mex_get_ml_var_no_error 0000000180015540 f   sfc_mex:sfc_mex.obj
 0001:000146e0       sf_mex_get_ml_var          00000001800156e0 f   sfc_mex:sfc_mex.obj
 0001:00014b80       ml_set_element_value_in_array 0000000180015b80 f   sfc_mex:sfc_mex.obj
 0001:00016250       sf_mex_call_impl           0000000180017250 f   sfc_mex:sfc_mex.obj
 0001:00016780       sf_mex_call_debug          0000000180017780 f   sfc_mex:sfc_mex.obj
 0001:000167b0       sf_mex_call                00000001800177b0 f   sfc_mex:sfc_mex.obj
 0001:00016e00       sf_mex_createstruct        0000000180017e00 f   sfc_mex:sfc_mex.obj
 0001:00016ef0       sf_mex_createstructarray   0000000180017ef0 f   sfc_mex:sfc_mex.obj
 0001:00016f70       sf_mex_get_mx_datatype_from_sf_datatype 0000000180017f70 f   sfc_mex:sfc_mex.obj
 0001:00017280       sf_mex_ml_var_sub          0000000180018280 f   sfc_mex:sfc_mex.obj
 0001:00017450       sf_mex_ml_var_subsasgn     0000000180018450 f   sfc_mex:sfc_mex.obj
 0001:00017840       sf_mex_sub                 0000000180018840 f   sfc_mex:sfc_mex.obj
 0001:00017a40       sf_mex_subsasgn            0000000180018a40 f   sfc_mex:sfc_mex.obj
 0001:00017f20       sf_mex_create              0000000180018f20 f   sfc_mex:sfc_mex.obj
 0001:00018970       sf_mex_import_named        0000000180019970 f   sfc_mex:sfc_mex.obj
 0001:000189d0       sf_mex_import              00000001800199d0 f   sfc_mex:sfc_mex.obj
 0001:00018a20       sf_mex_import_vs           0000000180019a20 f   sfc_mex:sfc_mex.obj
 0001:00018b30       sf_mex_lower_fixpt_mx_array 0000000180019b30 f   sfc_mex:sfc_mex.obj
 0001:00018e20       sf_send_message_wrapper    0000000180019e20 f   sfc_mex:sfc_sf.obj
 0001:00018e50       sf_receive_message_wrapper 0000000180019e50 f   sfc_mex:sfc_sf.obj
 0001:00018e90       sf_check_out_message_wrapper 0000000180019e90 f   sfc_mex:sfc_sf.obj
 0001:00018ed0       sf_check_in_message_wrapper 0000000180019ed0 f   sfc_mex:sfc_sf.obj
 0001:00018f10       sf_no_message_wrapper      0000000180019f10 f   sfc_mex:sfc_sf.obj
 0001:000192a0       sim_mode_is_rtw_gen        000000018001a2a0 f   sfc_mex:sfc_sf.obj
 0001:000192d0       sim_mode_is_external       000000018001a2d0 f   sfc_mex:sfc_sf.obj
 0001:000192e0       sim_mode_is_modelref_sim   000000018001a2e0 f   sfc_mex:sfc_sf.obj
 0001:00019300       mdlInitializeSizes         000000018001a300 f   sfc_mex:sfc_sf.obj
 0001:00019320       mdlInitializeSampleTimes   000000018001a320 f   sfc_mex:sfc_sf.obj
 0001:00019360       mdlZeroCrossings           000000018001a360 f   sfc_mex:sfc_sf.obj
 0001:00019440       mdlDerivatives             000000018001a440 f   sfc_mex:sfc_sf.obj
 0001:000194f0       mdl_initialize_conditions_processing 000000018001a4f0 f   sfc_mex:sfc_sf.obj
 0001:00019520       mdlInitializeConditions    000000018001a520 f   sfc_mex:sfc_sf.obj
 0001:000195e0       mdlGetSimState             000000018001a5e0 f   sfc_mex:sfc_sf.obj
 0001:000195f0       mdlSetSimState             000000018001a5f0 f   sfc_mex:sfc_sf.obj
 0001:00019600       mdl_ext_mode_exec_processing 000000018001a600 f   sfc_mex:sfc_sf.obj
 0001:00019620       mdlExtModeExec             000000018001a620 f   sfc_mex:sfc_sf.obj
 0001:000197b0       mdlTerminate               000000018001a7b0 f   sfc_mex:sfc_sf.obj
 0001:00019820       mdlRTW                     000000018001a820 f   sfc_mex:sfc_sf.obj
 0001:00019850       mdlSetWorkWidths           000000018001a850 f   sfc_mex:sfc_sf.obj
 0001:00019860       mdlProcessParameters       000000018001a860 f   sfc_mex:sfc_sf.obj
 0001:00019870       mdl_start_processing       000000018001a870 f   sfc_mex:sfc_sf.obj
 0001:000198d0       mdlStart                   000000018001a8d0 f   sfc_mex:sfc_sf.obj
 0001:000199e0       mdlEnable                  000000018001a9e0 f   sfc_mex:sfc_sf.obj
 0001:00019ab0       mdlDisable                 000000018001aab0 f   sfc_mex:sfc_sf.obj
 0001:00019b60       sf_get_chart_instance_ptr  000000018001ab60 f   sfc_mex:sfc_sf.obj
 0001:00019b80       sf_load_rtw_optimization_info 000000018001ab80 f   sfc_mex:sfc_sf.obj
 0001:00019c50       sf_rtw_info_uint_prop      000000018001ac50 f   sfc_mex:sfc_sf.obj
 0001:00019d90       sf_is_chart_inlinable      000000018001ad90 f   sfc_mex:sfc_sf.obj
 0001:00019db0       sf_mark_output_events_with_multiple_callers 000000018001adb0 f   sfc_mex:sfc_sf.obj
 0001:00019f40       sf_mark_chart_reusable_outputs 000000018001af40 f   sfc_mex:sfc_sf.obj
 0001:0001a1a0       sf_mark_chart_expressionable_inputs 000000018001b1a0 f   sfc_mex:sfc_sf.obj
 0001:0001a400       sf_get_subchart_simstruct  000000018001b400 f   sfc_mex:sfc_sf.obj
 0001:0001a450       sf_get_fixpt_data_type_id  000000018001b450 f   sfc_mex:sfc_sf.obj
 0001:0001a490       sf_get_enum_data_type_id   000000018001b490 f   sfc_mex:sfc_sf.obj
 0001:0001a4d0       sf_get_param_data_type_id  000000018001b4d0 f   sfc_mex:sfc_sf.obj
 0001:0001a500       sf_mex_listen_for_ctrl_c_force 000000018001b500 f   sfc_mex:sfc_sf.obj
 0001:0001a610       sf_mex_draw_now            000000018001b610 f   sfc_mex:sfc_sf.obj
 0001:0001a650       sf_mex_set_debugger_sim_status_listener_fcn 000000018001b650 f   sfc_mex:sfc_sf.obj
 0001:0001a660       sf_mex_listen_for_ctrl_c   000000018001b660 f   sfc_mex:sfc_sf.obj
 0001:0001a6f0       sf_mex_get_sfun_param      000000018001b6f0 f   sfc_mex:sfc_sf.obj
 0001:0001a740       sf_get_runtime_param_data  000000018001b740 f   sfc_mex:sfc_sf.obj
 0001:0001a780       sf_call_output_fcn_call    000000018001b780 f   sfc_mex:sfc_sf.obj
 0001:0001a8c0       sf_call_output_fcn_enable  000000018001b8c0 f   sfc_mex:sfc_sf.obj
 0001:0001a950       sf_call_output_fcn_disable 000000018001b950 f   sfc_mex:sfc_sf.obj
 0001:0001a9e0       sf_clear_rtw_identifier    000000018001b9e0 f   sfc_mex:sfc_sf.obj
 0001:0001b1d0       sf_set_encoded_dwork_info  000000018001c1d0 f   sfc_mex:sfc_sf.obj
 0001:0001b220       sf_get_dwork_info_from_mat_file 000000018001c220 f   sfc_mex:sfc_sf.obj
 0001:0001b3e0       sf_set_rtw_dwork_info      000000018001c3e0 f   sfc_mex:sfc_sf.obj
 0001:0001b550       mdlOutputs                 000000018001c550 f   sfc_mex:sfc_sf.obj
 0001:0001b6f0       sf_debug_disp              000000018001c6f0 f   sfc_debug:sfcdebug.obj
 0001:0001b950       sf_debug_data_runtime_size_mismatch_error_check 000000018001c950 f   sfc_debug:sfcdebug.obj
 0001:0001b9f0       sf_debug_try_loading_machine 000000018001c9f0 f   sfc_debug:sfcdebug.obj
 0001:0001baf0       sf_debug_reset_current_state_configuration 000000018001caf0 f   sfc_debug:sfcdebug.obj
 0001:0001bb80       sf_debug_store_current_state_configuration 000000018001cb80 f   sfc_debug:sfcdebug.obj
 0001:0001bc10       sf_debug_restore_previous_state_configuration 000000018001cc10 f   sfc_debug:sfcdebug.obj
 0001:0001bca0       sf_debug_restore_previous_state_configuration2 000000018001cca0 f   sfc_debug:sfcdebug.obj
 0001:0001bd30       sf_debug_get_event_scope   000000018001cd30 f   sfc_debug:sfcdebug.obj
 0001:0001bea0       use_debugger_step_animation 000000018001cea0 f   sfc_debug:sfcdebug.obj
 0001:0001bec0       sf_debug_get_script_id     000000018001cec0 f   sfc_debug:sfcdebug.obj
 0001:0001bf50       sf_debug_set_script_translation 000000018001cf50 f   sfc_debug:sfcdebug.obj
 0001:0001c0d0       sf_debug_extract_message_post_receive_info 000000018001d0d0 f   sfc_debug:sfcdebug.obj
 0001:0001c1d0       sf_debug_get_current_machine_id 000000018001d1d0 f   sfc_debug:sfcdebug.obj
 0001:0001c1f0       sf_debug_get_current_optional_integer 000000018001d1f0 f   sfc_debug:sfcdebug.obj
 0001:0001c200       sf_debug_get_current_machine_number 000000018001d200 f   sfc_debug:sfcdebug.obj
 0001:0001c220       sf_debug_get_current_machine_name 000000018001d220 f   sfc_debug:sfcdebug.obj
 0001:0001c240       sf_debug_get_current_chart_id 000000018001d240 f   sfc_debug:sfcdebug.obj
 0001:0001c290       sf_debug_get_current_chart_number 000000018001d290 f   sfc_debug:sfcdebug.obj
 0001:0001c2a0       sf_debug_get_current_instance_number 000000018001d2a0 f   sfc_debug:sfcdebug.obj
 0001:0001c2b0       sf_debug_get_current_is_minor_time_step 000000018001d2b0 f   sfc_debug:sfcdebug.obj
 0001:0001c330       sf_debug_get_current_object_type 000000018001d330 f   sfc_debug:sfcdebug.obj
 0001:0001c340       sf_debug_get_current_instance_handle 000000018001d340 f   sfc_debug:sfcdebug.obj
 0001:0001c3a0       sf_debug_get_current_event_type 000000018001d3a0 f   sfc_debug:sfcdebug.obj
 0001:0001c3b0       sf_debug_get_current_object_id 000000018001d3b0 f   sfc_debug:sfcdebug.obj
 0001:0001c3f0       sf_debug_get_current_active_event_type 000000018001d3f0 f   sfc_debug:sfcdebug.obj
 0001:0001c400       sf_debug_get_current_active_event_id 000000018001d400 f   sfc_debug:sfcdebug.obj
 0001:0001c440       sf_debug_get_current_tag_type 000000018001d440 f   sfc_debug:sfcdebug.obj
 0001:0001c450       sf_debug_get_current_simulation_time 000000018001d450 f   sfc_debug:sfcdebug.obj
 0001:0001c460       sf_debug_get_current_coverage_percentage 000000018001d460 f   sfc_debug:sfcdebug.obj
 0001:0001c470       sf_debug_current_statement_context 000000018001d470 f   sfc_debug:sfcdebug.obj
 0001:0001c500       sf_debug_get_current_statement_info 000000018001d500 f   sfc_debug:sfcdebug.obj
 0001:0001c680       sf_debug_terminate_instance 000000018001d680 f   sfc_debug:sfcdebug.obj
 0001:0001c9c0       sf_debug_assertion_failed  000000018001d9c0 f   sfc_debug:sfcdebug.obj
 0001:0001cc20       sf_debug_set_number_of_data_with_change_event_for_machine 000000018001dc20 f   sfc_debug:sfcdebug.obj
 0001:0001cc60       sf_debug_set_machine_event_thresholds 000000018001dc60 f   sfc_debug:sfcdebug.obj
 0001:0001cc80       sf_debug_set_machine_event_scope 000000018001dc80 f   sfc_debug:sfcdebug.obj
 0001:0001ccc0       sf_debug_set_machine_data_thresholds 000000018001dcc0 f   sfc_debug:sfcdebug.obj
 0001:0001cd00       sf_debug_set_machine_data_scope 000000018001dd00 f   sfc_debug:sfcdebug.obj
 0001:0001cd90       sf_debug_set_machine_data_name 000000018001dd90 f   sfc_debug:sfcdebug.obj
 0001:0001ce30       sf_debug_set_machine_data_size 000000018001de30 f   sfc_debug:sfcdebug.obj
 0001:0001cf70       sf_debug_set_machine_data_type 000000018001df70 f   sfc_debug:sfcdebug.obj
 0001:0001d0e0       sf_debug_get_chart_data_number 000000018001e0e0 f   sfc_debug:sfcdebug.obj
 0001:0001d100       sf_debug_get_chart_event_number 000000018001e100 f   sfc_debug:sfcdebug.obj
 0001:0001d120       sf_debug_set_chart_state_info 000000018001e120 f   sfc_debug:sfcdebug.obj
 0001:0001d1a0       sf_debug_set_chart_decomposition 000000018001e1a0 f   sfc_debug:sfcdebug.obj
 0001:0001d210       sf_debug_set_chart_substate_count 000000018001e210 f   sfc_debug:sfcdebug.obj
 0001:0001d2f0       sf_debug_set_chart_substate_index 000000018001e2f0 f   sfc_debug:sfcdebug.obj
 0001:0001d360       sf_debug_set_chart_state_substate_count 000000018001e360 f   sfc_debug:sfcdebug.obj
 0001:0001d470       sf_debug_set_chart_state_substate_index 000000018001e470 f   sfc_debug:sfcdebug.obj
 0001:0001d4f0       sf_debug_set_number_of_data_with_change_event_for_chart 000000018001e4f0 f   sfc_debug:sfcdebug.obj
 0001:0001d570       sf_debug_set_number_of_states_with_entry_event_for_chart 000000018001e570 f   sfc_debug:sfcdebug.obj
 0001:0001d5e0       sf_debug_set_number_of_states_with_exit_event_for_chart 000000018001e5e0 f   sfc_debug:sfcdebug.obj
 0001:0001d650       sf_debug_set_chart_disable_implicit_casting 000000018001e650 f   sfc_debug:sfcdebug.obj
 0001:0001d6c0       sf_debug_set_chart_event_thresholds 000000018001e6c0 f   sfc_debug:sfcdebug.obj
 0001:0001d730       sf_debug_set_chart_data_compiled_props 000000018001e730 f   sfc_debug:sfcdebug.obj
 0001:0001da80       sf_debug_set_chart_data_props 000000018001ea80 f   sfc_debug:sfcdebug.obj
 0001:0001dda0       sf_debug_check_fi_license  000000018001eda0 f   sfc_debug:sfcdebug.obj
 0001:0001df90       sf_debug_symbol_scope_push 000000018001ef90 f   sfc_debug:sfcdebug.obj
 0001:0001dfd0       sf_debug_symbol_scope_push_eml 000000018001efd0 f   sfc_debug:sfcdebug.obj
 0001:0001e020       sf_debug_symbol_scope_pop  000000018001f020 f   sfc_debug:sfcdebug.obj
 0001:0001e060       sf_debug_symbol_scope_add_importable 000000018001f060 f   sfc_debug:sfcdebug.obj
 0001:0001e0e0       sf_debug_symbol_scope_add  000000018001f0e0 f   sfc_debug:sfcdebug.obj
 0001:0001e160       sf_debug_symbol_scope_add_dyn_importable 000000018001f160 f   sfc_debug:sfcdebug.obj
 0001:0001e220       sf_debug_symbol_scope_add_dyn 000000018001f220 f   sfc_debug:sfcdebug.obj
 0001:0001e250       sf_debug_symbol_scope_add_eml_importable 000000018001f250 f   sfc_debug:sfcdebug.obj
 0001:0001e290       sf_debug_symbol_scope_add_eml 000000018001f290 f   sfc_debug:sfcdebug.obj
 0001:0001e2d0       sf_debug_symbol_scope_add_eml_dyn_importable 000000018001f2d0 f   sfc_debug:sfcdebug.obj
 0001:0001e340       sf_debug_symbol_scope_add_eml_dyn 000000018001f340 f   sfc_debug:sfcdebug.obj
 0001:0001e3a0       sf_debug_symbol_switch     000000018001f3a0 f   sfc_debug:sfcdebug.obj
 0001:0001e3c0       sf_debug_symbol_scope_add_verbose 000000018001f3c0 f   sfc_debug:sfcdebug.obj
 0001:0001e490       sf_debug_set_machine_data_value_ptr 000000018001f490 f   sfc_debug:sfcdebug.obj
 0001:0001e4d0       sf_debug_set_instance_data_value_ptr 000000018001f4d0 f   sfc_debug:sfcdebug.obj
 0001:0001e590       sf_debug_unset_instance_data_value_ptr 000000018001f590 f   sfc_debug:sfcdebug.obj
 0001:0001e640       sf_debug_set_chart_event_scope 000000018001f640 f   sfc_debug:sfcdebug.obj
 0001:0001e6c0       sf_debug_set_chart_transition_coverage_maps 000000018001f6c0 f   sfc_debug:sfcdebug.obj
 0001:0001e7d0       sf_debug_set_chart_state_coverage_maps 000000018001f7d0 f   sfc_debug:sfcdebug.obj
 0001:0001e8b0       sf_debug_set_instance_transition_coverage_weights 000000018001f8b0 f   sfc_debug:sfcdebug.obj
 0001:0001e950       sf_debug_set_instance_state_coverage_weights 000000018001f950 f   sfc_debug:sfcdebug.obj
 0001:0001eba0       sf_debug_unload_machine    000000018001fba0 f   sfc_debug:sfcdebug.obj
 0001:0001ebf0       sf_debug_load_machine      000000018001fbf0 f   sfc_debug:sfcdebug.obj
 0001:0001ecf0       sf_debug_set_active_instance_in_data_dictionary 000000018001fcf0 f   sfc_debug:sfcdebug.obj
 0001:0001eed0       sf_debug_set_active_instance 000000018001fed0 f   sfc_debug:sfcdebug.obj
 0001:0001f030       sf_debug_chart_visiblity_change 0000000180020030 f   sfc_debug:sfcdebug.obj
 0001:0001f130       sf_debug_select_chart      0000000180020130 f   sfc_debug:sfcdebug.obj
 0001:0001f2a0       sf_debug_set_instance_cv_ids 00000001800202a0 f   sfc_debug:sfcdebug.obj
 0001:0001f5b0       sf_debug_select_charts     00000001800205b0 f   sfc_debug:sfcdebug.obj
 0001:0001f740       sf_debug_initialized       0000000180020740 f   sfc_debug:sfcdebug.obj
 0001:0001f750       sf_debug_is_uninterruptible 0000000180020750 f   sfc_debug:sfcdebug.obj
 0001:0001f780       sf_debug_initialize_debugger_gui 0000000180020780 f   sfc_debug:sfcdebug.obj
 0001:0001fb70       sf_debug_resume            0000000180020b70 f   sfc_debug:sfcdebug.obj
 0001:0001fb90       sf_debug_go                0000000180020b90 f   sfc_debug:sfcdebug.obj
 0001:0001fba0       sf_debug_break             0000000180020ba0 f   sfc_debug:sfcdebug.obj
 0001:0001fbb0       sf_debug_step_over         0000000180020bb0 f   sfc_debug:sfcdebug.obj
 0001:0001fbc0       sf_debug_step_out          0000000180020bc0 f   sfc_debug:sfcdebug.obj
 0001:0001fbd0       sf_debug_set_disable_all_breakpoints 0000000180020bd0 f   sfc_debug:sfcdebug.obj
 0001:0001fbe0       sf_debug_disable_all_breakpoints_and_go 0000000180020be0 f   sfc_debug:sfcdebug.obj
 0001:0001fbf0       sf_debug_break_on_chart_entry 0000000180020bf0 f   sfc_debug:sfcdebug.obj
 0001:0001fc00       sf_debug_break_on_event_broadcast 0000000180020c00 f   sfc_debug:sfcdebug.obj
 0001:0001fc10       sf_debug_break_on_state_entry 0000000180020c10 f   sfc_debug:sfcdebug.obj
 0001:0001fc20       sf_debug_break_between_times 0000000180020c20 f   sfc_debug:sfcdebug.obj
 0001:0001fc40       sf_debug_browse_data       0000000180020c40 f   sfc_debug:sfcdebug.obj
 0001:0001fc60       sf_debug_watch_data        0000000180020c60 f   sfc_debug:sfcdebug.obj
 0001:0001fc80       sf_debug_assign_data       0000000180020c80 f   sfc_debug:sfcdebug.obj
 0001:0001fca0       sf_debug_whos              0000000180020ca0 f   sfc_debug:sfcdebug.obj
 0001:0001fcc0       sf_debug_get_consistency_info 0000000180020cc0 f   sfc_debug:sfcdebug.obj
 0001:0001fcd0       sf_debug_browse_trace      0000000180020cd0 f   sfc_debug:sfcdebug.obj
 0001:0001fce0       sf_debug_set_breakpoints   0000000180020ce0 f   sfc_debug:sfcdebug.obj
 0001:0001fe40       sf_debug_set_eml_breakpoints 0000000180020e40 f   sfc_debug:sfcdebug.obj
 0001:0001ffa0       sf_debug_set_script_breakpoints 0000000180020fa0 f   sfc_debug:sfcdebug.obj
 0001:00020020       sf_debug_add_script_breakpoints 0000000180021020 f   sfc_debug:sfcdebug.obj
 0001:00020090       sf_debug_clear_script_breakpoints 0000000180021090 f   sfc_debug:sfcdebug.obj
 0001:00020100       sf_debug_query_script_breakpoints 0000000180021100 f   sfc_debug:sfcdebug.obj
 0001:000201c0       sf_debug_get_eml_script_id 00000001800211c0 f   sfc_debug:sfcdebug.obj
 0001:00020210       sf_debug_set_watch         0000000180021210 f   sfc_debug:sfcdebug.obj
 0001:00020440       sf_debug_get_instance_handle 0000000180021440 f   sfc_debug:sfcdebug.obj
 0001:000204d0       sf_debug_get_active_states 00000001800214d0 f   sfc_debug:sfcdebug.obj
 0001:000204e0       sf_debug_get_animation     00000001800214e0 f   sfc_debug:sfcdebug.obj
 0001:000204f0       sf_debug_set_animation     00000001800214f0 f   sfc_debug:sfcdebug.obj
 0001:00020500       sf_debug_animate           0000000180021500 f   sfc_debug:sfcdebug.obj
 0001:00020530       sf_debug_cycle_detection_check 0000000180021530 f   sfc_debug:sfcdebug.obj
 0001:00020540       sf_debug_data_range_check  0000000180021540 f   sfc_debug:sfcdebug.obj
 0001:00020550       sf_debug_transition_conflict_check 0000000180021550 f   sfc_debug:sfcdebug.obj
 0001:00020560       sf_debug_state_consistency_check 0000000180021560 f   sfc_debug:sfcdebug.obj
 0001:00020570       sf_debug_data_range_check_enabled 0000000180021570 f   sfc_debug:sfcdebug.obj
 0001:00020590       sf_debug_transition_conflict_check_enabled 0000000180021590 f   sfc_debug:sfcdebug.obj
 0001:000205b0       sf_debug_transition_conflict_check_begin 00000001800215b0 f   sfc_debug:sfcdebug.obj
 0001:000205d0       sf_debug_transition_conflict_check_end 00000001800215d0 f   sfc_debug:sfcdebug.obj
 0001:000205f0       sf_debug_stop_debugging    00000001800215f0 f   sfc_debug:sfcdebug.obj
 0001:00020620       sf_debug_is_cycle_detected 0000000180021620 f   sfc_debug:sfcdebug.obj
 0001:00020630       sf_debug_is_array_bounds_detected 0000000180021630 f   sfc_debug:sfcdebug.obj
 0001:00020640       sf_debug_get_state_vectors_data_size 0000000180021640 f   sfc_debug:sfcdebug.obj
 0001:00020680       sf_debug_get_state_vectors_data 0000000180021680 f   sfc_debug:sfcdebug.obj
 0001:00020780       sf_debug_set_state_vectors_data 0000000180021780 f   sfc_debug:sfcdebug.obj
 0001:00020a40       sf_debug_get_script_index  0000000180021a40 f   sfc_debug:sfcdebug.obj
 0001:00020bd0       sf_debug_add_script        0000000180021bd0 f   sfc_debug:sfcdebug.obj
 0001:00020d60       cv_eval_point              0000000180021d60 f   sfc_debug:sfcdebug.obj
 0001:00020ed0       cv_eval_testobjective      0000000180021ed0 f   sfc_debug:sfcdebug.obj
 0001:00020ff0       sf_debug_cv_init_state     0000000180021ff0 f   sfc_debug:sfcdebug.obj
 0001:00021110       sf_debug_cv_init_chart     0000000180022110 f   sfc_debug:sfcdebug.obj
 0001:000211f0       sf_debug_cv_init_trans     00000001800221f0 f   sfc_debug:sfcdebug.obj
 0001:000212f0       sf_debug_cv_init_testobjectives 00000001800222f0 f   sfc_debug:sfcdebug.obj
 0001:000214d0       cv_eml_init_script         00000001800224d0 f   sfc_debug:sfcdebug.obj
 0001:000215e0       cv_eml_init_fcn            00000001800225e0 f   sfc_debug:sfcdebug.obj
 0001:00021690       cv_eml_init_testobjective  0000000180022690 f   sfc_debug:sfcdebug.obj
 0001:00021760       cv_eml_init_saturation     0000000180022760 f   sfc_debug:sfcdebug.obj
 0001:00021820       cv_eml_init_if             0000000180022820 f   sfc_debug:sfcdebug.obj
 0001:000218f0       cv_eml_init_for            00000001800228f0 f   sfc_debug:sfcdebug.obj
 0001:000219b0       cv_eml_init_while          00000001800229b0 f   sfc_debug:sfcdebug.obj
 0001:00021a70       cv_eml_init_mcdc           0000000180022a70 f   sfc_debug:sfcdebug.obj
 0001:00021b80       cv_eml_init_switch         0000000180022b80 f   sfc_debug:sfcdebug.obj
 0001:00021c70       cv_eml_eval                0000000180022c70 f   sfc_debug:sfcdebug.obj
 0001:00021d50       sf_debug_bm_is_a_eml_breakpoint 0000000180022d50 f   sfc_debug:sfcdebug.obj
 0001:00021ea0       sf_debug_temporal_threshold 0000000180022ea0 f   sfc_debug:sfcdebug.obj
 0001:00022200       sf_debug_transition_conflict_error 0000000180023200 f   sfc_debug:sfcdebug.obj
 0001:00022580       sf_debug_state_inconsistency_error 0000000180023580 f   sfc_debug:sfcdebug.obj
 0001:000226a0       sf_debug_check_for_state_inconsistency 00000001800236a0 f   sfc_debug:sfcdebug.obj
 0001:000226d0       sf_debug_cycle_detecton_error 00000001800236d0 f   sfc_debug:sfcdebug.obj
 0001:00022ea0       sf_debug_size_eq_check_1d  0000000180023ea0 f   sfc_debug:sfcdebug.obj
 0001:00022ec0       sf_debug_size_eq_check_nd  0000000180023ec0 f   sfc_debug:sfcdebug.obj
 0001:000230a0       sf_debug_dim_size_eq_check 00000001800240a0 f   sfc_debug:sfcdebug.obj
 0001:000230d0       sf_debug_dim_size_geq_check 00000001800240d0 f   sfc_debug:sfcdebug.obj
 0001:00023100       sf_debug_sub_assign_size_check_nd 0000000180024100 f   sfc_debug:sfcdebug.obj
 0001:00023340       sf_debug_matrix_matrix_index_check 0000000180024340 f   sfc_debug:sfcdebug.obj
 0001:00023370       sf_debug_vector_vector_index_check 0000000180024370 f   sfc_debug:sfcdebug.obj
 0001:000233a0       sf_debug_for_loop_vector_check 00000001800243a0 f   sfc_debug:sfcdebug.obj
 0001:00023430       sf_debug_runtime_error_msgid 0000000180024430 f   sfc_debug:sfcdebug.obj
 0001:000234c0       sf_debug_data_array_bounds_error_check 00000001800244c0 f   sfc_debug:sfcdebug.obj
 0001:000235d0       sf_debug_eml_data_array_bounds_error_check 00000001800245d0 f   sfc_debug:sfcdebug.obj
 0001:00023ab0       sf_debug_integer_check     0000000180024ab0 f   sfc_debug:sfcdebug.obj
 0001:00023b90       sf_debug_not_nan_check     0000000180024b90 f   sfc_debug:sfcdebug.obj
 0001:00023c50       sf_debug_non_negative_check 0000000180024c50 f   sfc_debug:sfcdebug.obj
 0001:00023d10       sf_debug_overflow_detection 0000000180024d10 f   sfc_debug:sfcdebug.obj
 0001:00024400       sf_debug_cast_to_real32_T  0000000180025400 f   sfc_debug:sfcdebug.obj
 0001:000244c0       sf_debug_cast_to_int8_T    00000001800254c0 f   sfc_debug:sfcdebug.obj
 0001:00024580       sf_debug_cast_to_uint8_T   0000000180025580 f   sfc_debug:sfcdebug.obj
 0001:00024640       sf_debug_cast_to_int16_T   0000000180025640 f   sfc_debug:sfcdebug.obj
 0001:00024700       sf_debug_cast_to_uint16_T  0000000180025700 f   sfc_debug:sfcdebug.obj
 0001:000247c0       sf_debug_cast_to_int32_T   00000001800257c0 f   sfc_debug:sfcdebug.obj
 0001:00024880       sf_debug_cast_to_uint32_T  0000000180025880 f   sfc_debug:sfcdebug.obj
 0001:00024940       sf_debug_data_range_error  0000000180025940 f   sfc_debug:sfcdebug.obj
 0001:00024c90       sf_debug_read_before_write_check 0000000180025c90 f   sfc_debug:sfcdebug.obj
 0001:000250f0       sf_debug_data_range_error_wrapper_min_max 00000001800260f0 f   sfc_debug:sfcdebug.obj
 0001:000251e0       sf_debug_data_range_error_wrapper_min 00000001800261e0 f   sfc_debug:sfcdebug.obj
 0001:000252c0       sf_debug_data_range_error_wrapper_max 00000001800262c0 f   sfc_debug:sfcdebug.obj
 0001:000253a0       sf_debug_data_range_wrapper 00000001800263a0 f   sfc_debug:sfcdebug.obj
 0001:00025450       sf_debug_set_current_status_info 0000000180026450 f   sfc_debug:sfcdebug.obj
 0001:00025800       sf_debug_register_message_post_receive_info 0000000180026800 f   sfc_debug:sfcdebug.obj
 0001:00025a70       sf_debug_call              0000000180026a70 f   sfc_debug:sfcdebug.obj
 0001:000266d0       sf_debug_initialize_machine 00000001800276d0 f   sfc_debug:sfcdebug.obj
 0001:000269e0       sf_debug_initialize_chart  00000001800279e0 f   sfc_debug:sfcdebug.obj
 0001:00026e30       sf_debug_ensure_script     0000000180027e30 f   sfc_debug:sfcdebug.obj
 0001:00026ef0       cv_script_init_script      0000000180027ef0 f   sfc_debug:sfcdebug.obj
 0001:00026fe0       cv_script_init_fcn         0000000180027fe0 f   sfc_debug:sfcdebug.obj
 0001:00027090       cv_script_init_testobjective 0000000180028090 f   sfc_debug:sfcdebug.obj
 0001:00027140       cv_script_init_if          0000000180028140 f   sfc_debug:sfcdebug.obj
 0001:000271f0       cv_script_init_for         00000001800281f0 f   sfc_debug:sfcdebug.obj
 0001:000272a0       cv_script_init_while       00000001800282a0 f   sfc_debug:sfcdebug.obj
 0001:00027350       cv_script_init_mcdc        0000000180028350 f   sfc_debug:sfcdebug.obj
 0001:00027450       cv_script_init_switch      0000000180028450 f   sfc_debug:sfcdebug.obj
 0001:00027530       cv_script_eval             0000000180028530 f   sfc_debug:sfcdebug.obj
 0001:00027610       eml_debug_line_call        0000000180028610 f   sfc_debug:sfcdebug.obj
 0001:000277c0       sf_debug_terminate         00000001800287c0 f   sfc_debug:sfcdebug.obj
 0001:00027930       sf_debug_set_script_cv_ids 0000000180028930 f   sfc_debug:sfcdebug.obj
 0001:00027a60       sf_debug_api               0000000180028a60 f   sfc_debug:sfc_api.obj
 0001:00029110       sf_debug_sm_terminate      000000018002a110 f   sfc_debug:sfdb_animation.obj
 0001:000292d0       sf_debug_reset_path_objects 000000018002a2d0 f   sfc_debug:sfdb_animation.obj
 0001:00029350       sf_debug_sm_reset_object_selection_status 000000018002a350 f   sfc_debug:sfdb_animation.obj
 0001:000293f0       sf_debug_sm_reset_state_buffer 000000018002a3f0 f   sfc_debug:sfdb_animation.obj
 0001:000294c0       sf_debug_sm_store_state_buffer 000000018002a4c0 f   sfc_debug:sfdb_animation.obj
 0001:00029540       sf_debug_sm_restore_state_buffer1 000000018002a540 f   sfc_debug:sfdb_animation.obj
 0001:000295b0       sf_debug_sm_restore_state_buffer2 000000018002a5b0 f   sfc_debug:sfdb_animation.obj
 0001:00029620       sf_debug_sm_chart_active   000000018002a620 f   sfc_debug:sfdb_animation.obj
 0001:00029670       sf_debug_sm_select_active_objects 000000018002a670 f   sfc_debug:sfdb_animation.obj
 0001:00029b60       sf_debug_sm_is_chart_active 000000018002ab60 f   sfc_debug:sfdb_animation.obj
 0001:00029ba0       sf_debug_sm_is_state_active 000000018002aba0 f   sfc_debug:sfdb_animation.obj
 0001:00029de0       sf_debug_sm_get_active_states 000000018002ade0 f   sfc_debug:sfdb_animation.obj
 0001:0002a3a0       sf_debug_sm_initialize_instance 000000018002b3a0 f   sfc_debug:sfdb_animation.obj
 0001:0002a5c0       sf_debug_sm_change_object_selection_status 000000018002b5c0 f   sfc_debug:sfdb_animation.obj
 0001:0002a8d0       cv_create_interface        000000018002b8d0 f   sfc_debug:cv_sfinterface.obj
 0001:0002ac30       cv_init_trans              000000018002bc30 f   sfc_debug:cv_sfinterface.obj
 0001:0002ac80       cv_init_testobjective      000000018002bc80 f   sfc_debug:cv_sfinterface.obj
 0001:0002acc0       cv_init_state              000000018002bcc0 f   sfc_debug:cv_sfinterface.obj
 0001:0002ad30       cv_init_chart              000000018002bd30 f   sfc_debug:cv_sfinterface.obj
 0001:0002ad80       cv_dec_update_call         000000018002bd80 f   sfc_debug:cv_sfinterface.obj
 0001:0002adc0       cv_cond_update_call        000000018002bdc0 f   sfc_debug:cv_sfinterface.obj
 0001:0002ae00       cv_testobjective_update_call 000000018002be00 f   sfc_debug:cv_sfinterface.obj
 0001:0002ae40       cv_sigrange_update         000000018002be40 f   sfc_debug:cv_sfinterface.obj
 0001:0002ae80       cvsf_eml_eval              000000018002be80 f   sfc_debug:cv_sfinterface.obj
 0001:0002af70       cvsf_eml_init_script       000000018002bf70 f   sfc_debug:cv_sfinterface.obj
 0001:0002b000       cvsf_eml_init_fcn          000000018002c000 f   sfc_debug:cv_sfinterface.obj
 0001:0002b060       cvsf_eml_init_testobjective 000000018002c060 f   sfc_debug:cv_sfinterface.obj
 0001:0002b0c0       cvsf_eml_init_saturation   000000018002c0c0 f   sfc_debug:cv_sfinterface.obj
 0001:0002b110       cvsf_eml_init_if           000000018002c110 f   sfc_debug:cv_sfinterface.obj
 0001:0002b170       cvsf_eml_init_for          000000018002c170 f   sfc_debug:cv_sfinterface.obj
 0001:0002b1c0       cvsf_eml_init_while        000000018002c1c0 f   sfc_debug:cv_sfinterface.obj
 0001:0002b210       cvsf_eml_init_mcdc         000000018002c210 f   sfc_debug:cv_sfinterface.obj
 0001:0002b2a0       cvsf_eml_init_switch       000000018002c2a0 f   sfc_debug:cv_sfinterface.obj
 0001:0002b310       cvsf_script_eval           000000018002c310 f   sfc_debug:cv_sfinterface.obj
 0001:0002b400       cvsf_script_init_script    000000018002c400 f   sfc_debug:cv_sfinterface.obj
 0001:0002b490       cvsf_script_init_fcn       000000018002c490 f   sfc_debug:cv_sfinterface.obj
 0001:0002b4f0       cvsf_script_init_testobjective 000000018002c4f0 f   sfc_debug:cv_sfinterface.obj
 0001:0002b550       cvsf_script_init_saturation 000000018002c550 f   sfc_debug:cv_sfinterface.obj
 0001:0002b5a0       cvsf_script_init_if        000000018002c5a0 f   sfc_debug:cv_sfinterface.obj
 0001:0002b600       cvsf_script_init_for       000000018002c600 f   sfc_debug:cv_sfinterface.obj
 0001:0002b650       cvsf_script_init_while     000000018002c650 f   sfc_debug:cv_sfinterface.obj
 0001:0002b6a0       cvsf_script_init_mcdc      000000018002c6a0 f   sfc_debug:cv_sfinterface.obj
 0001:0002b730       cvsf_script_init_switch    000000018002c730 f   sfc_debug:cv_sfinterface.obj
 0001:0002b7a0       cv_destroy_interface       000000018002c7a0 f   sfc_debug:cv_sfinterface.obj
 0001:0002b7c0       cv_create_instance_objects 000000018002c7c0 f   sfc_debug:cv_sfinterface.obj
 0001:0002bc70       cv_is_enabled              000000018002cc70 f   sfc_debug:cv_sfinterface.obj
 0001:0002bc80       sf_debug_cv_initialize_script 000000018002cc80 f   sfc_debug:cv_sfinterface.obj
 0001:0002be30       sf_debug_cv_initialize_instance 000000018002ce30 f   sfc_debug:cv_sfinterface.obj
 0001:0002c1d0       sf_debug_cv_terminate_chart 000000018002d1d0 f   sfc_debug:cv_sfinterface.obj
 0001:0002c310       cv_call_trans_test         000000018002d310 f   sfc_debug:cv_sfinterface.obj
 0001:0002c320       cv_call_sub_cond_test      000000018002d320 f   sfc_debug:cv_sfinterface.obj
 0001:0002c360       sf_debug_st_initialize_machine 000000018002d360 f   sfc_debug:sfdb_data_browse.obj
 0001:0002c420       sf_debug_st_initialize_instance 000000018002d420 f   sfc_debug:sfdb_data_browse.obj
 0001:0002c650       sf_debug_st_terminate      000000018002d650 f   sfc_debug:sfdb_data_browse.obj
 0001:0002c9f0       sf_debug_st_set_data_value_ptr_in_machine 000000018002d9f0 f   sfc_debug:sfdb_data_browse.obj
 0001:0002ca80       sf_debug_st_set_data_value_ptr_in_instance 000000018002da80 f   sfc_debug:sfdb_data_browse.obj
 0001:0002cb60       sf_debug_st_unset_data_value_ptr_in_machine 000000018002db60 f   sfc_debug:sfdb_data_browse.obj
 0001:0002cbd0       sf_debug_st_unset_data_value_ptr_in_instance 000000018002dbd0 f   sfc_debug:sfdb_data_browse.obj
 0001:0002cee0       sf_debug_mx_value          000000018002dee0 f   sfc_debug:sfdb_data_browse.obj
 0001:0002cf40       sf_debug_mx_packed_vector  000000018002df40 f   sfc_debug:sfdb_data_browse.obj
 0001:0002d020       sf_debug_mx_uint_vector    000000018002e020 f   sfc_debug:sfdb_data_browse.obj
 0001:0002d0e0       sf_debug_st_get_double_value_from_void_ptr_vector 000000018002e0e0 f   sfc_debug:sfdb_data_browse.obj
 0001:0002dbd0       sf_debug_st_browse_data    000000018002ebd0 f   sfc_debug:sfdb_data_browse.obj
 0001:0002e460       sf_debug_hm_initialize_instance 000000018002f460 f   sfc_debug:sfdb_handle_management.obj
 0001:0002e990       sf_debug_hm_get_object_id  000000018002f990 f   sfc_debug:sfdb_handle_management.obj
 0001:0002f540       sf_debug_hm_update_chart_visibility 0000000180030540 f   sfc_debug:sfdb_handle_management.obj
 0001:00030820       sf_debug_object_is_eml_function 0000000180031820 f   sfc_debug:sfdb_handle_management.obj
 0001:00030890       sf_debug_hm_initialize_ids_in_machine 0000000180031890 f   sfc_debug:sfdb_handle_management.obj
 0001:00030a00       sf_debug_hm_initialize_ids_in_chart 0000000180031a00 f   sfc_debug:sfdb_handle_management.obj
 0001:00030b00       sf_debug_hm_initialize_chart 0000000180031b00 f   sfc_debug:sfdb_handle_management.obj
 0001:000312a0       sf_debug_hm_terminate      00000001800322a0 f   sfc_debug:sfdb_handle_management.obj
 0001:00031300       sf_debug_hm_initialize_machine 0000000180032300 f   sfc_debug:sfdb_handle_management.obj
 0001:00031ab0       sf_debug_ss_initialize     0000000180032ab0 f   sfc_debug:sfdb_symbol_scope.obj
 0001:00031ad0       sf_debug_ss_terminate      0000000180032ad0 f   sfc_debug:sfdb_symbol_scope.obj
 0001:00031b60       sf_debug_ss_push_symbol_scope 0000000180032b60 f   sfc_debug:sfdb_symbol_scope.obj
 0001:00031c60       sf_debug_ss_push_symbol_scope_eml 0000000180032c60 f   sfc_debug:sfdb_symbol_scope.obj
 0001:00031cc0       sf_debug_ss_pop_symbol_scope 0000000180032cc0 f   sfc_debug:sfdb_symbol_scope.obj
 0001:00031d70       sf_debug_ss_add_symbol     0000000180032d70 f   sfc_debug:sfdb_symbol_scope.obj
 0001:00031ed0       sf_debug_ss_add_symbol_eml 0000000180032ed0 f   sfc_debug:sfdb_symbol_scope.obj
 0001:00032bf0       sf_debug_ss_set_data_value 0000000180033bf0 f   sfc_debug:sfdb_symbol_scope.obj
 0001:000330c0       getInstanceNumber          00000001800340c0 f   sfc_debug:sfdb_symbol_scope.obj
 0001:00033190       sf_debug_ss_watch_data     0000000180034190 f   sfc_debug:sfdb_symbol_scope.obj
 0001:00033330       sf_debug_ss_assign_data    0000000180034330 f   sfc_debug:sfdb_symbol_scope.obj
 0001:00033d50       get_data_entry_name        0000000180034d50 f   sfc_debug:sfdb_symbol_scope.obj
 0001:00033da0       sf_debug_ss_whos           0000000180034da0 f   sfc_debug:sfdb_symbol_scope.obj
 0001:000344c0       sf_debug_cc_initialize_chart 00000001800354c0 f   sfc_debug:sfdb_coverage.obj
 0001:00034eb0       sf_debug_cc_initialize_instance 0000000180035eb0 f   sfc_debug:sfdb_coverage.obj
 0001:00035cc0       sf_debug_cc_terminate      0000000180036cc0 f   sfc_debug:sfdb_coverage.obj
 0001:00035db0       sf_debug_cc_set_transition_maps 0000000180036db0 f   sfc_debug:sfdb_coverage.obj
 0001:00035ee0       sf_debug_cc_set_state_maps 0000000180036ee0 f   sfc_debug:sfdb_coverage.obj
 0001:00035fc0       sf_debug_cc_set_transition_weights 0000000180036fc0 f   sfc_debug:sfdb_coverage.obj
 0001:00036290       sf_debug_cc_set_state_weights 0000000180037290 f   sfc_debug:sfdb_coverage.obj
 0001:00036560       sf_debug_cc_mark_transition_guard 0000000180037560 f   sfc_debug:sfdb_coverage.obj
 0001:000365f0       sf_debug_cc_mark_transition_trigger 00000001800375f0 f   sfc_debug:sfdb_coverage.obj
 0001:00036680       sf_debug_cc_mark_transition_decision 0000000180037680 f   sfc_debug:sfdb_coverage.obj
 0001:000366f0       sf_debug_cc_mark_transition_condition_action 00000001800376f0 f   sfc_debug:sfdb_coverage.obj
 0001:00036740       sf_debug_cc_mark_transition_transition_action 0000000180037740 f   sfc_debug:sfdb_coverage.obj
 0001:00036790       sf_debug_cc_mark_state_entry 0000000180037790 f   sfc_debug:sfdb_coverage.obj
 0001:000367e0       sf_debug_cc_mark_state_during 00000001800377e0 f   sfc_debug:sfdb_coverage.obj
 0001:00036830       sf_debug_cc_mark_state_exit 0000000180037830 f   sfc_debug:sfdb_coverage.obj
 0001:00036880       sf_debug_bm_clear_script_breakpoints 0000000180037880 f   sfc_debug:sfdb_breakpoints.obj
 0001:000368b0       sf_debug_bm_set_script_breakpoint 00000001800378b0 f   sfc_debug:sfdb_breakpoints.obj
 0001:00036930       sf_debug_bm_clear_single_script_breakpoint 0000000180037930 f   sfc_debug:sfdb_breakpoints.obj
 0001:000369b0       sf_debug_bm_query_script_breakpoint 00000001800379b0 f   sfc_debug:sfdb_breakpoints.obj
 0001:00036a00       sf_debug_bm_initialize_scripts 0000000180037a00 f   sfc_debug:sfdb_breakpoints.obj
 0001:00037120       sf_debug_bm_terminate      0000000180038120 f   sfc_debug:sfdb_breakpoints.obj
 0001:00037410       sf_debug_bm_remove_all_breakpoints_in_machine 0000000180038410 f   sfc_debug:sfdb_breakpoints.obj
 0001:00037480       sf_debug_bm_remove_all_breakpoints_in_chart 0000000180038480 f   sfc_debug:sfdb_breakpoints.obj
 0001:000375d0       sf_debug_bm_initialize_global_breakpoints 00000001800385d0 f   sfc_debug:sfdb_breakpoints.obj
 0001:00037750       sf_debug_bm_set_breakpoint 0000000180038750 f   sfc_debug:sfdb_breakpoints.obj
 0001:00037d50       sf_debug_bm_set_eml_breakpoint 0000000180038d50 f   sfc_debug:sfdb_breakpoints.obj
 0001:00037df0       sf_debug_bm_initialize_machine_breakpoint_map 0000000180038df0 f   sfc_debug:sfdb_breakpoints.obj
 0001:00038210       sf_debug_bm_is_a_breakpoint 0000000180039210 f   sfc_debug:sfdb_breakpoints.obj
 0001:000387f0       sf_debug_bm_get_all_breakpoints_in_machine 00000001800397f0 f   sfc_debug:sfdb_breakpoints.obj
 0001:00038af0       sf_debug_bm_get_all_breakpoints_in_chart 0000000180039af0 f   sfc_debug:sfdb_breakpoints.obj
 0001:000397b0       sf_debug_bm_initialize_machine 000000018003a7b0 f   sfc_debug:sfdb_breakpoints.obj
 0001:00039880       sf_debug_bm_initialize_chart 000000018003a880 f   sfc_debug:sfdb_breakpoints.obj
 0001:00039ca0       sf_debug_sc_terminate      000000018003aca0 f   sfc_debug:sfdb_state_consistency.obj
 0001:00039fd0       sf_debug_sc_is_chart_consistent 000000018003afd0 f   sfc_debug:sfdb_state_consistency.obj
 0001:0003a280       sf_debug_sc_get_consistency_error_info 000000018003b280 f   sfc_debug:sfdb_state_consistency.obj
 0001:0003a6d0       sf_debug_tm_terminate      000000018003b6d0 f   sfc_debug:sfdb_call_stack.obj
 0001:0003a790       sf_debug_tm_push_chart_instance 000000018003b790 f   sfc_debug:sfdb_call_stack.obj
 0001:0003a8e0       sf_debug_tm_pop_chart_instance 000000018003b8e0 f   sfc_debug:sfdb_call_stack.obj
 0001:0003a940       sf_debug_tm_push_trace_node 000000018003b940 f   sfc_debug:sfdb_call_stack.obj
 0001:0003aad0       sf_debug_tm_pop_trace_node 000000018003bad0 f   sfc_debug:sfdb_call_stack.obj
 0001:0003ab50       sf_debug_tm_get_current_global_trace_index 000000018003bb50 f   sfc_debug:sfdb_call_stack.obj
 0001:0003ab60       sf_debug_tm_get_current_local_trace_index 000000018003bb60 f   sfc_debug:sfdb_call_stack.obj
 0001:0003ab90       sf_debug_tm_set_cycle_detected_flag 000000018003bb90 f   sfc_debug:sfdb_call_stack.obj
 0001:0003abd0       sf_debug_tm_set_cycle_started_flag 000000018003bbd0 f   sfc_debug:sfdb_call_stack.obj
 0001:0003ac10       sf_debug_tm_get_chart_number_from_stack 000000018003bc10 f   sfc_debug:sfdb_call_stack.obj
 0001:0003ae10       sf_debug_tm_browse_trace   000000018003be10 f   sfc_debug:sfdb_call_stack.obj
 0001:0003b150       sf_debug_cd_initialize_instance 000000018003c150 f   sfc_debug:sfdb_cycle_detection.obj
 0001:0003b400       sf_debug_cd_mark_processed_transition_in_instance 000000018003c400 f   sfc_debug:sfdb_cycle_detection.obj
 0001:0003b4a0       sf_debug_cd_checksum_push  000000018003c4a0 f   sfc_debug:sfdb_cycle_detection.obj
 0001:0003b760       sf_debug_cd_checksum_pop   000000018003c760 f   sfc_debug:sfdb_cycle_detection.obj
 0001:0003b7d0       sf_debug_cd_turn_off_cycle_detection 000000018003c7d0 f   sfc_debug:sfdb_cycle_detection.obj
 0001:0003b820       sf_debug_cd_terminate      000000018003c820 f   sfc_debug:sfdb_cycle_detection.obj
 0001:0003ba60       md5_initialize_state       000000018003ca60 f   sfc_debug:ckmd5.obj
 0001:0003c4d0       md5_update_state           000000018003d4d0 f   sfc_debug:ckmd5.obj
 0001:0003c4f0       md5_get_hash               000000018003d4f0 f   sfc_debug:ckmd5.obj
 0001:0003c520       md5_get_hash_for_a_single_string 000000018003d520 f   sfc_debug:ckmd5.obj
 0001:0003c584       mxGetPr                    000000018003d584 f   libmx:libmx.dll
 0001:0003c58a       mxCreateDoubleScalar       000000018003d58a f   libmx:libmx.dll
 0001:0003c590       mxCreateDoubleMatrix_730   000000018003d590 f   libmx:libmx.dll
 0001:0003c596       mxSetField_730             000000018003d596 f   libmx:libmx.dll
 0001:0003c59c       mxCreateString             000000018003d59c f   libmx:libmx.dll
 0001:0003c5a2       mxCreateStructMatrix_730   000000018003d5a2 f   libmx:libmx.dll
 0001:0003c5a8       mxDestroyArray             000000018003d5a8 f   libmx:libmx.dll
 0001:0003c5ae       mxDuplicateArray           000000018003d5ae f   libmx:libmx.dll
 0001:0003c5b4       mxGetString_730            000000018003d5b4 f   libmx:libmx.dll
 0001:0003c5ba       mxIsChar                   000000018003d5ba f   libmx:libmx.dll
 0001:0003c5c0       mxGetClassID               000000018003d5c0 f   libmx:libmx.dll
 0001:0003c5c6       mxIsNumeric                000000018003d5c6 f   libmx:libmx.dll
 0001:0003c5cc       mxIsComplex                000000018003d5cc f   libmx:libmx.dll
 0001:0003c5d2       mxGetN                     000000018003d5d2 f   libmx:libmx.dll
 0001:0003c5d8       mxGetM                     000000018003d5d8 f   libmx:libmx.dll
 0001:0003c5de       mxCalloc                   000000018003d5de f   libmx:libmx.dll
 0001:0003c5e4       mxGetScalar                000000018003d5e4 f   libmx:libmx.dll
 0001:0003c5ea       mxIsLogical                000000018003d5ea f   libmx:libmx.dll
 0001:0003c5f0       mxCreateDoubleMatrix_700   000000018003d5f0 f   libmx:libmx.dll
 0001:0003c5f6       mxFree                     000000018003d5f6 f   libmx:libmx.dll
 0001:0003c5fc       mxArrayToString            000000018003d5fc f   libmx:libmx.dll
 0001:0003c602       mxCreateCellMatrix_700     000000018003d602 f   libmx:libmx.dll
 0001:0003c608       mxSetCell_700              000000018003d608 f   libmx:libmx.dll
 0001:0003c60e       mxGetCell_700              000000018003d60e f   libmx:libmx.dll
 0001:0003c614       mxGetClassName             000000018003d614 f   libmx:libmx.dll
 0001:0003c61a       mxSetField_700             000000018003d61a f   libmx:libmx.dll
 0001:0003c620       mxAddField                 000000018003d620 f   libmx:libmx.dll
 0001:0003c626       mxGetField_700             000000018003d626 f   libmx:libmx.dll
 0001:0003c62c       mxGetNumberOfElements      000000018003d62c f   libmx:libmx.dll
 0001:0003c632       mxIsStruct                 000000018003d632 f   libmx:libmx.dll
 0001:0003c638       mxIsA                      000000018003d638 f   libmx:libmx.dll
 0001:0003c63e       mxIsClass                  000000018003d63e f   libmx:libmx.dll
 0001:0003c644       mxGetLogicals              000000018003d644 f   libmx:libmx.dll
 0001:0003c64a       mxIsSparse                 000000018003d64a f   libmx:libmx.dll
 0001:0003c650       mxSetFieldByNumber_700     000000018003d650 f   libmx:libmx.dll
 0001:0003c656       mxGetFieldByNumber_700     000000018003d656 f   libmx:libmx.dll
 0001:0003c65c       mxGetFieldNameByNumber     000000018003d65c f   libmx:libmx.dll
 0001:0003c662       mxGetNumberOfFields        000000018003d662 f   libmx:libmx.dll
 0001:0003c668       mxCreateStructMatrix_700   000000018003d668 f   libmx:libmx.dll
 0001:0003c66e       mxGetFieldNumber           000000018003d66e f   libmx:libmx.dll
 0001:0003c674       mxIsNaN                    000000018003d674 f   libmx:libmx.dll
 0001:0003c67a       mxIsEmpty                  000000018003d67a f   libmx:libmx.dll
 0001:0003c680       mxGetData                  000000018003d680 f   libmx:libmx.dll
 0001:0003c686       mxGetImagData              000000018003d686 f   libmx:libmx.dll
 0001:0003c68c       mxArrayClassIDName         000000018003d68c f   libmx:libmx.dll
 0001:0003c692       mxCreateNumericMatrix_700  000000018003d692 f   libmx:libmx.dll
 0001:0003c698       mxCreateStructArray_700    000000018003d698 f   libmx:libmx.dll
 0001:0003c69e       mxCalcSingleSubscript_700  000000018003d69e f   libmx:libmx.dll
 0001:0003c6a4       mxGetDimensions_700        000000018003d6a4 f   libmx:libmx.dll
 0001:0003c6aa       mxGetNumberOfDimensions_700 000000018003d6aa f   libmx:libmx.dll
 0001:0003c6b0       mxCreateNumericArray_700   000000018003d6b0 f   libmx:libmx.dll
 0001:0003c6b6       mxGetElementSize           000000018003d6b6 f   libmx:libmx.dll
 0001:0003c6bc       mxCreateStringFromNChars_700 000000018003d6bc f   libmx:libmx.dll
 0001:0003c6c2       mxGetString_700            000000018003d6c2 f   libmx:libmx.dll
 0001:0003c6c8       mxIsLogicalScalarTrue      000000018003d6c8 f   libmx:libmx.dll
 0001:0003c6ce       mxCreateLogicalScalar      000000018003d6ce f   libmx:libmx.dll
 0001:0003c6d4       mexUnlock                  000000018003d6d4 f   libmex:libmex.dll
 0001:0003c6da       mexIsLocked                000000018003d6da f   libmex:libmex.dll
 0001:0003c6e0       mexWarnMsgTxt              000000018003d6e0 f   libmex:libmex.dll
 0001:0003c6e6       mexCallMATLAB              000000018003d6e6 f   libmex:libmex.dll
 0001:0003c6ec       mexErrMsgTxt               000000018003d6ec f   libmex:libmex.dll
 0001:0003c6f2       mexMakeArrayPersistent     000000018003d6f2 f   libmex:libmex.dll
 0001:0003c6f8       mexSetTrapFlag             000000018003d6f8 f   libmex:libmex.dll
 0001:0003c6fe       mexPutVariable             000000018003d6fe f   libmex:libmex.dll
 0001:0003c704       mexGetVariable             000000018003d704 f   libmex:libmex.dll
 0001:0003c70a       mexLock                    000000018003d70a f   libmex:libmex.dll
 0001:0003c710       mexMakeMemoryPersistent    000000018003d710 f   libmex:libmex.dll
 0001:0003c716       mexFunctionName            000000018003d716 f   libmex:libmex.dll
 0001:0003c71c       ssRegisterDataTypeFxpFSlopeFixExpBias 000000018003d71c f   libfixedpoint:libfixedpoint.dll
 0001:0003c722       utVSNprintf                000000018003d722 f   libut:libut.dll
 0001:0003c728       utCPUtime                  000000018003d728 f   libut:libut.dll
 0001:0003c72e       utFree                     000000018003d72e f   libut:libut.dll
 0001:0003c734       utMalloc                   000000018003d734 f   libut:libut.dll
 0001:0003c73a       muDoubleScalarAtan         000000018003d73a f   libmwmathutil:libmwmathutil.dll
 0001:0003c740       muDoubleScalarSign         000000018003d740 f   libmwmathutil:libmwmathutil.dll
 0001:0003c746       muDoubleScalarSqrt         000000018003d746 f   libmwmathutil:libmwmathutil.dll
 0001:0003c74c       muDoubleScalarAbs          000000018003d74c f   libmwmathutil:libmwmathutil.dll
 0001:0003c752       muDoubleScalarSin          000000018003d752 f   libmwmathutil:libmwmathutil.dll
 0001:0003c758       muDoubleScalarCos          000000018003d758 f   libmwmathutil:libmwmathutil.dll
 0001:0003c75e       muDoubleScalarPower        000000018003d75e f   libmwmathutil:libmwmathutil.dll
 0001:0003c764       emlrtCreateRootTLS         000000018003d764 f   libemlrt:libemlrt.dll
 0001:0003c76a       emlrtDestroyRootTLS        000000018003d76a f   libemlrt:libemlrt.dll
 0001:0003c770       emlrtCheckBuiltInR2012b    000000018003d770 f   libemlrt:libemlrt.dll
 0001:0003c776       emlrtCheckVsBuiltInR2012b  000000018003d776 f   libemlrt:libemlrt.dll
 0001:0003c77c       emlrtCheckEnumR2012b       000000018003d77c f   libemlrt:libemlrt.dll
 0001:0003c782       emlrtCreateEnumR2012b      000000018003d782 f   libemlrt:libemlrt.dll
 0001:0003c788       emlrtGetEnumElementR2009a  000000018003d788 f   libemlrt:libemlrt.dll
 0001:0003c78e       emlrtCreateReference       000000018003d78e f   libemlrt:libemlrt.dll
 0001:0003c794       emlrtImportVsFiArrayR2009b 000000018003d794 f   libemlrt:libemlrt.dll
 0001:0003c79a       emlrtNameCapturePostProcessR2012a 000000018003d79a f   libemlrt:libemlrt.dll
 0001:0003c7a0       emlrtExtractMessageId      000000018003d7a0 f   libemlrt:libemlrt.dll
 0001:0003c7a6       emlrtTranslateMessageIDtoLCPstring 000000018003d7a6 f   libemlrt:libemlrt.dll
 0001:0003c7ac       emlrtForLoopVectorIsValidR2011b 000000018003d7ac f   libemlrt:libemlrt.dll
 0001:0003c7b2       emlrtTranslateUTF16MessagetoLCPstring 000000018003d7b2 f   libemlrt:libemlrt.dll
 0001:0003c7b8       emlrtGetEnumUnderlyingArrayR2009a 000000018003d7b8 f   libemlrt:libemlrt.dll
 0001:0003c7be       emlrtIsEnumR2009a          000000018003d7be f   libemlrt:libemlrt.dll
 0001:0003c7c4       __GSHandlerCheckCommon     000000018003d7c4 f   MSVCRT:gshandler.obj
 0001:0003c828       __GSHandlerCheck           000000018003d828 f   MSVCRT:gshandler.obj
 0001:0003c846       strlen                     000000018003d846 f   MSVCRT:MSVCR100.dll
 0001:0003c860       __security_check_cookie    000000018003d860 f   MSVCRT:amdsecgs.obj
 0001:0003c880       memset                     000000018003d880 f   MSVCRT:MSVCR100.dll
 0001:0003c886       malloc                     000000018003d886 f   MSVCRT:MSVCR100.dll
 0001:0003c88c       free                       000000018003d88c f   MSVCRT:MSVCR100.dll
 0001:0003c892       strcmp                     000000018003d892 f   MSVCRT:MSVCR100.dll
 0001:0003c898       sprintf                    000000018003d898 f   MSVCRT:MSVCR100.dll
 0001:0003c89e       strcat                     000000018003d89e f   MSVCRT:MSVCR100.dll
 0001:0003c8a4       memcpy                     000000018003d8a4 f   MSVCRT:MSVCR100.dll
 0001:0003c8ac       NtCurrentTeb               000000018003d8ac f i MSVCRT:crtdll.obj
 0001:0003c918       _CRT_INIT                  000000018003d918 f   MSVCRT:crtdll.obj
 0001:0003ccb0       _DllMainCRTStartup         000000018003dcb0 f   MSVCRT:crtdll.obj
 0001:0003ccee       strncpy                    000000018003dcee f   MSVCRT:MSVCR100.dll
 0001:0003cd10       _alloca_probe              000000018003dd10     MSVCRT:chkstk.obj
 0001:0003cd10       __chkstk                   000000018003dd10 f   MSVCRT:chkstk.obj
 0001:0003cd5e       longjmp                    000000018003dd5e f   MSVCRT:MSVCR100.dll
 0001:0003cd64       strncmp                    000000018003dd64 f   MSVCRT:MSVCR100.dll
 0001:0003cd6a       ceil                       000000018003dd6a f   MSVCRT:MSVCR100.dll
 0001:0003cd70       strrchr                    000000018003dd70 f   MSVCRT:MSVCR100.dll
 0001:0003cd76       _setjmp                    000000018003dd76 f   MSVCRT:MSVCR100.dll
 0001:0003cd7c       calloc                     000000018003dd7c f   MSVCRT:MSVCR100.dll
 0001:0003cd82       realloc                    000000018003dd82 f   MSVCRT:MSVCR100.dll
 0001:0003cd88       ldexp                      000000018003dd88 f   MSVCRT:MSVCR100.dll
 0001:0003cd90       __report_gsfailure         000000018003dd90 f   MSVCRT:gs_report.obj
 0001:0003cedc       __clean_type_info_names    000000018003dedc f   MSVCRT:tncleanup.obj
 0001:0003cee8       _onexit                    000000018003dee8 f   MSVCRT:atonexit.obj
 0001:0003cf98       atexit                     000000018003df98 f   MSVCRT:atonexit.obj
 0001:0003cfb0       _RTC_Initialize            000000018003dfb0 f   MSVCRT:_initsect_.obj
 0001:0003cfe8       _RTC_Terminate             000000018003dfe8 f   MSVCRT:_initsect_.obj
 0001:0003d020       _malloc_crt                000000018003e020 f   MSVCRT:MSVCR100.dll
 0001:0003d030       _ValidateImageBase         000000018003e030 f   MSVCRT:pesect.obj
 0001:0003d060       _FindPESection             000000018003e060 f   MSVCRT:pesect.obj
 0001:0003d0b0       _IsNonwritableInCurrentImage 000000018003e0b0 f   MSVCRT:pesect.obj
 0001:0003d0f2       _initterm                  000000018003e0f2 f   MSVCRT:MSVCR100.dll
 0001:0003d0f8       _initterm_e                000000018003e0f8 f   MSVCRT:MSVCR100.dll
 0001:0003d0fe       _encoded_null              000000018003e0fe f   MSVCRT:MSVCR100.dll
 0001:0003d104       _amsg_exit                 000000018003e104 f   MSVCRT:MSVCR100.dll
 0001:0003d10a       __C_specific_handler       000000018003e10a f   MSVCRT:MSVCR100.dll
 0001:0003d110       __CppXcptFilter            000000018003e110 f   MSVCRT:MSVCR100.dll
 0001:0003d118       DllMain                    000000018003e118 f   MSVCRT:dllmain.obj
 0001:0003d13c       __security_init_cookie     000000018003e13c f   MSVCRT:gs_support.obj
 0001:0003d1f0       __crt_debugger_hook        000000018003e1f0 f   MSVCRT:MSVCR100.dll
 0001:0003d1f6       __clean_type_info_names_internal 000000018003e1f6 f   MSVCRT:MSVCR100.dll
 0001:0003d1fc       _unlock                    000000018003e1fc f   MSVCRT:MSVCR100.dll
 0001:0003d202       __dllonexit                000000018003e202 f   MSVCRT:MSVCR100.dll
 0001:0003d208       _lock                      000000018003e208 f   MSVCRT:MSVCR100.dll
 0001:0003d20e       EncodePointer              000000018003e20e f   kernel32:KERNEL32.dll
 0001:0003d214       DecodePointer              000000018003e214 f   kernel32:KERNEL32.dll
 0001:0003d21a       Sleep                      000000018003e21a f   kernel32:KERNEL32.dll
 0001:0003d220       TerminateProcess           000000018003e220 f   kernel32:KERNEL32.dll
 0001:0003d226       GetCurrentProcess          000000018003e226 f   kernel32:KERNEL32.dll
 0001:0003d22c       UnhandledExceptionFilter   000000018003e22c f   kernel32:KERNEL32.dll
 0001:0003d232       SetUnhandledExceptionFilter 000000018003e232 f   kernel32:KERNEL32.dll
 0001:0003d238       IsDebuggerPresent          000000018003e238 f   kernel32:KERNEL32.dll
 0001:0003d23e       RtlVirtualUnwind           000000018003e23e f   kernel32:KERNEL32.dll
 0001:0003d244       RtlLookupFunctionEntry     000000018003e244 f   kernel32:KERNEL32.dll
 0001:0003d24a       RtlCaptureContext          000000018003e24a f   kernel32:KERNEL32.dll
 0001:0003d250       DisableThreadLibraryCalls  000000018003e250 f   kernel32:KERNEL32.dll
 0001:0003d256       QueryPerformanceCounter    000000018003e256 f   kernel32:KERNEL32.dll
 0001:0003d25c       GetTickCount               000000018003e25c f   kernel32:KERNEL32.dll
 0001:0003d262       GetCurrentThreadId         000000018003e262 f   kernel32:KERNEL32.dll
 0001:0003d268       GetCurrentProcessId        000000018003e268 f   kernel32:KERNEL32.dll
 0001:0003d26e       GetSystemTimeAsFileTime    000000018003e26e f   kernel32:KERNEL32.dll
 0002:00000000       __imp_DisableThreadLibraryCalls 000000018003f000     kernel32:KERNEL32.dll
 0002:00000008       __imp_RtlCaptureContext    000000018003f008     kernel32:KERNEL32.dll
 0002:00000010       __imp_RtlLookupFunctionEntry 000000018003f010     kernel32:KERNEL32.dll
 0002:00000018       __imp_RtlVirtualUnwind     000000018003f018     kernel32:KERNEL32.dll
 0002:00000020       __imp_IsDebuggerPresent    000000018003f020     kernel32:KERNEL32.dll
 0002:00000028       __imp_SetUnhandledExceptionFilter 000000018003f028     kernel32:KERNEL32.dll
 0002:00000030       __imp_UnhandledExceptionFilter 000000018003f030     kernel32:KERNEL32.dll
 0002:00000038       __imp_GetCurrentProcess    000000018003f038     kernel32:KERNEL32.dll
 0002:00000040       __imp_TerminateProcess     000000018003f040     kernel32:KERNEL32.dll
 0002:00000048       __imp_Sleep                000000018003f048     kernel32:KERNEL32.dll
 0002:00000050       __imp_DecodePointer        000000018003f050     kernel32:KERNEL32.dll
 0002:00000058       __imp_EncodePointer        000000018003f058     kernel32:KERNEL32.dll
 0002:00000060       __imp_GetTickCount         000000018003f060     kernel32:KERNEL32.dll
 0002:00000068       __imp_GetCurrentThreadId   000000018003f068     kernel32:KERNEL32.dll
 0002:00000070       __imp_GetCurrentProcessId  000000018003f070     kernel32:KERNEL32.dll
 0002:00000078       __imp_GetSystemTimeAsFileTime 000000018003f078     kernel32:KERNEL32.dll
 0002:00000080       __imp_QueryPerformanceCounter 000000018003f080     kernel32:KERNEL32.dll
 0002:00000088       \177KERNEL32_NULL_THUNK_DATA 000000018003f088     kernel32:KERNEL32.dll
 0002:00000090       __imp__onexit              000000018003f090     MSVCRT:MSVCR100.dll
 0002:00000098       __imp__lock                000000018003f098     MSVCRT:MSVCR100.dll
 0002:000000a0       __imp___dllonexit          000000018003f0a0     MSVCRT:MSVCR100.dll
 0002:000000a8       __imp__unlock              000000018003f0a8     MSVCRT:MSVCR100.dll
 0002:000000b0       __imp___clean_type_info_names_internal 000000018003f0b0     MSVCRT:MSVCR100.dll
 0002:000000b8       __imp___crt_debugger_hook  000000018003f0b8     MSVCRT:MSVCR100.dll
 0002:000000c0       __imp___CppXcptFilter      000000018003f0c0     MSVCRT:MSVCR100.dll
 0002:000000c8       __imp___C_specific_handler 000000018003f0c8     MSVCRT:MSVCR100.dll
 0002:000000d0       __imp__amsg_exit           000000018003f0d0     MSVCRT:MSVCR100.dll
 0002:000000d8       __imp__encoded_null        000000018003f0d8     MSVCRT:MSVCR100.dll
 0002:000000e0       __imp__initterm_e          000000018003f0e0     MSVCRT:MSVCR100.dll
 0002:000000e8       __imp__initterm            000000018003f0e8     MSVCRT:MSVCR100.dll
 0002:000000f0       __imp__malloc_crt          000000018003f0f0     MSVCRT:MSVCR100.dll
 0002:000000f8       __imp_ldexp                000000018003f0f8     MSVCRT:MSVCR100.dll
 0002:00000100       __imp_realloc              000000018003f100     MSVCRT:MSVCR100.dll
 0002:00000108       __imp_calloc               000000018003f108     MSVCRT:MSVCR100.dll
 0002:00000110       __imp__setjmp              000000018003f110     MSVCRT:MSVCR100.dll
 0002:00000118       __imp_strrchr              000000018003f118     MSVCRT:MSVCR100.dll
 0002:00000120       __imp_ceil                 000000018003f120     MSVCRT:MSVCR100.dll
 0002:00000128       __imp_strncmp              000000018003f128     MSVCRT:MSVCR100.dll
 0002:00000130       __imp_longjmp              000000018003f130     MSVCRT:MSVCR100.dll
 0002:00000138       __imp_strncpy              000000018003f138     MSVCRT:MSVCR100.dll
 0002:00000140       __imp_memcpy               000000018003f140     MSVCRT:MSVCR100.dll
 0002:00000148       __imp_strcat               000000018003f148     MSVCRT:MSVCR100.dll
 0002:00000150       __imp_sprintf              000000018003f150     MSVCRT:MSVCR100.dll
 0002:00000158       __imp_strcmp               000000018003f158     MSVCRT:MSVCR100.dll
 0002:00000160       __imp_free                 000000018003f160     MSVCRT:MSVCR100.dll
 0002:00000168       __imp_malloc               000000018003f168     MSVCRT:MSVCR100.dll
 0002:00000170       __imp_memset               000000018003f170     MSVCRT:MSVCR100.dll
 0002:00000178       __imp_strlen               000000018003f178     MSVCRT:MSVCR100.dll
 0002:00000180       \177MSVCR100_NULL_THUNK_DATA 000000018003f180     MSVCRT:MSVCR100.dll
 0002:00000188       __imp_emlrtIsEnumR2009a    000000018003f188     libemlrt:libemlrt.dll
 0002:00000190       __imp_emlrtGetEnumUnderlyingArrayR2009a 000000018003f190     libemlrt:libemlrt.dll
 0002:00000198       __imp_emlrtTranslateUTF16MessagetoLCPstring 000000018003f198     libemlrt:libemlrt.dll
 0002:000001a0       __imp_emlrtForLoopVectorIsValidR2011b 000000018003f1a0     libemlrt:libemlrt.dll
 0002:000001a8       __imp_emlrtTranslateMessageIDtoLCPstring 000000018003f1a8     libemlrt:libemlrt.dll
 0002:000001b0       __imp_emlrtExtractMessageId 000000018003f1b0     libemlrt:libemlrt.dll
 0002:000001b8       __imp_emlrtNameCapturePostProcessR2012a 000000018003f1b8     libemlrt:libemlrt.dll
 0002:000001c0       __imp_emlrtCheckBuiltInR2012b 000000018003f1c0     libemlrt:libemlrt.dll
 0002:000001c8       __imp_emlrtDestroyRootTLS  000000018003f1c8     libemlrt:libemlrt.dll
 0002:000001d0       __imp_emlrtCreateRootTLS   000000018003f1d0     libemlrt:libemlrt.dll
 0002:000001d8       __imp_emlrtCheckEnumR2012b 000000018003f1d8     libemlrt:libemlrt.dll
 0002:000001e0       __imp_emlrtCreateEnumR2012b 000000018003f1e0     libemlrt:libemlrt.dll
 0002:000001e8       __imp_emlrtGetEnumElementR2009a 000000018003f1e8     libemlrt:libemlrt.dll
 0002:000001f0       __imp_emlrtCreateReference 000000018003f1f0     libemlrt:libemlrt.dll
 0002:000001f8       __imp_emlrtImportVsFiArrayR2009b 000000018003f1f8     libemlrt:libemlrt.dll
 0002:00000200       __imp_emlrtCheckVsBuiltInR2012b 000000018003f200     libemlrt:libemlrt.dll
 0002:00000208       \177libemlrt_NULL_THUNK_DATA 000000018003f208     libemlrt:libemlrt.dll
 0002:00000210       __imp_ssRegisterDataTypeFxpFSlopeFixExpBias 000000018003f210     libfixedpoint:libfixedpoint.dll
 0002:00000218       \177libfixedpoint_NULL_THUNK_DATA 000000018003f218     libfixedpoint:libfixedpoint.dll
 0002:00000220       __imp_mexFunctionName      000000018003f220     libmex:libmex.dll
 0002:00000228       __imp_mexMakeMemoryPersistent 000000018003f228     libmex:libmex.dll
 0002:00000230       __imp_mexLock              000000018003f230     libmex:libmex.dll
 0002:00000238       __imp_mexPutVariable       000000018003f238     libmex:libmex.dll
 0002:00000240       __imp_mexSetTrapFlag       000000018003f240     libmex:libmex.dll
 0002:00000248       __imp_mexMakeArrayPersistent 000000018003f248     libmex:libmex.dll
 0002:00000250       __imp_mexErrMsgTxt         000000018003f250     libmex:libmex.dll
[...]
 0001:00013f70       check_array_dimensions     0000000180014f70 f   sfc_mex:sfc_mex.obj
 0001:00013fe0       check_input_mxarray        0000000180014fe0 f   sfc_mex:sfc_mex.obj
 0001:00014720       sf_numeric_value_to_double 0000000180015720 f   sfc_mex:sfc_mex.obj
 0001:00014770       ml_generic_out_of_bounds_check 0000000180015770 f   sfc_mex:sfc_mex.obj
 0001:00014940       ml_get_element_value_from_array 0000000180015940 f   sfc_mex:sfc_mex.obj
 0001:00014ce0       _ml_generic_castability_check 0000000180015ce0 f   sfc_mex:sfc_mex.obj
 0001:00015a40       ml_generic_castability_check 0000000180016a40 f   sfc_mex:sfc_mex.obj
 0001:00015ae0       ml_check_mx_array_for_single_castability 0000000180016ae0 f   sfc_mex:sfc_mex.obj
 0001:00015b80       ml_check_mx_array_for_logical_castability 0000000180016b80 f   sfc_mex:sfc_mex.obj
 0001:00015c20       ml_check_mx_array_for_int8_castability 0000000180016c20 f   sfc_mex:sfc_mex.obj
 0001:00015cd0       ml_check_mx_array_for_uint8_castability 0000000180016cd0 f   sfc_mex:sfc_mex.obj
 0001:00015d30       ml_check_mx_array_for_int16_castability 0000000180016d30 f   sfc_mex:sfc_mex.obj
 0001:00015d90       ml_check_mx_array_for_uint16_castability 0000000180016d90 f   sfc_mex:sfc_mex.obj
 0001:00015df0       ml_check_mx_array_for_int32_castability 0000000180016df0 f   sfc_mex:sfc_mex.obj
 0001:00015e50       ml_check_mx_array_for_uint32_castability 0000000180016e50 f   sfc_mex:sfc_mex.obj
 0001:00015eb0       ml_check_mx_array_for_castability 0000000180016eb0 f   sfc_mex:sfc_mex.obj
 0001:000167e0       set_data_value             00000001800177e0 f   sfc_mex:sfc_mex.obj
 0001:00016b50       get_data_value             0000000180017b50 f   sfc_mex:sfc_mex.obj
 0001:00016c60       get_next_element_address   0000000180017c60 f   sfc_mex:sfc_mex.obj
 0001:00016d30       sf_normalize_index         0000000180017d30 f   sfc_mex:sfc_mex.obj
 0001:000170c0       ml_array_index_bound_check 00000001800180c0 f   sfc_mex:sfc_mex.obj
 0001:00017be0       mx_value                   0000000180018be0 f   sfc_mex:sfc_mex.obj
 0001:00017c30       sf_create_numeric_array    0000000180018c30 f   sfc_mex:sfc_mex.obj
 0001:00017cd0       sf_mex_assign_to_mx_array  0000000180018cd0 f   sfc_mex:sfc_mex.obj
 0001:00018020       assign_from_mx_array       0000000180019020 f   sfc_mex:sfc_mex.obj
 0001:00018850       sf_mex_import_v            0000000180019850 f   sfc_mex:sfc_mex.obj
 0001:00018f50       get_machine_and_chart_file_number 0000000180019f50 f   sfc_mex:sfc_sf.obj
 0001:00019040       get_sfun_block_specialization 000000018001a040 f   sfc_mex:sfc_sf.obj
 0001:000190f0       call_sf_machine_global_method_dispatcher 000000018001a0f0 f   sfc_mex:sfc_sf.obj
 0001:00019340       mdl_zeroCrossings_processing 000000018001a340 f   sfc_mex:sfc_sf.obj
 0001:00019410       mdl_derivatives_processing 000000018001a410 f   sfc_mex:sfc_sf.obj
 0001:000196d0       mdl_outputs_continuous_legacy 000000018001a6d0 f   sfc_mex:sfc_sf.obj
 0001:00019750       mdl_outputs_processing     000000018001a750 f   sfc_mex:sfc_sf.obj
 0001:000199c0       mdl_enable_processing      000000018001a9c0 f   sfc_mex:sfc_sf.obj
 0001:00019a90       mdl_disable_processing     000000018001aa90 f   sfc_mex:sfc_sf.obj
 0001:0001a800       sf_call_output_fcn_enable_disable 000000018001b800 f   sfc_mex:sfc_sf.obj
 0001:0001aa80       set_dwork_information_from_mx_array 000000018001ba80 f   sfc_mex:sfc_sf.obj
 0001:0001b340       ptr2mxStruct               000000018001c340 f   sfc_mex:sfc_sf.obj
 0001:0001b650       SNPRINTF_WRAPPER           000000018001c650 f   sfc_debug:sfcdebug.obj
 0001:0001b670       sf_debug_chart_instance_initialized_quick 000000018001c670 f   sfc_debug:sfcdebug.obj
 0001:0001b680       sf_debug_chart_instance_initialized 000000018001c680 f   sfc_debug:sfcdebug.obj
 0001:0001b820       sfrtAddSize                000000018001c820 f   sfc_debug:sfcdebug.obj
 0001:0001b8e0       sfrtGenSizeString          000000018001c8e0 f   sfc_debug:sfcdebug.obj
 0001:0001bff0       fill_single_message_info   000000018001cff0 f   sfc_debug:sfcdebug.obj
 0001:0001c1b0       sf_debug_sim_status_listener 000000018001d1b0 f   sfc_debug:sfcdebug.obj
 0001:0001c720       sf_debug_form_mask_bits    000000018001d720 f   sfc_debug:sfcdebug.obj
 0001:0001c760       sf_debug_form_sf_data_type_offsets 000000018001d760 f   sfc_debug:sfcdebug.obj
 0001:0001c820       sf_debug_free_all          000000018001d820 f   sfc_debug:sfcdebug.obj
 0001:0001c9d0       sf_debug_append_debugger_context 000000018001d9d0 f   sfc_debug:sfcdebug.obj
 0001:0001cb70       sf_debug_update_always_honor_breakpoints 000000018001db70 f   sfc_debug:sfcdebug.obj
 0001:0001cd40       local_strdup               000000018001dd40 f   sfc_debug:sfcdebug.obj
 0001:0001dc20       sf_debug_em_terminate      000000018001ec20 f   sfc_debug:sfcdebug.obj
 0001:0001dc60       sf_debug_push_eml_function 000000018001ec60 f   sfc_debug:sfcdebug.obj
 0001:0001dd00       sf_debug_pop_eml_function  000000018001ed00 f   sfc_debug:sfcdebug.obj
 0001:0001ea00       sf_debug_get_machine_number_from_id_or_name 000000018001fa00 f   sfc_debug:sfcdebug.obj
 0001:0001eb50       sf_debug_get_chart_number_from_id 000000018001fb50 f   sfc_debug:sfcdebug.obj
 0001:0001f8f0       sf_debug_transfer_control_to_debugger_GUI 00000001800208f0 f   sfc_debug:sfcdebug.obj
 0001:00020880       sf_debug_scripts_rehash    0000000180021880 f   sfc_debug:sfcdebug.obj
 0001:00020ac0       sf_debug_get_script_line_count 0000000180021ac0 f   sfc_debug:sfcdebug.obj
 0001:000213f0       cv_eml_state_cvId          00000001800223f0 f   sfc_debug:sfcdebug.obj
 0001:00021460       cv_eml_trans_cvId          0000000180022460 f   sfc_debug:sfcdebug.obj
 0001:000227f0       sf_debug_data_array_bounds_error 00000001800237f0 f   sfc_debug:sfcdebug.obj
 0001:00022c20       eml_debug_runtime_error_doclink 0000000180023c20 f   sfc_debug:sfcdebug.obj
 0001:00022d80       sf_debug_runtime_error     0000000180023d80 f   sfc_debug:sfcdebug.obj
 0001:00022df0       sf_debug_matlab_error      0000000180023df0 f   sfc_debug:sfcdebug.obj
 0001:00023730       sf_debug_data_value_error  0000000180024730 f   sfc_debug:sfcdebug.obj
 0001:00024030       sf_debug_data_loss_error   0000000180025030 f   sfc_debug:sfcdebug.obj
 0001:00024fc0       call_cv_range_check        0000000180025fc0 f   sfc_debug:sfcdebug.obj
 0001:00025790       sf_debug_invoke_cycle_detection_code 0000000180026790 f   sfc_debug:sfcdebug.obj
 0001:00026610       sf_reset_debug_info_struct 0000000180027610 f   sfc_debug:sfcdebug.obj
 0001:00026e70       cv_script_cvId             0000000180027e70 f   sfc_debug:sfcdebug.obj
 0001:00027bd0       sfc_api_chart_visible      0000000180028bd0 f   sfc_debug:sfc_api.obj
 0001:00027c50       sfc_api_active_instance    0000000180028c50 f   sfc_debug:sfc_api.obj
 0001:00027cd0       sfc_api_machine_load       0000000180028cd0 f   sfc_debug:sfc_api.obj
 0001:00027da0       sfc_api_debugger_alive     0000000180028da0 f   sfc_debug:sfc_api.obj
 0001:00027db0       sfc_api_go                 0000000180028db0 f   sfc_debug:sfc_api.obj
 0001:00027dc0       sfc_api_step_over          0000000180028dc0 f   sfc_debug:sfc_api.obj
 0001:00027dd0       sfc_api_step_out           0000000180028dd0 f   sfc_debug:sfc_api.obj
 0001:00027de0       sfc_api_resume             0000000180028de0 f   sfc_debug:sfc_api.obj
 0001:00027df0       sfc_api_break              0000000180028df0 f   sfc_debug:sfc_api.obj
 0001:00027e00       sfc_api_stop_debugging     0000000180028e00 f   sfc_debug:sfc_api.obj
 0001:00027e50       sfc_api_is_cycle_detected  0000000180028e50 f   sfc_debug:sfc_api.obj
 0001:00027ea0       sfc_api_is_array_bounds_detected 0000000180028ea0 f   sfc_debug:sfc_api.obj
 0001:00027ef0       sfc_api_set_disable_all_breakpoints 0000000180028ef0 f   sfc_debug:sfc_api.obj
 0001:00027f60       sfc_api_disable_all_breakpoints_and_go 0000000180028f60 f   sfc_debug:sfc_api.obj
 0001:00027f70       sfc_api_close              0000000180028f70 f   sfc_debug:sfc_api.obj
 0001:00027f80       sfc_api_browse_data        0000000180028f80 f   sfc_debug:sfc_api.obj
 0001:00027ff0       sfc_api_watch_data         0000000180028ff0 f   sfc_debug:sfc_api.obj
 0001:000280f0       sfc_api_extract_message_post_receive_info 00000001800290f0 f   sfc_debug:sfc_api.obj
 0001:00028110       sfc_api_assign_data        0000000180029110 f   sfc_debug:sfc_api.obj
 0001:000281b0       sfc_api_whos               00000001800291b0 f   sfc_debug:sfc_api.obj
 0001:00028240       sfc_api_get_consistency_info 0000000180029240 f   sfc_debug:sfc_api.obj
 0001:00028250       sfc_api_browse_trace       0000000180029250 f   sfc_debug:sfc_api.obj
 0001:00028260       sfc_api_break_on_chart_entry 0000000180029260 f   sfc_debug:sfc_api.obj
 0001:00028280       sfc_api_break_on_event_broadcast 0000000180029280 f   sfc_debug:sfc_api.obj
 0001:000282a0       sfc_api_break_on_state_entry 00000001800292a0 f   sfc_debug:sfc_api.obj
 0001:000282c0       sfc_api_set_watch          00000001800292c0 f   sfc_debug:sfc_api.obj
 0001:00028360       sfc_api_set_breakpoints    0000000180029360 f   sfc_debug:sfc_api.obj
 0001:00028400       sfc_api_set_eml_breakpoints 0000000180029400 f   sfc_debug:sfc_api.obj
 0001:00028480       sfc_api_set_script_breakpoints 0000000180029480 f   sfc_debug:sfc_api.obj
 0001:000284d0       sfc_api_add_script_breakpoints 00000001800294d0 f   sfc_debug:sfc_api.obj
 0001:00028520       sfc_api_clear_script_breakpoints 0000000180029520 f   sfc_debug:sfc_api.obj
 0001:00028570       sfc_api_query_script_breakpoints 0000000180029570 f   sfc_debug:sfc_api.obj
 0001:000285d0       sfc_api_get_script_id      00000001800295d0 f   sfc_debug:sfc_api.obj
 0001:00028690       sfc_api_get_active_states  0000000180029690 f   sfc_debug:sfc_api.obj
 0001:00028710       sfc_api_break_between_times 0000000180029710 f   sfc_debug:sfc_api.obj
 0001:00028770       sfc_api_get_instance_handle 0000000180029770 f   sfc_debug:sfc_api.obj
 0001:00028820       sfc_api_set_animation      0000000180029820 f   sfc_debug:sfc_api.obj
 0001:00028870       sfc_api_select_chart       0000000180029870 f   sfc_debug:sfc_api.obj
 0001:000288d0       sfc_api_select_charts      00000001800298d0 f   sfc_debug:sfc_api.obj
 0001:00028900       sfc_api_cycle_detection_check 0000000180029900 f   sfc_debug:sfc_api.obj
 0001:00028950       sfc_api_data_range_check   0000000180029950 f   sfc_debug:sfc_api.obj
 0001:000289a0       sfc_api_transition_conflict_check 00000001800299a0 f   sfc_debug:sfc_api.obj
 0001:000289f0       sfc_api_state_consistency_check 00000001800299f0 f   sfc_debug:sfc_api.obj
 0001:00028a40       sfc_api_set_instance_cv_ids 0000000180029a40 f   sfc_debug:sfc_api.obj
 0001:00028b50       sfc_api_set_script_cv_ids  0000000180029b50 f   sfc_debug:sfc_api.obj
 0001:00028c00       sfc_api_get_current_machine_id 0000000180029c00 f   sfc_debug:sfc_api.obj
 0001:00028c30       sfc_api_get_current_machine_number 0000000180029c30 f   sfc_debug:sfc_api.obj
 0001:00028c60       sfc_api_get_current_chart_number 0000000180029c60 f   sfc_debug:sfc_api.obj
 0001:00028c90       sfc_api_get_current_instance_number 0000000180029c90 f   sfc_debug:sfc_api.obj
 0001:00028cc0       sfc_api_get_current_instance_handle 0000000180029cc0 f   sfc_debug:sfc_api.obj
 0001:00028ce0       sfc_api_get_current_is_minor_time_step 0000000180029ce0 f   sfc_debug:sfc_api.obj
 0001:00028d10       sfc_api_get_current_machine_name 0000000180029d10 f   sfc_debug:sfc_api.obj
 0001:00028d30       sfc_api_get_current_chart_id 0000000180029d30 f   sfc_debug:sfc_api.obj
 0001:00028d60       sfc_api_get_current_object_type 0000000180029d60 f   sfc_debug:sfc_api.obj
 0001:00028d90       sfc_api_get_current_event_type 0000000180029d90 f   sfc_debug:sfc_api.obj
 0001:00028dc0       sfc_api_get_current_object_id 0000000180029dc0 f   sfc_debug:sfc_api.obj
 0001:00028df0       sfc_get_current_active_event_type 0000000180029df0 f   sfc_debug:sfc_api.obj
 0001:00028e20       sfc_api_get_current_active_event_id 0000000180029e20 f   sfc_debug:sfc_api.obj
 0001:00028e50       sfc_api_get_current_simulation_time 0000000180029e50 f   sfc_debug:sfc_api.obj
 0001:00028e70       sfc_get_current_tag_type   0000000180029e70 f   sfc_debug:sfc_api.obj
 0001:00028ea0       sfc_get_current_coverage_percentage 0000000180029ea0 f   sfc_debug:sfc_api.obj
 0001:00028ec0       sfc_get_current_statement_context 0000000180029ec0 f   sfc_debug:sfc_api.obj
 0001:00028ee0       sfc_get_current_optional_integer 0000000180029ee0 f   sfc_debug:sfc_api.obj
 0001:00028f10       sfc_get_current_statement_info 0000000180029f10 f   sfc_debug:sfc_api.obj
 0001:00028fb0       sfc_api_get                0000000180029fb0 f   sfc_debug:sfc_api.obj
 0001:00029c20       sf_debug_sm_fill_state_activity_data 000000018002ac20 f   sfc_debug:sfdb_animation.obj
 0001:0002c520       void_ptr_stack_vector_free_total 000000018002d520 f   sfc_debug:sfdb_data_browse.obj
 0001:0002c5b0       sf_debug_st_terminate_machine 000000018002d5b0 f   sfc_debug:sfdb_data_browse.obj
 0001:0002c5f0       sf_debug_st_terminate_instance 000000018002d5f0 f   sfc_debug:sfdb_data_browse.obj
 0001:0002c9a0       push_on_to_void_ptr_stack  000000018002d9a0 f   sfc_debug:sfdb_data_browse.obj
 0001:0002cb30       pop_from_void_ptr_stack    000000018002db30 f   sfc_debug:sfdb_data_browse.obj
 0001:0002cc60       sf_debug_st_get_data_value 000000018002dc60 f   sfc_debug:sfdb_data_browse.obj
 0001:0002d1f0       mx_value                   000000018002e1f0 f   sfc_debug:sfdb_data_browse.obj
 0001:0002d230       sf_debug_st_fill_data_struct 000000018002e230 f   sfc_debug:sfdb_data_browse.obj
 0001:0002d570       data_type_format_strings   000000018002e570 f   sfc_debug:sfdb_data_browse.obj
 0001:0002d620       sf_debug_st_fill_data      000000018002e620 f   sfc_debug:sfdb_data_browse.obj
 0001:0002e370       sf_debug_hm_get_simulink_handle 000000018002f370 f   sfc_debug:sfdb_handle_management.obj
 0001:0002ee70       sf_debug_hm_initialize_globals 000000018002fe70 f   sfc_debug:sfdb_handle_management.obj
 0001:0002ef70       sf_debug_hm_get_machine_debug_flag 000000018002ff70 f   sfc_debug:sfdb_handle_management.obj
 0001:0002f0e0       sf_debug_hm_get_machine_id 00000001800300e0 f   sfc_debug:sfdb_handle_management.obj
 0001:0002f200       sf_debug_hm_get_chart_id   0000000180030200 f   sfc_debug:sfdb_handle_management.obj
 0001:0002f3a0       sf_debug_hm_register_executing_SFunction 00000001800303a0 f   sfc_debug:sfdb_handle_management.obj
 0001:0002f730       sf_debug_hm_form_object_boolean_properties 0000000180030730 f   sfc_debug:sfdb_handle_management.obj
 0001:0002fa00       sf_debug_hm_form_object_properties 0000000180030a00 f   sfc_debug:sfdb_handle_management.obj
 0001:0002fc40       sf_debug_hm_terminate_charts 0000000180030c40 f   sfc_debug:sfdb_handle_management.obj
 0001:000303a0       sf_debug_hm_terminate_machines 00000001800313a0 f   sfc_debug:sfdb_handle_management.obj
 0001:00031fa0       sf_debug_ss_copy_dimension 0000000180032fa0 f   sfc_debug:sfdb_symbol_scope.obj
 0001:00032060       sf_debug_ss_get_number_elements 0000000180033060 f   sfc_debug:sfdb_symbol_scope.obj
 0001:00032080       sf_debug_ss_fill_data_struct 0000000180033080 f   sfc_debug:sfdb_symbol_scope.obj
 0001:000323d0       sf_debug_ss_reset_data_info 00000001800333d0 f   sfc_debug:sfdb_symbol_scope.obj
 0001:00032430       sf_debug_fill_data_info_by_symbol_scope_entry 0000000180033430 f   sfc_debug:sfdb_symbol_scope.obj
 0001:000324f0       sf_debug_fill_data_info_by_data_vector 00000001800334f0 f   sfc_debug:sfdb_symbol_scope.obj
 0001:00032740       get_data_info_helper       0000000180033740 f   sfc_debug:sfdb_symbol_scope.obj
 0001:00032840       sf_debug_ss_get_data_info  0000000180033840 f   sfc_debug:sfdb_symbol_scope.obj
 0001:00032a70       sf_debug_select_mex_function 0000000180033a70 f   sfc_debug:sfdb_symbol_scope.obj
 0001:00032aa0       sf_debug_is_dyn_matrix_initialized 0000000180033aa0 f   sfc_debug:sfdb_symbol_scope.obj
 0001:00032ac0       sf_debug_ss_set_data_value_try 0000000180033ac0 f   sfc_debug:sfdb_symbol_scope.obj
 0001:00032c90       sf_debug_ss_get_data_value 0000000180033c90 f   sfc_debug:sfdb_symbol_scope.obj
 0001:00033400       sf_debug_ss_data_bytes_string 0000000180034400 f   sfc_debug:sfdb_symbol_scope.obj
 0001:000334b0       sf_debug_ss_data_class_string 00000001800344b0 f   sfc_debug:sfdb_symbol_scope.obj
 0001:00033840       sf_debug_ss_data_size_string 0000000180034840 f   sfc_debug:sfdb_symbol_scope.obj
 0001:00033920       sf_debug_ss_data_create_data_info_struct 0000000180034920 f   sfc_debug:sfdb_symbol_scope.obj
 0001:00033bf0       sf_debug_ss_data_create_name_value_pair 0000000180034bf0 f   sfc_debug:sfdb_symbol_scope.obj
 0001:00033c90       sf_debug_ss_data_get_whos_info 0000000180034c90 f   sfc_debug:sfdb_symbol_scope.obj
 0001:00033ca0       same_named_data_in_data_array 0000000180034ca0 f   sfc_debug:sfdb_symbol_scope.obj
 0001:00035530       sf_debug_cc_terminate_chart 0000000180036530 f   sfc_debug:sfdb_coverage.obj
 0001:000358d0       sf_debug_cc_terminate_instance 00000001800368d0 f   sfc_debug:sfdb_coverage.obj
 0001:000364c0       sf_debug_cc_mark_object_if_needed 00000001800374c0 f   sfc_debug:sfdb_coverage.obj
 0001:00036dc0       sf_debug_bm_initialize_eml 0000000180037dc0 f   sfc_debug:sfdb_breakpoints.obj
 0001:00037f00       sf_debug_bm_map_debug_tag_to_breakpoint_tag 0000000180038f00 f   sfc_debug:sfdb_breakpoints.obj
 0001:00037fe0       sf_debug_bm_is_a_eml_breakpoint_impl 0000000180038fe0 f   sfc_debug:sfdb_breakpoints.obj
 0001:00039b20       sf_debug_sc_push_on_error_stack 000000018003ab20 f   sfc_debug:sfdb_state_consistency.obj
 0001:00039c50       sf_debug_sc_reset_error_stack 000000018003ac50 f   sfc_debug:sfdb_state_consistency.obj
 0001:00039de0       sf_debug_sc_is_state_inconsistent 000000018003ade0 f   sfc_debug:sfdb_state_consistency.obj
 0001:0003a0e0       sf_debug_sc_fill_consistency_info 000000018003b0e0 f   sfc_debug:sfdb_state_consistency.obj
 0001:0003a6c0       void_assertion_fcn         000000018003b6c0 f   sfc_debug:sfdb_call_stack.obj
 0001:0003ac40       sf_debug_tm_fill_local_trace 000000018003bc40 f   sfc_debug:sfdb_call_stack.obj
 0001:0003b210       sf_debug_cd_terminate_instance 000000018003c210 f   sfc_debug:sfdb_cycle_detection.obj
 0001:0003b270       sf_debug_cd_free_checksum_stack 000000018003c270 f   sfc_debug:sfdb_cycle_detection.obj
 0001:0003b2c0       sf_debug_cd_reset_pack_strings 000000018003c2c0 f   sfc_debug:sfdb_cycle_detection.obj
 0001:0003b980       md5file_clear              000000018003c980 f   sfc_debug:ckmd5.obj
 0001:0003b9b0       Encode                     000000018003c9b0 f   sfc_debug:ckmd5.obj
 0001:0003ba00       Decode                     000000018003ca00 f   sfc_debug:ckmd5.obj
 0001:0003baa0       MD5Transform               000000018003caa0 f   sfc_debug:ckmd5.obj
 0001:0003c2f0       md5file_addn               000000018003d2f0 f   sfc_debug:ckmd5.obj
 0001:0003c3c0       md5file_hash               000000018003d3c0 f   sfc_debug:ckmd5.obj
 0001:0003c8b8       pre_c_init                 000000018003d8b8 f   MSVCRT:crtdll.obj
 0001:0003cb74       __DllMainCRTStartup        000000018003db74 f   MSVCRT:crtdll.obj
 0001:0003d280       __DllMainCRTStartup$filt$0 000000018003e280 f   MSVCRT:crtdll.obj
 0001:0003d2b0       __DllMainCRTStartup$fin$1  000000018003e2b0 f   MSVCRT:crtdll.obj
 0001:0003d2ca       _onexit$fin$0              000000018003e2ca f   MSVCRT:atonexit.obj
 0001:0003d2f0       _IsNonwritableInCurrentImage$filt$0 000000018003e2f0 f   MSVCRT:pesect.obj
